ARM GAS  C:\Users\YBOURA~1\AppData\Local\Temp\ccU0kJCa.s 			page 1


   1              		.cpu cortex-m0
   2              		.fpu softvfp
   3              		.eabi_attribute 20, 1
   4              		.eabi_attribute 21, 1
   5              		.eabi_attribute 23, 3
   6              		.eabi_attribute 24, 1
   7              		.eabi_attribute 25, 1
   8              		.eabi_attribute 26, 1
   9              		.eabi_attribute 30, 6
  10              		.eabi_attribute 34, 0
  11              		.eabi_attribute 18, 4
  12              		.code	16
  13              		.file	"Cm0Start.c"
  14              		.text
  15              	.Ltext0:
  16              		.cfi_sections	.debug_frame
  17              		.section	.noinit,"aw",%progbits
  18              		.align	2
  19              		.type	cySysNoInitDataValid, %object
  20              		.size	cySysNoInitDataValid, 4
  21              	cySysNoInitDataValid:
  22 0000 00000000 		.space	4
  23              		.section	.text.IntDefaultHandler,"ax",%progbits
  24              		.align	2
  25              		.global	IntDefaultHandler
  26              		.code	16
  27              		.thumb_func
  28              		.type	IntDefaultHandler, %function
  29              	IntDefaultHandler:
  30              	.LFB2:
  31              		.file 1 ".\\Generated_Source\\PSoC4\\Cm0Start.c"
   1:.\Generated_Source\PSoC4/Cm0Start.c **** /*******************************************************************************
   2:.\Generated_Source\PSoC4/Cm0Start.c **** * File Name: Cm0Start.c
   3:.\Generated_Source\PSoC4/Cm0Start.c **** * Version 5.20
   4:.\Generated_Source\PSoC4/Cm0Start.c **** *
   5:.\Generated_Source\PSoC4/Cm0Start.c **** *  Description:
   6:.\Generated_Source\PSoC4/Cm0Start.c **** *  Startup code for the ARM CM0.
   7:.\Generated_Source\PSoC4/Cm0Start.c **** *
   8:.\Generated_Source\PSoC4/Cm0Start.c **** ********************************************************************************
   9:.\Generated_Source\PSoC4/Cm0Start.c **** * Copyright 2010-2015, Cypress Semiconductor Corporation.  All rights reserved.
  10:.\Generated_Source\PSoC4/Cm0Start.c **** * You may use this file only in accordance with the license, terms, conditions,
  11:.\Generated_Source\PSoC4/Cm0Start.c **** * disclaimers, and limitations in the end user license agreement accompanying
  12:.\Generated_Source\PSoC4/Cm0Start.c **** * the software package with which this file was provided.
  13:.\Generated_Source\PSoC4/Cm0Start.c **** *******************************************************************************/
  14:.\Generated_Source\PSoC4/Cm0Start.c **** 
  15:.\Generated_Source\PSoC4/Cm0Start.c **** #include <limits.h>
  16:.\Generated_Source\PSoC4/Cm0Start.c **** #include "cydevice_trm.h"
  17:.\Generated_Source\PSoC4/Cm0Start.c **** #include "cytypes.h"
  18:.\Generated_Source\PSoC4/Cm0Start.c **** #include "cyfitter_cfg.h"
  19:.\Generated_Source\PSoC4/Cm0Start.c **** #include "CyLib.h"
  20:.\Generated_Source\PSoC4/Cm0Start.c **** #include "cyfitter.h"
  21:.\Generated_Source\PSoC4/Cm0Start.c **** 
  22:.\Generated_Source\PSoC4/Cm0Start.c **** 
  23:.\Generated_Source\PSoC4/Cm0Start.c **** #define CY_NUM_VECTORS              (CY_INT_IRQ_BASE + CY_NUM_INTERRUPTS)
  24:.\Generated_Source\PSoC4/Cm0Start.c **** #define CY_CPUSS_CONFIG_VECT_IN_RAM (( uint32 ) 0x01)
  25:.\Generated_Source\PSoC4/Cm0Start.c **** 
  26:.\Generated_Source\PSoC4/Cm0Start.c **** /* CPUSS Configuration register */
ARM GAS  C:\Users\YBOURA~1\AppData\Local\Temp\ccU0kJCa.s 			page 2


  27:.\Generated_Source\PSoC4/Cm0Start.c **** #define CY_CPUSS_CONFIG_REG         (*(reg32 *) CYREG_CPUSS_CONFIG)
  28:.\Generated_Source\PSoC4/Cm0Start.c **** #define CY_CPUSS_CONFIG_PTR         ( (reg32 *) CYREG_CPUSS_CONFIG)
  29:.\Generated_Source\PSoC4/Cm0Start.c **** 
  30:.\Generated_Source\PSoC4/Cm0Start.c **** 
  31:.\Generated_Source\PSoC4/Cm0Start.c **** #if defined (__ICCARM__)
  32:.\Generated_Source\PSoC4/Cm0Start.c ****     #define CY_NUM_ROM_VECTORS      (CY_NUM_VECTORS)
  33:.\Generated_Source\PSoC4/Cm0Start.c **** #else
  34:.\Generated_Source\PSoC4/Cm0Start.c ****     #define CY_NUM_ROM_VECTORS      (4u)
  35:.\Generated_Source\PSoC4/Cm0Start.c **** #endif  /* defined (__ICCARM__) */
  36:.\Generated_Source\PSoC4/Cm0Start.c **** 
  37:.\Generated_Source\PSoC4/Cm0Start.c **** #if defined(__ARMCC_VERSION)
  38:.\Generated_Source\PSoC4/Cm0Start.c ****     #define INITIAL_STACK_POINTER ((cyisraddress)(uint32)&Image$$ARM_LIB_STACK$$ZI$$Limit)
  39:.\Generated_Source\PSoC4/Cm0Start.c **** #elif defined (__GNUC__)
  40:.\Generated_Source\PSoC4/Cm0Start.c ****     #define INITIAL_STACK_POINTER (&__cy_stack)
  41:.\Generated_Source\PSoC4/Cm0Start.c **** #elif defined (__ICCARM__)
  42:.\Generated_Source\PSoC4/Cm0Start.c ****     #pragma language=extended
  43:.\Generated_Source\PSoC4/Cm0Start.c ****     #pragma segment="CSTACK"
  44:.\Generated_Source\PSoC4/Cm0Start.c ****     #define INITIAL_STACK_POINTER  { .__ptr = __sfe( "CSTACK" ) }
  45:.\Generated_Source\PSoC4/Cm0Start.c **** 
  46:.\Generated_Source\PSoC4/Cm0Start.c ****     extern void __iar_program_start( void );
  47:.\Generated_Source\PSoC4/Cm0Start.c ****     extern void __iar_data_init3 (void);
  48:.\Generated_Source\PSoC4/Cm0Start.c **** #endif  /* (__ARMCC_VERSION) */
  49:.\Generated_Source\PSoC4/Cm0Start.c **** 
  50:.\Generated_Source\PSoC4/Cm0Start.c **** #if defined(__GNUC__)
  51:.\Generated_Source\PSoC4/Cm0Start.c ****     #include <errno.h>
  52:.\Generated_Source\PSoC4/Cm0Start.c ****     extern int  errno;
  53:.\Generated_Source\PSoC4/Cm0Start.c ****     extern int  end;
  54:.\Generated_Source\PSoC4/Cm0Start.c **** #endif  /* defined(__GNUC__) */
  55:.\Generated_Source\PSoC4/Cm0Start.c **** 
  56:.\Generated_Source\PSoC4/Cm0Start.c **** /* Extern functions */
  57:.\Generated_Source\PSoC4/Cm0Start.c **** extern void CyBtldr_CheckLaunch(void);
  58:.\Generated_Source\PSoC4/Cm0Start.c **** 
  59:.\Generated_Source\PSoC4/Cm0Start.c **** /* Function prototypes */
  60:.\Generated_Source\PSoC4/Cm0Start.c **** void initialize_psoc(void);
  61:.\Generated_Source\PSoC4/Cm0Start.c **** 
  62:.\Generated_Source\PSoC4/Cm0Start.c **** /* Global variables */
  63:.\Generated_Source\PSoC4/Cm0Start.c **** #if !defined (__ICCARM__)
  64:.\Generated_Source\PSoC4/Cm0Start.c ****     CY_NOINIT static uint32 cySysNoInitDataValid;
  65:.\Generated_Source\PSoC4/Cm0Start.c **** #endif  /* !defined (__ICCARM__) */
  66:.\Generated_Source\PSoC4/Cm0Start.c **** 
  67:.\Generated_Source\PSoC4/Cm0Start.c **** 
  68:.\Generated_Source\PSoC4/Cm0Start.c **** #if (CYDEV_PROJ_TYPE != CYDEV_PROJ_TYPE_STANDARD)
  69:.\Generated_Source\PSoC4/Cm0Start.c **** 
  70:.\Generated_Source\PSoC4/Cm0Start.c ****     /*******************************************************************************
  71:.\Generated_Source\PSoC4/Cm0Start.c ****     This variable is used by the Bootloader/Bootloadable components to schedule
  72:.\Generated_Source\PSoC4/Cm0Start.c ****     what application will be started after a software reset.
  73:.\Generated_Source\PSoC4/Cm0Start.c ****     *******************************************************************************/
  74:.\Generated_Source\PSoC4/Cm0Start.c ****     #if (__ARMCC_VERSION)
  75:.\Generated_Source\PSoC4/Cm0Start.c ****         __attribute__ ((section(".bootloaderruntype"), zero_init))
  76:.\Generated_Source\PSoC4/Cm0Start.c ****     #elif defined (__GNUC__)
  77:.\Generated_Source\PSoC4/Cm0Start.c ****         __attribute__ ((section(".bootloaderruntype")))
  78:.\Generated_Source\PSoC4/Cm0Start.c ****     #elif defined (__ICCARM__)
  79:.\Generated_Source\PSoC4/Cm0Start.c ****         #pragma location=".bootloaderruntype"
  80:.\Generated_Source\PSoC4/Cm0Start.c ****     #endif /* (__ARMCC_VERSION) */
  81:.\Generated_Source\PSoC4/Cm0Start.c ****     volatile uint32 cyBtldrRunType;
  82:.\Generated_Source\PSoC4/Cm0Start.c **** 
  83:.\Generated_Source\PSoC4/Cm0Start.c **** #endif  /* (CYDEV_PROJ_TYPE != CYDEV_PROJ_TYPE_STANDARD) */
ARM GAS  C:\Users\YBOURA~1\AppData\Local\Temp\ccU0kJCa.s 			page 3


  84:.\Generated_Source\PSoC4/Cm0Start.c **** 
  85:.\Generated_Source\PSoC4/Cm0Start.c **** 
  86:.\Generated_Source\PSoC4/Cm0Start.c **** /*******************************************************************************
  87:.\Generated_Source\PSoC4/Cm0Start.c **** * Function Name: IntDefaultHandler
  88:.\Generated_Source\PSoC4/Cm0Start.c **** ********************************************************************************
  89:.\Generated_Source\PSoC4/Cm0Start.c **** *
  90:.\Generated_Source\PSoC4/Cm0Start.c **** * Summary:
  91:.\Generated_Source\PSoC4/Cm0Start.c **** *  This function is called for all interrupts, other than a reset that is called
  92:.\Generated_Source\PSoC4/Cm0Start.c **** *  before the system is setup.
  93:.\Generated_Source\PSoC4/Cm0Start.c **** *
  94:.\Generated_Source\PSoC4/Cm0Start.c **** * Parameters:
  95:.\Generated_Source\PSoC4/Cm0Start.c **** *  None
  96:.\Generated_Source\PSoC4/Cm0Start.c **** *
  97:.\Generated_Source\PSoC4/Cm0Start.c **** * Return:
  98:.\Generated_Source\PSoC4/Cm0Start.c **** *  None
  99:.\Generated_Source\PSoC4/Cm0Start.c **** *
 100:.\Generated_Source\PSoC4/Cm0Start.c **** * Theory:
 101:.\Generated_Source\PSoC4/Cm0Start.c **** *   Any value other than zero is acceptable.
 102:.\Generated_Source\PSoC4/Cm0Start.c **** *
 103:.\Generated_Source\PSoC4/Cm0Start.c **** *******************************************************************************/
 104:.\Generated_Source\PSoC4/Cm0Start.c **** CY_NORETURN
 105:.\Generated_Source\PSoC4/Cm0Start.c **** CY_ISR(IntDefaultHandler)
 106:.\Generated_Source\PSoC4/Cm0Start.c **** {
  32              		.loc 1 106 0
  33              		.cfi_startproc
  34 0000 80B5     		push	{r7, lr}
  35              		.cfi_def_cfa_offset 8
  36              		.cfi_offset 7, -8
  37              		.cfi_offset 14, -4
  38 0002 00AF     		add	r7, sp, #0
  39              		.cfi_def_cfa_register 7
  40              	.L2:
 107:.\Generated_Source\PSoC4/Cm0Start.c ****     /***************************************************************************
 108:.\Generated_Source\PSoC4/Cm0Start.c ****     * We must not get here. If we do, a serious problem occurs, so go into
 109:.\Generated_Source\PSoC4/Cm0Start.c ****     * an infinite loop.
 110:.\Generated_Source\PSoC4/Cm0Start.c ****     ***************************************************************************/
 111:.\Generated_Source\PSoC4/Cm0Start.c **** 
 112:.\Generated_Source\PSoC4/Cm0Start.c ****     #ifdef CY_BOOT_INT_DEFAULT_HANDLER_EXCEPTION_ENTRY_CALLBACK
 113:.\Generated_Source\PSoC4/Cm0Start.c ****         CyBoot_IntDefaultHandler_Exception_EntryCallback();
 114:.\Generated_Source\PSoC4/Cm0Start.c ****     #endif /* CY_BOOT_INT_DEFAULT_HANDLER_EXCEPTION_ENTRY_CALLBACK */
 115:.\Generated_Source\PSoC4/Cm0Start.c **** 
 116:.\Generated_Source\PSoC4/Cm0Start.c ****     while(1)
 117:.\Generated_Source\PSoC4/Cm0Start.c ****     {
 118:.\Generated_Source\PSoC4/Cm0Start.c **** 
 119:.\Generated_Source\PSoC4/Cm0Start.c ****     }
  41              		.loc 1 119 0 discriminator 1
  42 0004 FEE7     		b	.L2
  43              		.cfi_endproc
  44              	.LFE2:
  45              		.size	IntDefaultHandler, .-IntDefaultHandler
  46 0006 C046     		.section	.text._exit,"ax",%progbits
  47              		.align	2
  48              		.weak	_exit
  49              		.code	16
  50              		.thumb_func
  51              		.type	_exit, %function
  52              	_exit:
ARM GAS  C:\Users\YBOURA~1\AppData\Local\Temp\ccU0kJCa.s 			page 4


  53              	.LFB3:
 120:.\Generated_Source\PSoC4/Cm0Start.c **** }
 121:.\Generated_Source\PSoC4/Cm0Start.c **** 
 122:.\Generated_Source\PSoC4/Cm0Start.c **** #if defined(__ARMCC_VERSION)
 123:.\Generated_Source\PSoC4/Cm0Start.c **** 
 124:.\Generated_Source\PSoC4/Cm0Start.c **** /* Local function for device reset. */
 125:.\Generated_Source\PSoC4/Cm0Start.c **** extern void Reset(void);
 126:.\Generated_Source\PSoC4/Cm0Start.c **** 
 127:.\Generated_Source\PSoC4/Cm0Start.c **** /* Application entry point. */
 128:.\Generated_Source\PSoC4/Cm0Start.c **** extern void $Super$$main(void);
 129:.\Generated_Source\PSoC4/Cm0Start.c **** 
 130:.\Generated_Source\PSoC4/Cm0Start.c **** /* Linker-generated Stack Base addresses, Two Region and One Region */
 131:.\Generated_Source\PSoC4/Cm0Start.c **** extern unsigned long Image$$ARM_LIB_STACK$$ZI$$Limit;
 132:.\Generated_Source\PSoC4/Cm0Start.c **** 
 133:.\Generated_Source\PSoC4/Cm0Start.c **** /* RealView C Library initialization. */
 134:.\Generated_Source\PSoC4/Cm0Start.c **** extern int __main(void);
 135:.\Generated_Source\PSoC4/Cm0Start.c **** 
 136:.\Generated_Source\PSoC4/Cm0Start.c **** 
 137:.\Generated_Source\PSoC4/Cm0Start.c **** /*******************************************************************************
 138:.\Generated_Source\PSoC4/Cm0Start.c **** * Function Name: Reset
 139:.\Generated_Source\PSoC4/Cm0Start.c **** ********************************************************************************
 140:.\Generated_Source\PSoC4/Cm0Start.c **** *
 141:.\Generated_Source\PSoC4/Cm0Start.c **** * Summary:
 142:.\Generated_Source\PSoC4/Cm0Start.c **** *  This function handles the reset interrupt for the RVDS/MDK toolchains.
 143:.\Generated_Source\PSoC4/Cm0Start.c **** *  This is the first bit of code that is executed at startup.
 144:.\Generated_Source\PSoC4/Cm0Start.c **** *
 145:.\Generated_Source\PSoC4/Cm0Start.c **** * Parameters:
 146:.\Generated_Source\PSoC4/Cm0Start.c **** *  None
 147:.\Generated_Source\PSoC4/Cm0Start.c **** *
 148:.\Generated_Source\PSoC4/Cm0Start.c **** * Return:
 149:.\Generated_Source\PSoC4/Cm0Start.c **** *  None
 150:.\Generated_Source\PSoC4/Cm0Start.c **** *
 151:.\Generated_Source\PSoC4/Cm0Start.c **** *******************************************************************************/
 152:.\Generated_Source\PSoC4/Cm0Start.c **** void Reset(void)
 153:.\Generated_Source\PSoC4/Cm0Start.c **** {
 154:.\Generated_Source\PSoC4/Cm0Start.c ****     #if (CYDEV_PROJ_TYPE == CYDEV_PROJ_TYPE_LOADABLE || CYDEV_PROJ_TYPE == CYDEV_PROJ_TYPE_LOADABLE
 155:.\Generated_Source\PSoC4/Cm0Start.c ****         /* The bootloadable application image is started at Reset() handler
 156:.\Generated_Source\PSoC4/Cm0Start.c ****         * as a result of a branch instruction execution from the bootloader.
 157:.\Generated_Source\PSoC4/Cm0Start.c ****         * So, the stack pointer needs to be reset to be sure that
 158:.\Generated_Source\PSoC4/Cm0Start.c ****         * there is no garbage in the stack.
 159:.\Generated_Source\PSoC4/Cm0Start.c ****         */
 160:.\Generated_Source\PSoC4/Cm0Start.c ****         register uint32_t msp __asm("msp");
 161:.\Generated_Source\PSoC4/Cm0Start.c ****         msp = (uint32_t)&Image$$ARM_LIB_STACK$$ZI$$Limit;
 162:.\Generated_Source\PSoC4/Cm0Start.c ****     #endif /*(CYDEV_PROJ_TYPE == CYDEV_PROJ_TYPE_LOADABLE || CYDEV_PROJ_TYPE == CYDEV_PROJ_TYPE_LOA
 163:.\Generated_Source\PSoC4/Cm0Start.c **** 
 164:.\Generated_Source\PSoC4/Cm0Start.c ****     #if(CY_IP_SRSSLT)
 165:.\Generated_Source\PSoC4/Cm0Start.c ****         CySysWdtDisable();
 166:.\Generated_Source\PSoC4/Cm0Start.c ****     #endif  /* (CY_IP_SRSSLT) */
 167:.\Generated_Source\PSoC4/Cm0Start.c **** 
 168:.\Generated_Source\PSoC4/Cm0Start.c ****     #if ((CYDEV_BOOTLOADER_ENABLE) && (CYDEV_PROJ_TYPE != CYDEV_PROJ_TYPE_LOADABLEANDBOOTLOADER))
 169:.\Generated_Source\PSoC4/Cm0Start.c ****         CyBtldr_CheckLaunch();
 170:.\Generated_Source\PSoC4/Cm0Start.c ****     #endif /* ((CYDEV_BOOTLOADER_ENABLE) && (CYDEV_PROJ_TYPE != CYDEV_PROJ_TYPE_LOADABLEANDBOOTLOAD
 171:.\Generated_Source\PSoC4/Cm0Start.c **** 
 172:.\Generated_Source\PSoC4/Cm0Start.c ****     __main();
 173:.\Generated_Source\PSoC4/Cm0Start.c **** }
 174:.\Generated_Source\PSoC4/Cm0Start.c **** 
 175:.\Generated_Source\PSoC4/Cm0Start.c **** /*******************************************************************************
ARM GAS  C:\Users\YBOURA~1\AppData\Local\Temp\ccU0kJCa.s 			page 5


 176:.\Generated_Source\PSoC4/Cm0Start.c **** * Function Name: $Sub$$main
 177:.\Generated_Source\PSoC4/Cm0Start.c **** ********************************************************************************
 178:.\Generated_Source\PSoC4/Cm0Start.c **** *
 179:.\Generated_Source\PSoC4/Cm0Start.c **** * Summary:
 180:.\Generated_Source\PSoC4/Cm0Start.c **** *  This function is called immediately before the users main
 181:.\Generated_Source\PSoC4/Cm0Start.c **** *
 182:.\Generated_Source\PSoC4/Cm0Start.c **** * Parameters:
 183:.\Generated_Source\PSoC4/Cm0Start.c **** *  None
 184:.\Generated_Source\PSoC4/Cm0Start.c **** *
 185:.\Generated_Source\PSoC4/Cm0Start.c **** * Return:
 186:.\Generated_Source\PSoC4/Cm0Start.c **** *  None
 187:.\Generated_Source\PSoC4/Cm0Start.c **** *
 188:.\Generated_Source\PSoC4/Cm0Start.c **** *******************************************************************************/
 189:.\Generated_Source\PSoC4/Cm0Start.c **** __attribute__ ((noreturn, __noinline__))
 190:.\Generated_Source\PSoC4/Cm0Start.c **** void $Sub$$main(void)
 191:.\Generated_Source\PSoC4/Cm0Start.c **** {
 192:.\Generated_Source\PSoC4/Cm0Start.c ****     initialize_psoc();
 193:.\Generated_Source\PSoC4/Cm0Start.c **** 
 194:.\Generated_Source\PSoC4/Cm0Start.c ****     /* Call original main */
 195:.\Generated_Source\PSoC4/Cm0Start.c ****     $Super$$main();
 196:.\Generated_Source\PSoC4/Cm0Start.c **** 
 197:.\Generated_Source\PSoC4/Cm0Start.c ****     while (1)
 198:.\Generated_Source\PSoC4/Cm0Start.c ****     {
 199:.\Generated_Source\PSoC4/Cm0Start.c ****         /* If main returns it is undefined what we should do. */
 200:.\Generated_Source\PSoC4/Cm0Start.c ****     }
 201:.\Generated_Source\PSoC4/Cm0Start.c **** }
 202:.\Generated_Source\PSoC4/Cm0Start.c **** 
 203:.\Generated_Source\PSoC4/Cm0Start.c **** #elif defined(__GNUC__)
 204:.\Generated_Source\PSoC4/Cm0Start.c **** 
 205:.\Generated_Source\PSoC4/Cm0Start.c **** /* Stack Base address */
 206:.\Generated_Source\PSoC4/Cm0Start.c **** extern void __cy_stack(void);
 207:.\Generated_Source\PSoC4/Cm0Start.c **** 
 208:.\Generated_Source\PSoC4/Cm0Start.c **** /* Application entry point. */
 209:.\Generated_Source\PSoC4/Cm0Start.c **** extern int main(void);
 210:.\Generated_Source\PSoC4/Cm0Start.c **** 
 211:.\Generated_Source\PSoC4/Cm0Start.c **** /* The static objects constructors initializer */
 212:.\Generated_Source\PSoC4/Cm0Start.c **** extern void __libc_init_array(void);
 213:.\Generated_Source\PSoC4/Cm0Start.c **** 
 214:.\Generated_Source\PSoC4/Cm0Start.c **** typedef unsigned char __cy_byte_align8 __attribute ((aligned (8)));
 215:.\Generated_Source\PSoC4/Cm0Start.c **** 
 216:.\Generated_Source\PSoC4/Cm0Start.c **** struct __cy_region
 217:.\Generated_Source\PSoC4/Cm0Start.c **** {
 218:.\Generated_Source\PSoC4/Cm0Start.c ****     __cy_byte_align8 *init; /* Initial contents of this region.  */
 219:.\Generated_Source\PSoC4/Cm0Start.c ****     __cy_byte_align8 *data; /* Start address of region.  */
 220:.\Generated_Source\PSoC4/Cm0Start.c ****     size_t init_size;       /* Size of initial data.  */
 221:.\Generated_Source\PSoC4/Cm0Start.c ****     size_t zero_size;       /* Additional size to be zeroed.  */
 222:.\Generated_Source\PSoC4/Cm0Start.c **** };
 223:.\Generated_Source\PSoC4/Cm0Start.c **** 
 224:.\Generated_Source\PSoC4/Cm0Start.c **** extern const struct __cy_region __cy_regions[];
 225:.\Generated_Source\PSoC4/Cm0Start.c **** extern const char __cy_region_num __attribute__((weak));
 226:.\Generated_Source\PSoC4/Cm0Start.c **** #define __cy_region_num ((size_t)&__cy_region_num)
 227:.\Generated_Source\PSoC4/Cm0Start.c **** 
 228:.\Generated_Source\PSoC4/Cm0Start.c **** 
 229:.\Generated_Source\PSoC4/Cm0Start.c **** /*******************************************************************************
 230:.\Generated_Source\PSoC4/Cm0Start.c **** * System Calls of the Red Hat newlib C Library
 231:.\Generated_Source\PSoC4/Cm0Start.c **** *******************************************************************************/
 232:.\Generated_Source\PSoC4/Cm0Start.c **** 
ARM GAS  C:\Users\YBOURA~1\AppData\Local\Temp\ccU0kJCa.s 			page 6


 233:.\Generated_Source\PSoC4/Cm0Start.c **** 
 234:.\Generated_Source\PSoC4/Cm0Start.c **** /*******************************************************************************
 235:.\Generated_Source\PSoC4/Cm0Start.c **** * Function Name: _exit
 236:.\Generated_Source\PSoC4/Cm0Start.c **** ********************************************************************************
 237:.\Generated_Source\PSoC4/Cm0Start.c **** *
 238:.\Generated_Source\PSoC4/Cm0Start.c **** * Summary:
 239:.\Generated_Source\PSoC4/Cm0Start.c **** *  Exit a program without cleaning up files. If your system doesn't provide
 240:.\Generated_Source\PSoC4/Cm0Start.c **** *  this, it is best to avoid linking with subroutines that require it (exit,
 241:.\Generated_Source\PSoC4/Cm0Start.c **** *  system).
 242:.\Generated_Source\PSoC4/Cm0Start.c **** *
 243:.\Generated_Source\PSoC4/Cm0Start.c **** * Parameters:
 244:.\Generated_Source\PSoC4/Cm0Start.c **** *  status: Status caused program exit.
 245:.\Generated_Source\PSoC4/Cm0Start.c **** *
 246:.\Generated_Source\PSoC4/Cm0Start.c **** * Return:
 247:.\Generated_Source\PSoC4/Cm0Start.c **** *  None
 248:.\Generated_Source\PSoC4/Cm0Start.c **** *
 249:.\Generated_Source\PSoC4/Cm0Start.c **** *******************************************************************************/
 250:.\Generated_Source\PSoC4/Cm0Start.c **** __attribute__((weak))
 251:.\Generated_Source\PSoC4/Cm0Start.c **** void _exit(int status)
 252:.\Generated_Source\PSoC4/Cm0Start.c **** {
  54              		.loc 1 252 0
  55              		.cfi_startproc
  56 0000 80B5     		push	{r7, lr}
  57              		.cfi_def_cfa_offset 8
  58              		.cfi_offset 7, -8
  59              		.cfi_offset 14, -4
  60 0002 82B0     		sub	sp, sp, #8
  61              		.cfi_def_cfa_offset 16
  62 0004 00AF     		add	r7, sp, #0
  63              		.cfi_def_cfa_register 7
  64 0006 7860     		str	r0, [r7, #4]
 253:.\Generated_Source\PSoC4/Cm0Start.c ****     CyHalt((uint8) status);
  65              		.loc 1 253 0
  66 0008 7B68     		ldr	r3, [r7, #4]
  67 000a DBB2     		uxtb	r3, r3
  68 000c 181C     		mov	r0, r3
  69 000e FFF7FEFF 		bl	CyHalt
  70              	.L4:
 254:.\Generated_Source\PSoC4/Cm0Start.c **** 
 255:.\Generated_Source\PSoC4/Cm0Start.c ****     while(1)
 256:.\Generated_Source\PSoC4/Cm0Start.c ****     {
 257:.\Generated_Source\PSoC4/Cm0Start.c **** 
 258:.\Generated_Source\PSoC4/Cm0Start.c ****     }
  71              		.loc 1 258 0 discriminator 1
  72 0012 FEE7     		b	.L4
  73              		.cfi_endproc
  74              	.LFE3:
  75              		.size	_exit, .-_exit
  76              		.section	.text._sbrk,"ax",%progbits
  77              		.align	2
  78              		.weak	_sbrk
  79              		.code	16
  80              		.thumb_func
  81              		.type	_sbrk, %function
  82              	_sbrk:
  83              	.LFB4:
 259:.\Generated_Source\PSoC4/Cm0Start.c **** }
ARM GAS  C:\Users\YBOURA~1\AppData\Local\Temp\ccU0kJCa.s 			page 7


 260:.\Generated_Source\PSoC4/Cm0Start.c **** 
 261:.\Generated_Source\PSoC4/Cm0Start.c **** 
 262:.\Generated_Source\PSoC4/Cm0Start.c **** /*******************************************************************************
 263:.\Generated_Source\PSoC4/Cm0Start.c **** * Function Name: _sbrk
 264:.\Generated_Source\PSoC4/Cm0Start.c **** ********************************************************************************
 265:.\Generated_Source\PSoC4/Cm0Start.c **** *
 266:.\Generated_Source\PSoC4/Cm0Start.c **** * Summary:
 267:.\Generated_Source\PSoC4/Cm0Start.c **** *  Increase program data space. As malloc and related functions depend on this,
 268:.\Generated_Source\PSoC4/Cm0Start.c **** *  it is useful to have a working implementation. The following suffices for a
 269:.\Generated_Source\PSoC4/Cm0Start.c **** *  standalone system; it exploits the symbol end automatically defined by the
 270:.\Generated_Source\PSoC4/Cm0Start.c **** *  GNU linker.
 271:.\Generated_Source\PSoC4/Cm0Start.c **** *
 272:.\Generated_Source\PSoC4/Cm0Start.c **** * Parameters:
 273:.\Generated_Source\PSoC4/Cm0Start.c **** *  nbytes: The number of bytes requested (if the parameter value is positive)
 274:.\Generated_Source\PSoC4/Cm0Start.c **** *  from the heap or returned back to the heap (if the parameter value is
 275:.\Generated_Source\PSoC4/Cm0Start.c **** *  negative).
 276:.\Generated_Source\PSoC4/Cm0Start.c **** *
 277:.\Generated_Source\PSoC4/Cm0Start.c **** * Return:
 278:.\Generated_Source\PSoC4/Cm0Start.c **** *  None
 279:.\Generated_Source\PSoC4/Cm0Start.c **** *
 280:.\Generated_Source\PSoC4/Cm0Start.c **** *******************************************************************************/
 281:.\Generated_Source\PSoC4/Cm0Start.c **** __attribute__((weak))
 282:.\Generated_Source\PSoC4/Cm0Start.c **** void * _sbrk (int nbytes)
 283:.\Generated_Source\PSoC4/Cm0Start.c **** {
  84              		.loc 1 283 0
  85              		.cfi_startproc
  86 0000 80B5     		push	{r7, lr}
  87              		.cfi_def_cfa_offset 8
  88              		.cfi_offset 7, -8
  89              		.cfi_offset 14, -4
  90 0002 84B0     		sub	sp, sp, #16
  91              		.cfi_def_cfa_offset 24
  92 0004 00AF     		add	r7, sp, #0
  93              		.cfi_def_cfa_register 7
  94 0006 7860     		str	r0, [r7, #4]
 284:.\Generated_Source\PSoC4/Cm0Start.c ****     extern int  end;            /* Symbol defined by linker map. Start of free memory (as symbol). 
 285:.\Generated_Source\PSoC4/Cm0Start.c ****     void *      returnValue;
 286:.\Generated_Source\PSoC4/Cm0Start.c **** 
 287:.\Generated_Source\PSoC4/Cm0Start.c ****     /* The statically held previous end of the heap, with its initialization. */
 288:.\Generated_Source\PSoC4/Cm0Start.c ****     static void *heapPointer = (void *) &end;                 /* Previous end */
 289:.\Generated_Source\PSoC4/Cm0Start.c **** 
 290:.\Generated_Source\PSoC4/Cm0Start.c ****     if (((heapPointer + nbytes) - (void *) &end) <= CYDEV_HEAP_SIZE)
  95              		.loc 1 290 0
  96 0008 104B     		ldr	r3, .L9
  97 000a 1A68     		ldr	r2, [r3]
  98 000c 7B68     		ldr	r3, [r7, #4]
  99 000e D318     		add	r3, r2, r3
 100 0010 1A1C     		mov	r2, r3
 101 0012 0F4B     		ldr	r3, .L9+4
 102 0014 D21A     		sub	r2, r2, r3
 103 0016 8023     		mov	r3, #128
 104 0018 DB00     		lsl	r3, r3, #3
 105 001a 9A42     		cmp	r2, r3
 106 001c 09DC     		bgt	.L6
 291:.\Generated_Source\PSoC4/Cm0Start.c ****     {
 292:.\Generated_Source\PSoC4/Cm0Start.c ****         returnValue  = heapPointer;
 107              		.loc 1 292 0
ARM GAS  C:\Users\YBOURA~1\AppData\Local\Temp\ccU0kJCa.s 			page 8


 108 001e 0B4B     		ldr	r3, .L9
 109 0020 1B68     		ldr	r3, [r3]
 110 0022 FB60     		str	r3, [r7, #12]
 293:.\Generated_Source\PSoC4/Cm0Start.c ****         heapPointer += nbytes;
 111              		.loc 1 293 0
 112 0024 094B     		ldr	r3, .L9
 113 0026 1A68     		ldr	r2, [r3]
 114 0028 7B68     		ldr	r3, [r7, #4]
 115 002a D218     		add	r2, r2, r3
 116 002c 074B     		ldr	r3, .L9
 117 002e 1A60     		str	r2, [r3]
 118 0030 07E0     		b	.L7
 119              	.L6:
 294:.\Generated_Source\PSoC4/Cm0Start.c ****     }
 295:.\Generated_Source\PSoC4/Cm0Start.c ****     else
 296:.\Generated_Source\PSoC4/Cm0Start.c ****     {
 297:.\Generated_Source\PSoC4/Cm0Start.c ****         errno = ENOMEM;
 120              		.loc 1 297 0
 121 0032 FFF7FEFF 		bl	__errno
 122 0036 031C     		mov	r3, r0
 123 0038 0C22     		mov	r2, #12
 124 003a 1A60     		str	r2, [r3]
 298:.\Generated_Source\PSoC4/Cm0Start.c ****         returnValue = (void *) -1;
 125              		.loc 1 298 0
 126 003c 0123     		mov	r3, #1
 127 003e 5B42     		neg	r3, r3
 128 0040 FB60     		str	r3, [r7, #12]
 129              	.L7:
 299:.\Generated_Source\PSoC4/Cm0Start.c ****     }
 300:.\Generated_Source\PSoC4/Cm0Start.c **** 
 301:.\Generated_Source\PSoC4/Cm0Start.c ****     return (returnValue);
 130              		.loc 1 301 0
 131 0042 FB68     		ldr	r3, [r7, #12]
 302:.\Generated_Source\PSoC4/Cm0Start.c **** }
 132              		.loc 1 302 0
 133 0044 181C     		mov	r0, r3
 134 0046 BD46     		mov	sp, r7
 135 0048 04B0     		add	sp, sp, #16
 136              		@ sp needed
 137 004a 80BD     		pop	{r7, pc}
 138              	.L10:
 139              		.align	2
 140              	.L9:
 141 004c 00000000 		.word	heapPointer.4739
 142 0050 00000000 		.word	end
 143              		.cfi_endproc
 144              	.LFE4:
 145              		.size	_sbrk, .-_sbrk
 146              		.section	.text.Start_c,"ax",%progbits
 147              		.align	2
 148              		.global	Start_c
 149              		.code	16
 150              		.thumb_func
 151              		.type	Start_c, %function
 152              	Start_c:
 153              	.LFB5:
 303:.\Generated_Source\PSoC4/Cm0Start.c **** 
ARM GAS  C:\Users\YBOURA~1\AppData\Local\Temp\ccU0kJCa.s 			page 9


 304:.\Generated_Source\PSoC4/Cm0Start.c **** 
 305:.\Generated_Source\PSoC4/Cm0Start.c **** /*******************************************************************************
 306:.\Generated_Source\PSoC4/Cm0Start.c **** * Function Name: Start_c
 307:.\Generated_Source\PSoC4/Cm0Start.c **** ********************************************************************************
 308:.\Generated_Source\PSoC4/Cm0Start.c **** *
 309:.\Generated_Source\PSoC4/Cm0Start.c **** * Summary:
 310:.\Generated_Source\PSoC4/Cm0Start.c **** *  This function handles initializing the .data and .bss sections in
 311:.\Generated_Source\PSoC4/Cm0Start.c **** *  preparation for running the standard c code.  Once initialization is complete
 312:.\Generated_Source\PSoC4/Cm0Start.c **** *  it will call main().  This function will never return.
 313:.\Generated_Source\PSoC4/Cm0Start.c **** *
 314:.\Generated_Source\PSoC4/Cm0Start.c **** * Parameters:
 315:.\Generated_Source\PSoC4/Cm0Start.c **** *  None
 316:.\Generated_Source\PSoC4/Cm0Start.c **** *
 317:.\Generated_Source\PSoC4/Cm0Start.c **** * Return:
 318:.\Generated_Source\PSoC4/Cm0Start.c **** *  None
 319:.\Generated_Source\PSoC4/Cm0Start.c **** *
 320:.\Generated_Source\PSoC4/Cm0Start.c **** *******************************************************************************/
 321:.\Generated_Source\PSoC4/Cm0Start.c **** void Start_c(void)  __attribute__ ((noreturn, noinline));
 322:.\Generated_Source\PSoC4/Cm0Start.c **** void Start_c(void)
 323:.\Generated_Source\PSoC4/Cm0Start.c **** {
 154              		.loc 1 323 0
 155              		.cfi_startproc
 156 0000 80B5     		push	{r7, lr}
 157              		.cfi_def_cfa_offset 8
 158              		.cfi_offset 7, -8
 159              		.cfi_offset 14, -4
 160 0002 86B0     		sub	sp, sp, #24
 161              		.cfi_def_cfa_offset 32
 162 0004 00AF     		add	r7, sp, #0
 163              		.cfi_def_cfa_register 7
 324:.\Generated_Source\PSoC4/Cm0Start.c ****     unsigned regions = __cy_region_num;
 164              		.loc 1 324 0
 165 0006 224B     		ldr	r3, .L19
 166 0008 7B61     		str	r3, [r7, #20]
 325:.\Generated_Source\PSoC4/Cm0Start.c ****     const struct __cy_region *rptr = __cy_regions;
 167              		.loc 1 325 0
 168 000a 224B     		ldr	r3, .L19+4
 169 000c 3B61     		str	r3, [r7, #16]
 326:.\Generated_Source\PSoC4/Cm0Start.c **** 
 327:.\Generated_Source\PSoC4/Cm0Start.c ****     /* Initialize memory */
 328:.\Generated_Source\PSoC4/Cm0Start.c ****     for (regions = __cy_region_num; regions != 0u; regions--)
 170              		.loc 1 328 0
 171 000e 204B     		ldr	r3, .L19
 172 0010 7B61     		str	r3, [r7, #20]
 173 0012 35E0     		b	.L12
 174              	.L17:
 175              	.LBB2:
 329:.\Generated_Source\PSoC4/Cm0Start.c ****     {
 330:.\Generated_Source\PSoC4/Cm0Start.c ****         uint32 *src = (uint32 *)rptr->init;
 176              		.loc 1 330 0
 177 0014 3B69     		ldr	r3, [r7, #16]
 178 0016 1B68     		ldr	r3, [r3]
 179 0018 FB60     		str	r3, [r7, #12]
 331:.\Generated_Source\PSoC4/Cm0Start.c ****         uint32 *dst = (uint32 *)rptr->data;
 180              		.loc 1 331 0
 181 001a 3B69     		ldr	r3, [r7, #16]
 182 001c 5B68     		ldr	r3, [r3, #4]
ARM GAS  C:\Users\YBOURA~1\AppData\Local\Temp\ccU0kJCa.s 			page 10


 183 001e BB60     		str	r3, [r7, #8]
 332:.\Generated_Source\PSoC4/Cm0Start.c ****         unsigned limit = rptr->init_size;
 184              		.loc 1 332 0
 185 0020 3B69     		ldr	r3, [r7, #16]
 186 0022 9B68     		ldr	r3, [r3, #8]
 187 0024 3B60     		str	r3, [r7]
 333:.\Generated_Source\PSoC4/Cm0Start.c ****         unsigned count;
 334:.\Generated_Source\PSoC4/Cm0Start.c **** 
 335:.\Generated_Source\PSoC4/Cm0Start.c ****         for (count = 0u; count != limit; count += sizeof (uint32))
 188              		.loc 1 335 0
 189 0026 0023     		mov	r3, #0
 190 0028 7B60     		str	r3, [r7, #4]
 191 002a 0CE0     		b	.L13
 192              	.L14:
 336:.\Generated_Source\PSoC4/Cm0Start.c ****         {
 337:.\Generated_Source\PSoC4/Cm0Start.c ****             *dst = *src;
 193              		.loc 1 337 0 discriminator 3
 194 002c FB68     		ldr	r3, [r7, #12]
 195 002e 1A68     		ldr	r2, [r3]
 196 0030 BB68     		ldr	r3, [r7, #8]
 197 0032 1A60     		str	r2, [r3]
 338:.\Generated_Source\PSoC4/Cm0Start.c ****             dst++;
 198              		.loc 1 338 0 discriminator 3
 199 0034 BB68     		ldr	r3, [r7, #8]
 200 0036 0433     		add	r3, r3, #4
 201 0038 BB60     		str	r3, [r7, #8]
 339:.\Generated_Source\PSoC4/Cm0Start.c ****             src++;
 202              		.loc 1 339 0 discriminator 3
 203 003a FB68     		ldr	r3, [r7, #12]
 204 003c 0433     		add	r3, r3, #4
 205 003e FB60     		str	r3, [r7, #12]
 335:.\Generated_Source\PSoC4/Cm0Start.c ****         {
 206              		.loc 1 335 0 discriminator 3
 207 0040 7B68     		ldr	r3, [r7, #4]
 208 0042 0433     		add	r3, r3, #4
 209 0044 7B60     		str	r3, [r7, #4]
 210              	.L13:
 335:.\Generated_Source\PSoC4/Cm0Start.c ****         {
 211              		.loc 1 335 0 is_stmt 0 discriminator 1
 212 0046 7A68     		ldr	r2, [r7, #4]
 213 0048 3B68     		ldr	r3, [r7]
 214 004a 9A42     		cmp	r2, r3
 215 004c EED1     		bne	.L14
 340:.\Generated_Source\PSoC4/Cm0Start.c ****         }
 341:.\Generated_Source\PSoC4/Cm0Start.c ****         limit = rptr->zero_size;
 216              		.loc 1 341 0 is_stmt 1
 217 004e 3B69     		ldr	r3, [r7, #16]
 218 0050 DB68     		ldr	r3, [r3, #12]
 219 0052 3B60     		str	r3, [r7]
 342:.\Generated_Source\PSoC4/Cm0Start.c ****         for (count = 0u; count != limit; count += sizeof (uint32))
 220              		.loc 1 342 0
 221 0054 0023     		mov	r3, #0
 222 0056 7B60     		str	r3, [r7, #4]
 223 0058 08E0     		b	.L15
 224              	.L16:
 343:.\Generated_Source\PSoC4/Cm0Start.c ****         {
 344:.\Generated_Source\PSoC4/Cm0Start.c ****             *dst = 0u;
ARM GAS  C:\Users\YBOURA~1\AppData\Local\Temp\ccU0kJCa.s 			page 11


 225              		.loc 1 344 0 discriminator 3
 226 005a BB68     		ldr	r3, [r7, #8]
 227 005c 0022     		mov	r2, #0
 228 005e 1A60     		str	r2, [r3]
 345:.\Generated_Source\PSoC4/Cm0Start.c ****             dst++;
 229              		.loc 1 345 0 discriminator 3
 230 0060 BB68     		ldr	r3, [r7, #8]
 231 0062 0433     		add	r3, r3, #4
 232 0064 BB60     		str	r3, [r7, #8]
 342:.\Generated_Source\PSoC4/Cm0Start.c ****         for (count = 0u; count != limit; count += sizeof (uint32))
 233              		.loc 1 342 0 discriminator 3
 234 0066 7B68     		ldr	r3, [r7, #4]
 235 0068 0433     		add	r3, r3, #4
 236 006a 7B60     		str	r3, [r7, #4]
 237              	.L15:
 342:.\Generated_Source\PSoC4/Cm0Start.c ****         for (count = 0u; count != limit; count += sizeof (uint32))
 238              		.loc 1 342 0 is_stmt 0 discriminator 1
 239 006c 7A68     		ldr	r2, [r7, #4]
 240 006e 3B68     		ldr	r3, [r7]
 241 0070 9A42     		cmp	r2, r3
 242 0072 F2D1     		bne	.L16
 346:.\Generated_Source\PSoC4/Cm0Start.c ****         }
 347:.\Generated_Source\PSoC4/Cm0Start.c **** 
 348:.\Generated_Source\PSoC4/Cm0Start.c ****         rptr++;
 243              		.loc 1 348 0 is_stmt 1 discriminator 2
 244 0074 3B69     		ldr	r3, [r7, #16]
 245 0076 1033     		add	r3, r3, #16
 246 0078 3B61     		str	r3, [r7, #16]
 247              	.LBE2:
 328:.\Generated_Source\PSoC4/Cm0Start.c ****     {
 248              		.loc 1 328 0 discriminator 2
 249 007a 7B69     		ldr	r3, [r7, #20]
 250 007c 013B     		sub	r3, r3, #1
 251 007e 7B61     		str	r3, [r7, #20]
 252              	.L12:
 328:.\Generated_Source\PSoC4/Cm0Start.c ****     {
 253              		.loc 1 328 0 is_stmt 0 discriminator 1
 254 0080 7B69     		ldr	r3, [r7, #20]
 255 0082 002B     		cmp	r3, #0
 256 0084 C6D1     		bne	.L17
 349:.\Generated_Source\PSoC4/Cm0Start.c ****     }
 350:.\Generated_Source\PSoC4/Cm0Start.c **** 
 351:.\Generated_Source\PSoC4/Cm0Start.c ****     /* Invoke static objects constructors */
 352:.\Generated_Source\PSoC4/Cm0Start.c ****     __libc_init_array();
 257              		.loc 1 352 0 is_stmt 1
 258 0086 FFF7FEFF 		bl	__libc_init_array
 353:.\Generated_Source\PSoC4/Cm0Start.c ****     (void) main();
 259              		.loc 1 353 0
 260 008a FFF7FEFF 		bl	main
 261              	.L18:
 354:.\Generated_Source\PSoC4/Cm0Start.c **** 
 355:.\Generated_Source\PSoC4/Cm0Start.c ****     while (1)
 356:.\Generated_Source\PSoC4/Cm0Start.c ****     {
 357:.\Generated_Source\PSoC4/Cm0Start.c ****         /* If main returns, make sure we don't return. */
 358:.\Generated_Source\PSoC4/Cm0Start.c ****     }
 262              		.loc 1 358 0 discriminator 1
 263 008e FEE7     		b	.L18
ARM GAS  C:\Users\YBOURA~1\AppData\Local\Temp\ccU0kJCa.s 			page 12


 264              	.L20:
 265              		.align	2
 266              	.L19:
 267 0090 00000000 		.word	__cy_region_num
 268 0094 00000000 		.word	__cy_regions
 269              		.cfi_endproc
 270              	.LFE5:
 271              		.size	Start_c, .-Start_c
 272              		.section	.text.Reset,"ax",%progbits
 273              		.align	2
 274              		.global	Reset
 275              		.code	16
 276              		.thumb_func
 277              		.type	Reset, %function
 278              	Reset:
 279              	.LFB6:
 359:.\Generated_Source\PSoC4/Cm0Start.c **** }
 360:.\Generated_Source\PSoC4/Cm0Start.c **** 
 361:.\Generated_Source\PSoC4/Cm0Start.c **** 
 362:.\Generated_Source\PSoC4/Cm0Start.c **** /*******************************************************************************
 363:.\Generated_Source\PSoC4/Cm0Start.c **** * Function Name: Reset
 364:.\Generated_Source\PSoC4/Cm0Start.c **** ********************************************************************************
 365:.\Generated_Source\PSoC4/Cm0Start.c **** *
 366:.\Generated_Source\PSoC4/Cm0Start.c **** * Summary:
 367:.\Generated_Source\PSoC4/Cm0Start.c **** *  This function handles the reset interrupt for the GCC toolchain.  This is
 368:.\Generated_Source\PSoC4/Cm0Start.c **** *  the first bit of code that is executed at startup.
 369:.\Generated_Source\PSoC4/Cm0Start.c **** *
 370:.\Generated_Source\PSoC4/Cm0Start.c **** * Parameters:
 371:.\Generated_Source\PSoC4/Cm0Start.c **** *  None
 372:.\Generated_Source\PSoC4/Cm0Start.c **** *
 373:.\Generated_Source\PSoC4/Cm0Start.c **** * Return:
 374:.\Generated_Source\PSoC4/Cm0Start.c **** *  None
 375:.\Generated_Source\PSoC4/Cm0Start.c **** *
 376:.\Generated_Source\PSoC4/Cm0Start.c **** *******************************************************************************/
 377:.\Generated_Source\PSoC4/Cm0Start.c **** void Reset(void)
 378:.\Generated_Source\PSoC4/Cm0Start.c **** {
 280              		.loc 1 378 0
 281              		.cfi_startproc
 282 0000 80B5     		push	{r7, lr}
 283              		.cfi_def_cfa_offset 8
 284              		.cfi_offset 7, -8
 285              		.cfi_offset 14, -4
 286 0002 00AF     		add	r7, sp, #0
 287              		.cfi_def_cfa_register 7
 379:.\Generated_Source\PSoC4/Cm0Start.c ****     #if (CYDEV_PROJ_TYPE == CYDEV_PROJ_TYPE_LOADABLE || CYDEV_PROJ_TYPE == CYDEV_PROJ_TYPE_LOADABLE
 380:.\Generated_Source\PSoC4/Cm0Start.c **** 
 381:.\Generated_Source\PSoC4/Cm0Start.c ****         /* The bootloadable application image is started at Reset() handler
 382:.\Generated_Source\PSoC4/Cm0Start.c ****         * as a result of a branch instruction execution from the bootloader.
 383:.\Generated_Source\PSoC4/Cm0Start.c ****         * So, the stack pointer needs to be reset to be sure that
 384:.\Generated_Source\PSoC4/Cm0Start.c ****         * there is no garbage in the stack.
 385:.\Generated_Source\PSoC4/Cm0Start.c ****         */
 386:.\Generated_Source\PSoC4/Cm0Start.c ****         __asm volatile ("MSR msp, %0\n" : : "r" ((uint32)&__cy_stack) : "sp");
 387:.\Generated_Source\PSoC4/Cm0Start.c ****     #endif /* CYDEV_PROJ_TYPE_LOADABLE */
 388:.\Generated_Source\PSoC4/Cm0Start.c **** 
 389:.\Generated_Source\PSoC4/Cm0Start.c ****     #if(CY_IP_SRSSLT)
 390:.\Generated_Source\PSoC4/Cm0Start.c ****         CySysWdtDisable();
 391:.\Generated_Source\PSoC4/Cm0Start.c ****     #endif  /* (CY_IP_SRSSLT) */
ARM GAS  C:\Users\YBOURA~1\AppData\Local\Temp\ccU0kJCa.s 			page 13


 392:.\Generated_Source\PSoC4/Cm0Start.c **** 
 393:.\Generated_Source\PSoC4/Cm0Start.c ****     #if ((CYDEV_BOOTLOADER_ENABLE) && (CYDEV_PROJ_TYPE != CYDEV_PROJ_TYPE_LOADABLEANDBOOTLOADER))
 394:.\Generated_Source\PSoC4/Cm0Start.c ****         CyBtldr_CheckLaunch();
 395:.\Generated_Source\PSoC4/Cm0Start.c ****     #endif /* ((CYDEV_BOOTLOADER_ENABLE) && (CYDEV_PROJ_TYPE != CYDEV_PROJ_TYPE_LOADABLEANDBOOTLOAD
 396:.\Generated_Source\PSoC4/Cm0Start.c ****     Start_c();
 288              		.loc 1 396 0
 289 0004 FFF7FEFF 		bl	Start_c
 290              		.cfi_endproc
 291              	.LFE6:
 292              		.size	Reset, .-Reset
 293              		.global	CyRamVectors
 294              		.section	.ramvectors,"aw",%progbits
 295              		.align	2
 296              		.type	CyRamVectors, %object
 297              		.size	CyRamVectors, 192
 298              	CyRamVectors:
 299 0000 00000000 		.space	192
 299      00000000 
 299      00000000 
 299      00000000 
 299      00000000 
 300              		.global	RomVectors
 301              		.section	.romvectors,"a",%progbits
 302              		.align	2
 303              		.type	RomVectors, %object
 304              		.size	RomVectors, 16
 305              	RomVectors:
 306 0000 00000000 		.word	__cy_stack
 307 0004 00000000 		.word	Reset
 308 0008 00000000 		.word	IntDefaultHandler
 309 000c 00000000 		.word	IntDefaultHandler
 310              		.section	.text.initialize_psoc,"ax",%progbits
 311              		.align	2
 312              		.global	initialize_psoc
 313              		.code	16
 314              		.thumb_func
 315              		.type	initialize_psoc, %function
 316              	initialize_psoc:
 317              	.LFB7:
 397:.\Generated_Source\PSoC4/Cm0Start.c **** }
 398:.\Generated_Source\PSoC4/Cm0Start.c **** 
 399:.\Generated_Source\PSoC4/Cm0Start.c **** #elif defined (__ICCARM__)
 400:.\Generated_Source\PSoC4/Cm0Start.c **** 
 401:.\Generated_Source\PSoC4/Cm0Start.c **** 
 402:.\Generated_Source\PSoC4/Cm0Start.c **** /*******************************************************************************
 403:.\Generated_Source\PSoC4/Cm0Start.c **** * Function Name: __low_level_init
 404:.\Generated_Source\PSoC4/Cm0Start.c **** ********************************************************************************
 405:.\Generated_Source\PSoC4/Cm0Start.c **** *
 406:.\Generated_Source\PSoC4/Cm0Start.c **** * Summary:
 407:.\Generated_Source\PSoC4/Cm0Start.c **** *  This function performs early initializations for the IAR Embedded
 408:.\Generated_Source\PSoC4/Cm0Start.c **** *  Workbench IDE. It is executed in the context of reset interrupt handler
 409:.\Generated_Source\PSoC4/Cm0Start.c **** *  before the data sections are initialized.
 410:.\Generated_Source\PSoC4/Cm0Start.c **** *
 411:.\Generated_Source\PSoC4/Cm0Start.c **** * Parameters:
 412:.\Generated_Source\PSoC4/Cm0Start.c **** *  None
 413:.\Generated_Source\PSoC4/Cm0Start.c **** *
 414:.\Generated_Source\PSoC4/Cm0Start.c **** * Return:
ARM GAS  C:\Users\YBOURA~1\AppData\Local\Temp\ccU0kJCa.s 			page 14


 415:.\Generated_Source\PSoC4/Cm0Start.c **** *  The value that determines whether or not data sections should be initialized
 416:.\Generated_Source\PSoC4/Cm0Start.c **** *  by the system startup code:
 417:.\Generated_Source\PSoC4/Cm0Start.c **** *    0 - skip data sections initialization;
 418:.\Generated_Source\PSoC4/Cm0Start.c **** *    1 - initialize data sections;
 419:.\Generated_Source\PSoC4/Cm0Start.c **** *
 420:.\Generated_Source\PSoC4/Cm0Start.c **** *******************************************************************************/
 421:.\Generated_Source\PSoC4/Cm0Start.c **** #pragma inline = never
 422:.\Generated_Source\PSoC4/Cm0Start.c **** int __low_level_init(void)
 423:.\Generated_Source\PSoC4/Cm0Start.c **** {
 424:.\Generated_Source\PSoC4/Cm0Start.c ****     #if(CY_IP_SRSSLT)
 425:.\Generated_Source\PSoC4/Cm0Start.c ****         CySysWdtDisable();
 426:.\Generated_Source\PSoC4/Cm0Start.c ****     #endif  /* (CY_IP_SRSSLT) */
 427:.\Generated_Source\PSoC4/Cm0Start.c **** 
 428:.\Generated_Source\PSoC4/Cm0Start.c **** #if ((CYDEV_BOOTLOADER_ENABLE) && (CYDEV_PROJ_TYPE != CYDEV_PROJ_TYPE_LOADABLEANDBOOTLOADER))
 429:.\Generated_Source\PSoC4/Cm0Start.c ****     CyBtldr_CheckLaunch();
 430:.\Generated_Source\PSoC4/Cm0Start.c **** #endif /* ((CYDEV_BOOTLOADER_ENABLE) && (CYDEV_PROJ_TYPE != CYDEV_PROJ_TYPE_LOADABLEANDBOOTLOADER))
 431:.\Generated_Source\PSoC4/Cm0Start.c **** 
 432:.\Generated_Source\PSoC4/Cm0Start.c ****     /* Initialize data sections */
 433:.\Generated_Source\PSoC4/Cm0Start.c ****     __iar_data_init3();
 434:.\Generated_Source\PSoC4/Cm0Start.c **** 
 435:.\Generated_Source\PSoC4/Cm0Start.c ****     initialize_psoc();
 436:.\Generated_Source\PSoC4/Cm0Start.c **** 
 437:.\Generated_Source\PSoC4/Cm0Start.c ****     return 0;
 438:.\Generated_Source\PSoC4/Cm0Start.c **** }
 439:.\Generated_Source\PSoC4/Cm0Start.c **** 
 440:.\Generated_Source\PSoC4/Cm0Start.c **** #endif /* __GNUC__ */
 441:.\Generated_Source\PSoC4/Cm0Start.c **** 
 442:.\Generated_Source\PSoC4/Cm0Start.c **** 
 443:.\Generated_Source\PSoC4/Cm0Start.c **** /*******************************************************************************
 444:.\Generated_Source\PSoC4/Cm0Start.c **** * Ram Interrupt Vector table storage area. Must be placed at 0x20000000.
 445:.\Generated_Source\PSoC4/Cm0Start.c **** *******************************************************************************/
 446:.\Generated_Source\PSoC4/Cm0Start.c **** 
 447:.\Generated_Source\PSoC4/Cm0Start.c **** #if defined (__ICCARM__)
 448:.\Generated_Source\PSoC4/Cm0Start.c ****     #pragma location=".ramvectors"
 449:.\Generated_Source\PSoC4/Cm0Start.c **** #else
 450:.\Generated_Source\PSoC4/Cm0Start.c ****     CY_SECTION(".ramvectors")
 451:.\Generated_Source\PSoC4/Cm0Start.c **** #endif  /* defined (__ICCARM__) */
 452:.\Generated_Source\PSoC4/Cm0Start.c **** cyisraddress CyRamVectors[CY_NUM_VECTORS];
 453:.\Generated_Source\PSoC4/Cm0Start.c **** 
 454:.\Generated_Source\PSoC4/Cm0Start.c **** 
 455:.\Generated_Source\PSoC4/Cm0Start.c **** /*******************************************************************************
 456:.\Generated_Source\PSoC4/Cm0Start.c **** * Rom Interrupt Vector table storage area. Must be 256-byte aligned.
 457:.\Generated_Source\PSoC4/Cm0Start.c **** *******************************************************************************/
 458:.\Generated_Source\PSoC4/Cm0Start.c **** 
 459:.\Generated_Source\PSoC4/Cm0Start.c **** #if defined(__ARMCC_VERSION)
 460:.\Generated_Source\PSoC4/Cm0Start.c ****     /* Suppress diagnostic message 1296-D: extended constant initialiser used */
 461:.\Generated_Source\PSoC4/Cm0Start.c ****     #pragma diag_suppress 1296
 462:.\Generated_Source\PSoC4/Cm0Start.c **** #endif  /* defined(__ARMCC_VERSION) */
 463:.\Generated_Source\PSoC4/Cm0Start.c **** 
 464:.\Generated_Source\PSoC4/Cm0Start.c **** #if defined (__ICCARM__)
 465:.\Generated_Source\PSoC4/Cm0Start.c ****     #pragma location=".romvectors"
 466:.\Generated_Source\PSoC4/Cm0Start.c ****     const intvec_elem __vector_table[CY_NUM_ROM_VECTORS] =
 467:.\Generated_Source\PSoC4/Cm0Start.c **** #else
 468:.\Generated_Source\PSoC4/Cm0Start.c ****     CY_SECTION(".romvectors")
 469:.\Generated_Source\PSoC4/Cm0Start.c ****     const cyisraddress RomVectors[CY_NUM_ROM_VECTORS] =
 470:.\Generated_Source\PSoC4/Cm0Start.c **** #endif  /* defined (__ICCARM__) */
 471:.\Generated_Source\PSoC4/Cm0Start.c **** {
ARM GAS  C:\Users\YBOURA~1\AppData\Local\Temp\ccU0kJCa.s 			page 15


 472:.\Generated_Source\PSoC4/Cm0Start.c ****     INITIAL_STACK_POINTER,   /* The initial stack pointer  0 */
 473:.\Generated_Source\PSoC4/Cm0Start.c ****     #if defined (__ICCARM__) /* The reset handler          1 */
 474:.\Generated_Source\PSoC4/Cm0Start.c ****         __iar_program_start,
 475:.\Generated_Source\PSoC4/Cm0Start.c ****     #else
 476:.\Generated_Source\PSoC4/Cm0Start.c ****         (cyisraddress)&Reset,
 477:.\Generated_Source\PSoC4/Cm0Start.c ****     #endif  /* defined (__ICCARM__) */
 478:.\Generated_Source\PSoC4/Cm0Start.c ****     &IntDefaultHandler,      /* The NMI handler            2 */
 479:.\Generated_Source\PSoC4/Cm0Start.c ****     &IntDefaultHandler,      /* The hard fault handler     3 */
 480:.\Generated_Source\PSoC4/Cm0Start.c **** };
 481:.\Generated_Source\PSoC4/Cm0Start.c **** 
 482:.\Generated_Source\PSoC4/Cm0Start.c **** #if defined(__ARMCC_VERSION)
 483:.\Generated_Source\PSoC4/Cm0Start.c ****     #pragma diag_default 1296
 484:.\Generated_Source\PSoC4/Cm0Start.c **** #endif  /* defined(__ARMCC_VERSION) */
 485:.\Generated_Source\PSoC4/Cm0Start.c **** 
 486:.\Generated_Source\PSoC4/Cm0Start.c **** 
 487:.\Generated_Source\PSoC4/Cm0Start.c **** /*******************************************************************************
 488:.\Generated_Source\PSoC4/Cm0Start.c **** * Function Name: initialize_psoc
 489:.\Generated_Source\PSoC4/Cm0Start.c **** ********************************************************************************
 490:.\Generated_Source\PSoC4/Cm0Start.c **** *
 491:.\Generated_Source\PSoC4/Cm0Start.c **** * Summary:
 492:.\Generated_Source\PSoC4/Cm0Start.c **** *  This function is used to initialize the PSoC chip before calling main.
 493:.\Generated_Source\PSoC4/Cm0Start.c **** *
 494:.\Generated_Source\PSoC4/Cm0Start.c **** * Parameters:
 495:.\Generated_Source\PSoC4/Cm0Start.c **** *  None
 496:.\Generated_Source\PSoC4/Cm0Start.c **** *
 497:.\Generated_Source\PSoC4/Cm0Start.c **** * Return:
 498:.\Generated_Source\PSoC4/Cm0Start.c **** *  None
 499:.\Generated_Source\PSoC4/Cm0Start.c **** *
 500:.\Generated_Source\PSoC4/Cm0Start.c **** *******************************************************************************/
 501:.\Generated_Source\PSoC4/Cm0Start.c **** #if(defined(__GNUC__) && !defined(__ARMCC_VERSION))
 502:.\Generated_Source\PSoC4/Cm0Start.c **** __attribute__ ((constructor(101)))
 503:.\Generated_Source\PSoC4/Cm0Start.c **** #endif  /* (defined(__GNUC__) && !defined(__ARMCC_VERSION)) */
 504:.\Generated_Source\PSoC4/Cm0Start.c **** void initialize_psoc(void)
 505:.\Generated_Source\PSoC4/Cm0Start.c **** {
 318              		.loc 1 505 0
 319              		.cfi_startproc
 320 0000 80B5     		push	{r7, lr}
 321              		.cfi_def_cfa_offset 8
 322              		.cfi_offset 7, -8
 323              		.cfi_offset 14, -4
 324 0002 82B0     		sub	sp, sp, #8
 325              		.cfi_def_cfa_offset 16
 326 0004 00AF     		add	r7, sp, #0
 327              		.cfi_def_cfa_register 7
 506:.\Generated_Source\PSoC4/Cm0Start.c ****     uint32 indexInit;
 507:.\Generated_Source\PSoC4/Cm0Start.c **** 
 508:.\Generated_Source\PSoC4/Cm0Start.c ****     #if(CY_IP_CPUSSV2)
 509:.\Generated_Source\PSoC4/Cm0Start.c ****         /***********************************************************************
 510:.\Generated_Source\PSoC4/Cm0Start.c ****         * Make sure that Vector Table is located at 0000_0000 in Flash, before
 511:.\Generated_Source\PSoC4/Cm0Start.c ****         * accessing RomVectors or calling functions that may be placed in
 512:.\Generated_Source\PSoC4/Cm0Start.c ****         * .psocinit (cyfitter_cfg and ClockSetup). Note The CY_CPUSS_CONFIG_REG
 513:.\Generated_Source\PSoC4/Cm0Start.c ****         * register is retention for the specified device family.
 514:.\Generated_Source\PSoC4/Cm0Start.c ****         ***********************************************************************/
 515:.\Generated_Source\PSoC4/Cm0Start.c ****         CY_CPUSS_CONFIG_REG &= (uint32) ~CY_CPUSS_CONFIG_VECT_IN_RAM;
 328              		.loc 1 515 0
 329 0006 154B     		ldr	r3, .L27
 330 0008 144A     		ldr	r2, .L27
ARM GAS  C:\Users\YBOURA~1\AppData\Local\Temp\ccU0kJCa.s 			page 16


 331 000a 1268     		ldr	r2, [r2]
 332 000c 0121     		mov	r1, #1
 333 000e 8A43     		bic	r2, r1
 334 0010 1A60     		str	r2, [r3]
 516:.\Generated_Source\PSoC4/Cm0Start.c ****     #endif  /* (CY_IP_CPUSSV2) */
 517:.\Generated_Source\PSoC4/Cm0Start.c **** 
 518:.\Generated_Source\PSoC4/Cm0Start.c ****     /* Set Ram interrupt vectors to default functions. */
 519:.\Generated_Source\PSoC4/Cm0Start.c ****     for (indexInit = 0u; indexInit < CY_NUM_VECTORS; indexInit++)
 335              		.loc 1 519 0
 336 0012 0023     		mov	r3, #0
 337 0014 7B60     		str	r3, [r7, #4]
 338 0016 0FE0     		b	.L23
 339              	.L26:
 520:.\Generated_Source\PSoC4/Cm0Start.c ****     {
 521:.\Generated_Source\PSoC4/Cm0Start.c ****         CyRamVectors[indexInit] = (indexInit < CY_NUM_ROM_VECTORS) ?
 522:.\Generated_Source\PSoC4/Cm0Start.c ****             #if defined (__ICCARM__)
 523:.\Generated_Source\PSoC4/Cm0Start.c ****                 __vector_table[indexInit].__fun : &IntDefaultHandler;
 524:.\Generated_Source\PSoC4/Cm0Start.c ****             #else
 525:.\Generated_Source\PSoC4/Cm0Start.c ****                 RomVectors[indexInit] : &IntDefaultHandler;
 340              		.loc 1 525 0
 341 0018 7B68     		ldr	r3, [r7, #4]
 342 001a 032B     		cmp	r3, #3
 343 001c 04D8     		bhi	.L24
 344              		.loc 1 525 0 is_stmt 0 discriminator 1
 345 001e 104B     		ldr	r3, .L27+4
 346 0020 7A68     		ldr	r2, [r7, #4]
 347 0022 9200     		lsl	r2, r2, #2
 348 0024 D358     		ldr	r3, [r2, r3]
 349 0026 00E0     		b	.L25
 350              	.L24:
 351              		.loc 1 525 0 discriminator 2
 352 0028 0E4B     		ldr	r3, .L27+8
 353              	.L25:
 521:.\Generated_Source\PSoC4/Cm0Start.c ****             #if defined (__ICCARM__)
 354              		.loc 1 521 0 is_stmt 1 discriminator 2
 355 002a 0F4A     		ldr	r2, .L27+12
 356 002c 7968     		ldr	r1, [r7, #4]
 357 002e 8900     		lsl	r1, r1, #2
 358 0030 8B50     		str	r3, [r1, r2]
 519:.\Generated_Source\PSoC4/Cm0Start.c ****     {
 359              		.loc 1 519 0 discriminator 2
 360 0032 7B68     		ldr	r3, [r7, #4]
 361 0034 0133     		add	r3, r3, #1
 362 0036 7B60     		str	r3, [r7, #4]
 363              	.L23:
 519:.\Generated_Source\PSoC4/Cm0Start.c ****     {
 364              		.loc 1 519 0 is_stmt 0 discriminator 1
 365 0038 7B68     		ldr	r3, [r7, #4]
 366 003a 2F2B     		cmp	r3, #47
 367 003c ECD9     		bls	.L26
 526:.\Generated_Source\PSoC4/Cm0Start.c ****             #endif  /* defined (__ICCARM__) */
 527:.\Generated_Source\PSoC4/Cm0Start.c ****     }
 528:.\Generated_Source\PSoC4/Cm0Start.c **** 
 529:.\Generated_Source\PSoC4/Cm0Start.c ****     /* Initialize configuration registers. */
 530:.\Generated_Source\PSoC4/Cm0Start.c ****     cyfitter_cfg();
 368              		.loc 1 530 0 is_stmt 1
 369 003e FFF7FEFF 		bl	cyfitter_cfg
ARM GAS  C:\Users\YBOURA~1\AppData\Local\Temp\ccU0kJCa.s 			page 17


 531:.\Generated_Source\PSoC4/Cm0Start.c **** 
 532:.\Generated_Source\PSoC4/Cm0Start.c ****     #if !defined (__ICCARM__)
 533:.\Generated_Source\PSoC4/Cm0Start.c ****         /* Actually, no need to clean this variable, just to make compiler happy. */
 534:.\Generated_Source\PSoC4/Cm0Start.c ****         cySysNoInitDataValid = 0u;
 370              		.loc 1 534 0
 371 0042 0A4B     		ldr	r3, .L27+16
 372 0044 0022     		mov	r2, #0
 373 0046 1A60     		str	r2, [r3]
 535:.\Generated_Source\PSoC4/Cm0Start.c ****     #endif  /* !defined (__ICCARM__) */
 536:.\Generated_Source\PSoC4/Cm0Start.c **** 
 537:.\Generated_Source\PSoC4/Cm0Start.c ****     #if (CYDEV_PROJ_TYPE != CYDEV_PROJ_TYPE_STANDARD)
 538:.\Generated_Source\PSoC4/Cm0Start.c **** 
 539:.\Generated_Source\PSoC4/Cm0Start.c ****         /* Need to make sure that this variable will not be optimized out */
 540:.\Generated_Source\PSoC4/Cm0Start.c ****         if (0u == cyBtldrRunType)
 541:.\Generated_Source\PSoC4/Cm0Start.c ****         {
 542:.\Generated_Source\PSoC4/Cm0Start.c ****             cyBtldrRunType = 0u;
 543:.\Generated_Source\PSoC4/Cm0Start.c ****         }
 544:.\Generated_Source\PSoC4/Cm0Start.c **** 
 545:.\Generated_Source\PSoC4/Cm0Start.c ****     #endif  /* (CYDEV_PROJ_TYPE != CYDEV_PROJ_TYPE_STANDARD) */
 546:.\Generated_Source\PSoC4/Cm0Start.c **** 
 547:.\Generated_Source\PSoC4/Cm0Start.c ****     /* Vector Table is located at 0x2000:0000 in SRAM */
 548:.\Generated_Source\PSoC4/Cm0Start.c ****     CY_CPUSS_CONFIG_REG |= CY_CPUSS_CONFIG_VECT_IN_RAM;
 374              		.loc 1 548 0
 375 0048 044B     		ldr	r3, .L27
 376 004a 044A     		ldr	r2, .L27
 377 004c 1268     		ldr	r2, [r2]
 378 004e 0121     		mov	r1, #1
 379 0050 0A43     		orr	r2, r1
 380 0052 1A60     		str	r2, [r3]
 549:.\Generated_Source\PSoC4/Cm0Start.c **** }
 381              		.loc 1 549 0
 382 0054 BD46     		mov	sp, r7
 383 0056 02B0     		add	sp, sp, #8
 384              		@ sp needed
 385 0058 80BD     		pop	{r7, pc}
 386              	.L28:
 387 005a C046     		.align	2
 388              	.L27:
 389 005c 00001040 		.word	1074790400
 390 0060 00000000 		.word	RomVectors
 391 0064 00000000 		.word	IntDefaultHandler
 392 0068 00000000 		.word	CyRamVectors
 393 006c 00000000 		.word	cySysNoInitDataValid
 394              		.cfi_endproc
 395              	.LFE7:
 396              		.size	initialize_psoc, .-initialize_psoc
 397              		.section	.init_array,"aw",%init_array
 398              		.align	2
 399 0000 00000000 		.word	initialize_psoc(target1)
 400              		.data
 401              		.align	2
 402              		.type	heapPointer.4739, %object
 403              		.size	heapPointer.4739, 4
 404              	heapPointer.4739:
 405 0000 00000000 		.word	end
 406              		.weak	__cy_region_num
 407              		.text
ARM GAS  C:\Users\YBOURA~1\AppData\Local\Temp\ccU0kJCa.s 			page 18


 408              	.Letext0:
 409              		.file 2 ".\\Generated_Source\\PSoC4\\cytypes.h"
 410              		.file 3 "c:\\program files (x86)\\cypress\\psoc creator\\3.3\\psoc creator\\import\\gnu\\arm\\4.9.
 411              		.section	.debug_info,"",%progbits
 412              	.Ldebug_info0:
 413 0000 FA020000 		.4byte	0x2fa
 414 0004 0400     		.2byte	0x4
 415 0006 00000000 		.4byte	.Ldebug_abbrev0
 416 000a 04       		.byte	0x4
 417 000b 01       		.uleb128 0x1
 418 000c 06000000 		.4byte	.LASF42
 419 0010 01       		.byte	0x1
 420 0011 17020000 		.4byte	.LASF43
 421 0015 45020000 		.4byte	.LASF44
 422 0019 00000000 		.4byte	.Ldebug_ranges0+0
 423 001d 00000000 		.4byte	0
 424 0021 00000000 		.4byte	.Ldebug_line0
 425 0025 02       		.uleb128 0x2
 426 0026 01       		.byte	0x1
 427 0027 06       		.byte	0x6
 428 0028 9C020000 		.4byte	.LASF0
 429 002c 02       		.uleb128 0x2
 430 002d 01       		.byte	0x1
 431 002e 08       		.byte	0x8
 432 002f 0B010000 		.4byte	.LASF1
 433 0033 02       		.uleb128 0x2
 434 0034 02       		.byte	0x2
 435 0035 05       		.byte	0x5
 436 0036 3B020000 		.4byte	.LASF2
 437 003a 02       		.uleb128 0x2
 438 003b 02       		.byte	0x2
 439 003c 07       		.byte	0x7
 440 003d C2000000 		.4byte	.LASF3
 441 0041 02       		.uleb128 0x2
 442 0042 04       		.byte	0x4
 443 0043 05       		.byte	0x5
 444 0044 93020000 		.4byte	.LASF4
 445 0048 02       		.uleb128 0x2
 446 0049 04       		.byte	0x4
 447 004a 07       		.byte	0x7
 448 004b 30010000 		.4byte	.LASF5
 449 004f 02       		.uleb128 0x2
 450 0050 08       		.byte	0x8
 451 0051 05       		.byte	0x5
 452 0052 04020000 		.4byte	.LASF6
 453 0056 02       		.uleb128 0x2
 454 0057 08       		.byte	0x8
 455 0058 07       		.byte	0x7
 456 0059 B6010000 		.4byte	.LASF7
 457 005d 03       		.uleb128 0x3
 458 005e 04       		.byte	0x4
 459 005f 05       		.byte	0x5
 460 0060 696E7400 		.ascii	"int\000"
 461 0064 02       		.uleb128 0x2
 462 0065 04       		.byte	0x4
 463 0066 07       		.byte	0x7
 464 0067 A9010000 		.4byte	.LASF8
ARM GAS  C:\Users\YBOURA~1\AppData\Local\Temp\ccU0kJCa.s 			page 19


 465 006b 04       		.uleb128 0x4
 466 006c 57010000 		.4byte	.LASF9
 467 0070 02       		.byte	0x2
 468 0071 C2       		.byte	0xc2
 469 0072 2C000000 		.4byte	0x2c
 470 0076 04       		.uleb128 0x4
 471 0077 98010000 		.4byte	.LASF10
 472 007b 02       		.byte	0x2
 473 007c C4       		.byte	0xc4
 474 007d 48000000 		.4byte	0x48
 475 0081 02       		.uleb128 0x2
 476 0082 04       		.byte	0x4
 477 0083 04       		.byte	0x4
 478 0084 00010000 		.4byte	.LASF11
 479 0088 02       		.uleb128 0x2
 480 0089 08       		.byte	0x8
 481 008a 04       		.byte	0x4
 482 008b 81010000 		.4byte	.LASF12
 483 008f 02       		.uleb128 0x2
 484 0090 01       		.byte	0x1
 485 0091 08       		.byte	0x8
 486 0092 12020000 		.4byte	.LASF13
 487 0096 05       		.uleb128 0x5
 488 0097 00000000 		.4byte	.LASF14
 489 009b 02       		.byte	0x2
 490 009c 6E01     		.2byte	0x16e
 491 009e A2000000 		.4byte	0xa2
 492 00a2 06       		.uleb128 0x6
 493 00a3 76000000 		.4byte	0x76
 494 00a7 05       		.uleb128 0x5
 495 00a8 D3010000 		.4byte	.LASF15
 496 00ac 02       		.byte	0x2
 497 00ad 7E01     		.2byte	0x17e
 498 00af B3000000 		.4byte	0xb3
 499 00b3 07       		.uleb128 0x7
 500 00b4 04       		.byte	0x4
 501 00b5 B9000000 		.4byte	0xb9
 502 00b9 08       		.uleb128 0x8
 503 00ba 04       		.uleb128 0x4
 504 00bb 94000000 		.4byte	.LASF16
 505 00bf 03       		.byte	0x3
 506 00c0 D4       		.byte	0xd4
 507 00c1 64000000 		.4byte	0x64
 508 00c5 02       		.uleb128 0x2
 509 00c6 04       		.byte	0x4
 510 00c7 07       		.byte	0x7
 511 00c8 FB010000 		.4byte	.LASF17
 512 00cc 09       		.uleb128 0x9
 513 00cd 04       		.byte	0x4
 514 00ce 0A       		.uleb128 0xa
 515 00cf 8F000000 		.4byte	0x8f
 516 00d3 04       		.uleb128 0x4
 517 00d4 EA010000 		.4byte	.LASF18
 518 00d8 01       		.byte	0x1
 519 00d9 D6       		.byte	0xd6
 520 00da 2C000000 		.4byte	0x2c
 521 00de 0B       		.uleb128 0xb
ARM GAS  C:\Users\YBOURA~1\AppData\Local\Temp\ccU0kJCa.s 			page 20


 522 00df C4020000 		.4byte	.LASF45
 523 00e3 10       		.byte	0x10
 524 00e4 01       		.byte	0x1
 525 00e5 D8       		.byte	0xd8
 526 00e6 1B010000 		.4byte	0x11b
 527 00ea 0C       		.uleb128 0xc
 528 00eb E5000000 		.4byte	.LASF19
 529 00ef 01       		.byte	0x1
 530 00f0 DA       		.byte	0xda
 531 00f1 1B010000 		.4byte	0x11b
 532 00f5 00       		.byte	0
 533 00f6 0C       		.uleb128 0xc
 534 00f7 06010000 		.4byte	.LASF20
 535 00fb 01       		.byte	0x1
 536 00fc DB       		.byte	0xdb
 537 00fd 1B010000 		.4byte	0x11b
 538 0101 04       		.byte	0x4
 539 0102 0C       		.uleb128 0xc
 540 0103 E0010000 		.4byte	.LASF21
 541 0107 01       		.byte	0x1
 542 0108 DC       		.byte	0xdc
 543 0109 BA000000 		.4byte	0xba
 544 010d 08       		.byte	0x8
 545 010e 0C       		.uleb128 0xc
 546 010f F1000000 		.4byte	.LASF22
 547 0113 01       		.byte	0x1
 548 0114 DD       		.byte	0xdd
 549 0115 BA000000 		.4byte	0xba
 550 0119 0C       		.byte	0xc
 551 011a 00       		.byte	0
 552 011b 07       		.uleb128 0x7
 553 011c 04       		.byte	0x4
 554 011d D3000000 		.4byte	0xd3
 555 0121 0D       		.uleb128 0xd
 556 0122 69010000 		.4byte	.LASF33
 557 0126 01       		.byte	0x1
 558 0127 69       		.byte	0x69
 559 0128 00000000 		.4byte	.LFB2
 560 012c 06000000 		.4byte	.LFE2-.LFB2
 561 0130 01       		.uleb128 0x1
 562 0131 9C       		.byte	0x9c
 563 0132 0E       		.uleb128 0xe
 564 0133 63010000 		.4byte	.LASF27
 565 0137 01       		.byte	0x1
 566 0138 FB       		.byte	0xfb
 567 0139 00000000 		.4byte	.LFB3
 568 013d 14000000 		.4byte	.LFE3-.LFB3
 569 0141 01       		.uleb128 0x1
 570 0142 9C       		.byte	0x9c
 571 0143 56010000 		.4byte	0x156
 572 0147 0F       		.uleb128 0xf
 573 0148 EA000000 		.4byte	.LASF23
 574 014c 01       		.byte	0x1
 575 014d FB       		.byte	0xfb
 576 014e 5D000000 		.4byte	0x5d
 577 0152 02       		.uleb128 0x2
 578 0153 91       		.byte	0x91
ARM GAS  C:\Users\YBOURA~1\AppData\Local\Temp\ccU0kJCa.s 			page 21


 579 0154 74       		.sleb128 -12
 580 0155 00       		.byte	0
 581 0156 10       		.uleb128 0x10
 582 0157 7B010000 		.4byte	.LASF46
 583 015b 01       		.byte	0x1
 584 015c 1A01     		.2byte	0x11a
 585 015e CC000000 		.4byte	0xcc
 586 0162 00000000 		.4byte	.LFB4
 587 0166 54000000 		.4byte	.LFE4-.LFB4
 588 016a 01       		.uleb128 0x1
 589 016b 9C       		.byte	0x9c
 590 016c AD010000 		.4byte	0x1ad
 591 0170 11       		.uleb128 0x11
 592 0171 BD020000 		.4byte	.LASF24
 593 0175 01       		.byte	0x1
 594 0176 1A01     		.2byte	0x11a
 595 0178 5D000000 		.4byte	0x5d
 596 017c 02       		.uleb128 0x2
 597 017d 91       		.byte	0x91
 598 017e 6C       		.sleb128 -20
 599 017f 12       		.uleb128 0x12
 600 0180 656E6400 		.ascii	"end\000"
 601 0184 01       		.byte	0x1
 602 0185 1C01     		.2byte	0x11c
 603 0187 5D000000 		.4byte	0x5d
 604 018b 13       		.uleb128 0x13
 605 018c 19010000 		.4byte	.LASF25
 606 0190 01       		.byte	0x1
 607 0191 1D01     		.2byte	0x11d
 608 0193 CC000000 		.4byte	0xcc
 609 0197 02       		.uleb128 0x2
 610 0198 91       		.byte	0x91
 611 0199 74       		.sleb128 -12
 612 019a 13       		.uleb128 0x13
 613 019b B6000000 		.4byte	.LASF26
 614 019f 01       		.byte	0x1
 615 01a0 2001     		.2byte	0x120
 616 01a2 CC000000 		.4byte	0xcc
 617 01a6 05       		.uleb128 0x5
 618 01a7 03       		.byte	0x3
 619 01a8 00000000 		.4byte	heapPointer.4739
 620 01ac 00       		.byte	0
 621 01ad 14       		.uleb128 0x14
 622 01ae A8000000 		.4byte	.LASF28
 623 01b2 01       		.byte	0x1
 624 01b3 4201     		.2byte	0x142
 625 01b5 00000000 		.4byte	.LFB5
 626 01b9 98000000 		.4byte	.LFE5-.LFB5
 627 01bd 01       		.uleb128 0x1
 628 01be 9C       		.byte	0x9c
 629 01bf 28020000 		.4byte	0x228
 630 01c3 13       		.uleb128 0x13
 631 01c4 B5020000 		.4byte	.LASF29
 632 01c8 01       		.byte	0x1
 633 01c9 4401     		.2byte	0x144
 634 01cb 64000000 		.4byte	0x64
 635 01cf 02       		.uleb128 0x2
ARM GAS  C:\Users\YBOURA~1\AppData\Local\Temp\ccU0kJCa.s 			page 22


 636 01d0 91       		.byte	0x91
 637 01d1 74       		.sleb128 -12
 638 01d2 13       		.uleb128 0x13
 639 01d3 FB000000 		.4byte	.LASF30
 640 01d7 01       		.byte	0x1
 641 01d8 4501     		.2byte	0x145
 642 01da 28020000 		.4byte	0x228
 643 01de 02       		.uleb128 0x2
 644 01df 91       		.byte	0x91
 645 01e0 70       		.sleb128 -16
 646 01e1 15       		.uleb128 0x15
 647 01e2 14000000 		.4byte	.LBB2
 648 01e6 66000000 		.4byte	.LBE2-.LBB2
 649 01ea 16       		.uleb128 0x16
 650 01eb 73726300 		.ascii	"src\000"
 651 01ef 01       		.byte	0x1
 652 01f0 4A01     		.2byte	0x14a
 653 01f2 33020000 		.4byte	0x233
 654 01f6 02       		.uleb128 0x2
 655 01f7 91       		.byte	0x91
 656 01f8 6C       		.sleb128 -20
 657 01f9 16       		.uleb128 0x16
 658 01fa 64737400 		.ascii	"dst\000"
 659 01fe 01       		.byte	0x1
 660 01ff 4B01     		.2byte	0x14b
 661 0201 33020000 		.4byte	0x233
 662 0205 02       		.uleb128 0x2
 663 0206 91       		.byte	0x91
 664 0207 68       		.sleb128 -24
 665 0208 13       		.uleb128 0x13
 666 0209 CD010000 		.4byte	.LASF31
 667 020d 01       		.byte	0x1
 668 020e 4C01     		.2byte	0x14c
 669 0210 64000000 		.4byte	0x64
 670 0214 02       		.uleb128 0x2
 671 0215 91       		.byte	0x91
 672 0216 60       		.sleb128 -32
 673 0217 13       		.uleb128 0x13
 674 0218 B0000000 		.4byte	.LASF32
 675 021c 01       		.byte	0x1
 676 021d 4D01     		.2byte	0x14d
 677 021f 64000000 		.4byte	0x64
 678 0223 02       		.uleb128 0x2
 679 0224 91       		.byte	0x91
 680 0225 64       		.sleb128 -28
 681 0226 00       		.byte	0
 682 0227 00       		.byte	0
 683 0228 07       		.uleb128 0x7
 684 0229 04       		.byte	0x4
 685 022a 2E020000 		.4byte	0x22e
 686 022e 0A       		.uleb128 0xa
 687 022f DE000000 		.4byte	0xde
 688 0233 07       		.uleb128 0x7
 689 0234 04       		.byte	0x4
 690 0235 76000000 		.4byte	0x76
 691 0239 17       		.uleb128 0x17
 692 023a 5D010000 		.4byte	.LASF34
ARM GAS  C:\Users\YBOURA~1\AppData\Local\Temp\ccU0kJCa.s 			page 23


 693 023e 01       		.byte	0x1
 694 023f 7901     		.2byte	0x179
 695 0241 00000000 		.4byte	.LFB6
 696 0245 08000000 		.4byte	.LFE6-.LFB6
 697 0249 01       		.uleb128 0x1
 698 024a 9C       		.byte	0x9c
 699 024b 14       		.uleb128 0x14
 700 024c 88010000 		.4byte	.LASF35
 701 0250 01       		.byte	0x1
 702 0251 F801     		.2byte	0x1f8
 703 0253 00000000 		.4byte	.LFB7
 704 0257 70000000 		.4byte	.LFE7-.LFB7
 705 025b 01       		.uleb128 0x1
 706 025c 9C       		.byte	0x9c
 707 025d 71020000 		.4byte	0x271
 708 0261 13       		.uleb128 0x13
 709 0262 9F010000 		.4byte	.LASF36
 710 0266 01       		.byte	0x1
 711 0267 FA01     		.2byte	0x1fa
 712 0269 76000000 		.4byte	0x76
 713 026d 02       		.uleb128 0x2
 714 026e 91       		.byte	0x91
 715 026f 74       		.sleb128 -12
 716 0270 00       		.byte	0
 717 0271 18       		.uleb128 0x18
 718 0272 42010000 		.4byte	.LASF37
 719 0276 01       		.byte	0x1
 720 0277 40       		.byte	0x40
 721 0278 76000000 		.4byte	0x76
 722 027c 05       		.uleb128 0x5
 723 027d 03       		.byte	0x3
 724 027e 00000000 		.4byte	cySysNoInitDataValid
 725 0282 12       		.uleb128 0x12
 726 0283 656E6400 		.ascii	"end\000"
 727 0287 01       		.byte	0x1
 728 0288 1C01     		.2byte	0x11c
 729 028a 5D000000 		.4byte	0x5d
 730 028e 19       		.uleb128 0x19
 731 028f DE000000 		.4byte	0xde
 732 0293 99020000 		.4byte	0x299
 733 0297 1A       		.uleb128 0x1a
 734 0298 00       		.byte	0
 735 0299 1B       		.uleb128 0x1b
 736 029a A8020000 		.4byte	.LASF38
 737 029e 01       		.byte	0x1
 738 029f E0       		.byte	0xe0
 739 02a0 A4020000 		.4byte	0x2a4
 740 02a4 0A       		.uleb128 0xa
 741 02a5 8E020000 		.4byte	0x28e
 742 02a9 1B       		.uleb128 0x1b
 743 02aa D5000000 		.4byte	.LASF39
 744 02ae 01       		.byte	0x1
 745 02af E1       		.byte	0xe1
 746 02b0 CE000000 		.4byte	0xce
 747 02b4 19       		.uleb128 0x19
 748 02b5 A7000000 		.4byte	0xa7
 749 02b9 C4020000 		.4byte	0x2c4
ARM GAS  C:\Users\YBOURA~1\AppData\Local\Temp\ccU0kJCa.s 			page 24


 750 02bd 1C       		.uleb128 0x1c
 751 02be C5000000 		.4byte	0xc5
 752 02c2 2F       		.byte	0x2f
 753 02c3 00       		.byte	0
 754 02c4 1D       		.uleb128 0x1d
 755 02c5 9B000000 		.4byte	.LASF40
 756 02c9 01       		.byte	0x1
 757 02ca C401     		.2byte	0x1c4
 758 02cc B4020000 		.4byte	0x2b4
 759 02d0 05       		.uleb128 0x5
 760 02d1 03       		.byte	0x3
 761 02d2 00000000 		.4byte	CyRamVectors
 762 02d6 19       		.uleb128 0x19
 763 02d7 A7000000 		.4byte	0xa7
 764 02db E6020000 		.4byte	0x2e6
 765 02df 1C       		.uleb128 0x1c
 766 02e0 C5000000 		.4byte	0xc5
 767 02e4 03       		.byte	0x3
 768 02e5 00       		.byte	0
 769 02e6 1D       		.uleb128 0x1d
 770 02e7 25010000 		.4byte	.LASF41
 771 02eb 01       		.byte	0x1
 772 02ec D501     		.2byte	0x1d5
 773 02ee F8020000 		.4byte	0x2f8
 774 02f2 05       		.uleb128 0x5
 775 02f3 03       		.byte	0x3
 776 02f4 00000000 		.4byte	RomVectors
 777 02f8 0A       		.uleb128 0xa
 778 02f9 D6020000 		.4byte	0x2d6
 779 02fd 00       		.byte	0
 780              		.section	.debug_abbrev,"",%progbits
 781              	.Ldebug_abbrev0:
 782 0000 01       		.uleb128 0x1
 783 0001 11       		.uleb128 0x11
 784 0002 01       		.byte	0x1
 785 0003 25       		.uleb128 0x25
 786 0004 0E       		.uleb128 0xe
 787 0005 13       		.uleb128 0x13
 788 0006 0B       		.uleb128 0xb
 789 0007 03       		.uleb128 0x3
 790 0008 0E       		.uleb128 0xe
 791 0009 1B       		.uleb128 0x1b
 792 000a 0E       		.uleb128 0xe
 793 000b 55       		.uleb128 0x55
 794 000c 17       		.uleb128 0x17
 795 000d 11       		.uleb128 0x11
 796 000e 01       		.uleb128 0x1
 797 000f 10       		.uleb128 0x10
 798 0010 17       		.uleb128 0x17
 799 0011 00       		.byte	0
 800 0012 00       		.byte	0
 801 0013 02       		.uleb128 0x2
 802 0014 24       		.uleb128 0x24
 803 0015 00       		.byte	0
 804 0016 0B       		.uleb128 0xb
 805 0017 0B       		.uleb128 0xb
 806 0018 3E       		.uleb128 0x3e
ARM GAS  C:\Users\YBOURA~1\AppData\Local\Temp\ccU0kJCa.s 			page 25


 807 0019 0B       		.uleb128 0xb
 808 001a 03       		.uleb128 0x3
 809 001b 0E       		.uleb128 0xe
 810 001c 00       		.byte	0
 811 001d 00       		.byte	0
 812 001e 03       		.uleb128 0x3
 813 001f 24       		.uleb128 0x24
 814 0020 00       		.byte	0
 815 0021 0B       		.uleb128 0xb
 816 0022 0B       		.uleb128 0xb
 817 0023 3E       		.uleb128 0x3e
 818 0024 0B       		.uleb128 0xb
 819 0025 03       		.uleb128 0x3
 820 0026 08       		.uleb128 0x8
 821 0027 00       		.byte	0
 822 0028 00       		.byte	0
 823 0029 04       		.uleb128 0x4
 824 002a 16       		.uleb128 0x16
 825 002b 00       		.byte	0
 826 002c 03       		.uleb128 0x3
 827 002d 0E       		.uleb128 0xe
 828 002e 3A       		.uleb128 0x3a
 829 002f 0B       		.uleb128 0xb
 830 0030 3B       		.uleb128 0x3b
 831 0031 0B       		.uleb128 0xb
 832 0032 49       		.uleb128 0x49
 833 0033 13       		.uleb128 0x13
 834 0034 00       		.byte	0
 835 0035 00       		.byte	0
 836 0036 05       		.uleb128 0x5
 837 0037 16       		.uleb128 0x16
 838 0038 00       		.byte	0
 839 0039 03       		.uleb128 0x3
 840 003a 0E       		.uleb128 0xe
 841 003b 3A       		.uleb128 0x3a
 842 003c 0B       		.uleb128 0xb
 843 003d 3B       		.uleb128 0x3b
 844 003e 05       		.uleb128 0x5
 845 003f 49       		.uleb128 0x49
 846 0040 13       		.uleb128 0x13
 847 0041 00       		.byte	0
 848 0042 00       		.byte	0
 849 0043 06       		.uleb128 0x6
 850 0044 35       		.uleb128 0x35
 851 0045 00       		.byte	0
 852 0046 49       		.uleb128 0x49
 853 0047 13       		.uleb128 0x13
 854 0048 00       		.byte	0
 855 0049 00       		.byte	0
 856 004a 07       		.uleb128 0x7
 857 004b 0F       		.uleb128 0xf
 858 004c 00       		.byte	0
 859 004d 0B       		.uleb128 0xb
 860 004e 0B       		.uleb128 0xb
 861 004f 49       		.uleb128 0x49
 862 0050 13       		.uleb128 0x13
 863 0051 00       		.byte	0
ARM GAS  C:\Users\YBOURA~1\AppData\Local\Temp\ccU0kJCa.s 			page 26


 864 0052 00       		.byte	0
 865 0053 08       		.uleb128 0x8
 866 0054 15       		.uleb128 0x15
 867 0055 00       		.byte	0
 868 0056 27       		.uleb128 0x27
 869 0057 19       		.uleb128 0x19
 870 0058 00       		.byte	0
 871 0059 00       		.byte	0
 872 005a 09       		.uleb128 0x9
 873 005b 0F       		.uleb128 0xf
 874 005c 00       		.byte	0
 875 005d 0B       		.uleb128 0xb
 876 005e 0B       		.uleb128 0xb
 877 005f 00       		.byte	0
 878 0060 00       		.byte	0
 879 0061 0A       		.uleb128 0xa
 880 0062 26       		.uleb128 0x26
 881 0063 00       		.byte	0
 882 0064 49       		.uleb128 0x49
 883 0065 13       		.uleb128 0x13
 884 0066 00       		.byte	0
 885 0067 00       		.byte	0
 886 0068 0B       		.uleb128 0xb
 887 0069 13       		.uleb128 0x13
 888 006a 01       		.byte	0x1
 889 006b 03       		.uleb128 0x3
 890 006c 0E       		.uleb128 0xe
 891 006d 0B       		.uleb128 0xb
 892 006e 0B       		.uleb128 0xb
 893 006f 3A       		.uleb128 0x3a
 894 0070 0B       		.uleb128 0xb
 895 0071 3B       		.uleb128 0x3b
 896 0072 0B       		.uleb128 0xb
 897 0073 01       		.uleb128 0x1
 898 0074 13       		.uleb128 0x13
 899 0075 00       		.byte	0
 900 0076 00       		.byte	0
 901 0077 0C       		.uleb128 0xc
 902 0078 0D       		.uleb128 0xd
 903 0079 00       		.byte	0
 904 007a 03       		.uleb128 0x3
 905 007b 0E       		.uleb128 0xe
 906 007c 3A       		.uleb128 0x3a
 907 007d 0B       		.uleb128 0xb
 908 007e 3B       		.uleb128 0x3b
 909 007f 0B       		.uleb128 0xb
 910 0080 49       		.uleb128 0x49
 911 0081 13       		.uleb128 0x13
 912 0082 38       		.uleb128 0x38
 913 0083 0B       		.uleb128 0xb
 914 0084 00       		.byte	0
 915 0085 00       		.byte	0
 916 0086 0D       		.uleb128 0xd
 917 0087 2E       		.uleb128 0x2e
 918 0088 00       		.byte	0
 919 0089 3F       		.uleb128 0x3f
 920 008a 19       		.uleb128 0x19
ARM GAS  C:\Users\YBOURA~1\AppData\Local\Temp\ccU0kJCa.s 			page 27


 921 008b 03       		.uleb128 0x3
 922 008c 0E       		.uleb128 0xe
 923 008d 3A       		.uleb128 0x3a
 924 008e 0B       		.uleb128 0xb
 925 008f 3B       		.uleb128 0x3b
 926 0090 0B       		.uleb128 0xb
 927 0091 27       		.uleb128 0x27
 928 0092 19       		.uleb128 0x19
 929 0093 11       		.uleb128 0x11
 930 0094 01       		.uleb128 0x1
 931 0095 12       		.uleb128 0x12
 932 0096 06       		.uleb128 0x6
 933 0097 40       		.uleb128 0x40
 934 0098 18       		.uleb128 0x18
 935 0099 9742     		.uleb128 0x2117
 936 009b 19       		.uleb128 0x19
 937 009c 00       		.byte	0
 938 009d 00       		.byte	0
 939 009e 0E       		.uleb128 0xe
 940 009f 2E       		.uleb128 0x2e
 941 00a0 01       		.byte	0x1
 942 00a1 3F       		.uleb128 0x3f
 943 00a2 19       		.uleb128 0x19
 944 00a3 03       		.uleb128 0x3
 945 00a4 0E       		.uleb128 0xe
 946 00a5 3A       		.uleb128 0x3a
 947 00a6 0B       		.uleb128 0xb
 948 00a7 3B       		.uleb128 0x3b
 949 00a8 0B       		.uleb128 0xb
 950 00a9 27       		.uleb128 0x27
 951 00aa 19       		.uleb128 0x19
 952 00ab 11       		.uleb128 0x11
 953 00ac 01       		.uleb128 0x1
 954 00ad 12       		.uleb128 0x12
 955 00ae 06       		.uleb128 0x6
 956 00af 40       		.uleb128 0x40
 957 00b0 18       		.uleb128 0x18
 958 00b1 9642     		.uleb128 0x2116
 959 00b3 19       		.uleb128 0x19
 960 00b4 01       		.uleb128 0x1
 961 00b5 13       		.uleb128 0x13
 962 00b6 00       		.byte	0
 963 00b7 00       		.byte	0
 964 00b8 0F       		.uleb128 0xf
 965 00b9 05       		.uleb128 0x5
 966 00ba 00       		.byte	0
 967 00bb 03       		.uleb128 0x3
 968 00bc 0E       		.uleb128 0xe
 969 00bd 3A       		.uleb128 0x3a
 970 00be 0B       		.uleb128 0xb
 971 00bf 3B       		.uleb128 0x3b
 972 00c0 0B       		.uleb128 0xb
 973 00c1 49       		.uleb128 0x49
 974 00c2 13       		.uleb128 0x13
 975 00c3 02       		.uleb128 0x2
 976 00c4 18       		.uleb128 0x18
 977 00c5 00       		.byte	0
ARM GAS  C:\Users\YBOURA~1\AppData\Local\Temp\ccU0kJCa.s 			page 28


 978 00c6 00       		.byte	0
 979 00c7 10       		.uleb128 0x10
 980 00c8 2E       		.uleb128 0x2e
 981 00c9 01       		.byte	0x1
 982 00ca 3F       		.uleb128 0x3f
 983 00cb 19       		.uleb128 0x19
 984 00cc 03       		.uleb128 0x3
 985 00cd 0E       		.uleb128 0xe
 986 00ce 3A       		.uleb128 0x3a
 987 00cf 0B       		.uleb128 0xb
 988 00d0 3B       		.uleb128 0x3b
 989 00d1 05       		.uleb128 0x5
 990 00d2 27       		.uleb128 0x27
 991 00d3 19       		.uleb128 0x19
 992 00d4 49       		.uleb128 0x49
 993 00d5 13       		.uleb128 0x13
 994 00d6 11       		.uleb128 0x11
 995 00d7 01       		.uleb128 0x1
 996 00d8 12       		.uleb128 0x12
 997 00d9 06       		.uleb128 0x6
 998 00da 40       		.uleb128 0x40
 999 00db 18       		.uleb128 0x18
 1000 00dc 9642     		.uleb128 0x2116
 1001 00de 19       		.uleb128 0x19
 1002 00df 01       		.uleb128 0x1
 1003 00e0 13       		.uleb128 0x13
 1004 00e1 00       		.byte	0
 1005 00e2 00       		.byte	0
 1006 00e3 11       		.uleb128 0x11
 1007 00e4 05       		.uleb128 0x5
 1008 00e5 00       		.byte	0
 1009 00e6 03       		.uleb128 0x3
 1010 00e7 0E       		.uleb128 0xe
 1011 00e8 3A       		.uleb128 0x3a
 1012 00e9 0B       		.uleb128 0xb
 1013 00ea 3B       		.uleb128 0x3b
 1014 00eb 05       		.uleb128 0x5
 1015 00ec 49       		.uleb128 0x49
 1016 00ed 13       		.uleb128 0x13
 1017 00ee 02       		.uleb128 0x2
 1018 00ef 18       		.uleb128 0x18
 1019 00f0 00       		.byte	0
 1020 00f1 00       		.byte	0
 1021 00f2 12       		.uleb128 0x12
 1022 00f3 34       		.uleb128 0x34
 1023 00f4 00       		.byte	0
 1024 00f5 03       		.uleb128 0x3
 1025 00f6 08       		.uleb128 0x8
 1026 00f7 3A       		.uleb128 0x3a
 1027 00f8 0B       		.uleb128 0xb
 1028 00f9 3B       		.uleb128 0x3b
 1029 00fa 05       		.uleb128 0x5
 1030 00fb 49       		.uleb128 0x49
 1031 00fc 13       		.uleb128 0x13
 1032 00fd 3F       		.uleb128 0x3f
 1033 00fe 19       		.uleb128 0x19
 1034 00ff 3C       		.uleb128 0x3c
ARM GAS  C:\Users\YBOURA~1\AppData\Local\Temp\ccU0kJCa.s 			page 29


 1035 0100 19       		.uleb128 0x19
 1036 0101 00       		.byte	0
 1037 0102 00       		.byte	0
 1038 0103 13       		.uleb128 0x13
 1039 0104 34       		.uleb128 0x34
 1040 0105 00       		.byte	0
 1041 0106 03       		.uleb128 0x3
 1042 0107 0E       		.uleb128 0xe
 1043 0108 3A       		.uleb128 0x3a
 1044 0109 0B       		.uleb128 0xb
 1045 010a 3B       		.uleb128 0x3b
 1046 010b 05       		.uleb128 0x5
 1047 010c 49       		.uleb128 0x49
 1048 010d 13       		.uleb128 0x13
 1049 010e 02       		.uleb128 0x2
 1050 010f 18       		.uleb128 0x18
 1051 0110 00       		.byte	0
 1052 0111 00       		.byte	0
 1053 0112 14       		.uleb128 0x14
 1054 0113 2E       		.uleb128 0x2e
 1055 0114 01       		.byte	0x1
 1056 0115 3F       		.uleb128 0x3f
 1057 0116 19       		.uleb128 0x19
 1058 0117 03       		.uleb128 0x3
 1059 0118 0E       		.uleb128 0xe
 1060 0119 3A       		.uleb128 0x3a
 1061 011a 0B       		.uleb128 0xb
 1062 011b 3B       		.uleb128 0x3b
 1063 011c 05       		.uleb128 0x5
 1064 011d 27       		.uleb128 0x27
 1065 011e 19       		.uleb128 0x19
 1066 011f 11       		.uleb128 0x11
 1067 0120 01       		.uleb128 0x1
 1068 0121 12       		.uleb128 0x12
 1069 0122 06       		.uleb128 0x6
 1070 0123 40       		.uleb128 0x40
 1071 0124 18       		.uleb128 0x18
 1072 0125 9642     		.uleb128 0x2116
 1073 0127 19       		.uleb128 0x19
 1074 0128 01       		.uleb128 0x1
 1075 0129 13       		.uleb128 0x13
 1076 012a 00       		.byte	0
 1077 012b 00       		.byte	0
 1078 012c 15       		.uleb128 0x15
 1079 012d 0B       		.uleb128 0xb
 1080 012e 01       		.byte	0x1
 1081 012f 11       		.uleb128 0x11
 1082 0130 01       		.uleb128 0x1
 1083 0131 12       		.uleb128 0x12
 1084 0132 06       		.uleb128 0x6
 1085 0133 00       		.byte	0
 1086 0134 00       		.byte	0
 1087 0135 16       		.uleb128 0x16
 1088 0136 34       		.uleb128 0x34
 1089 0137 00       		.byte	0
 1090 0138 03       		.uleb128 0x3
 1091 0139 08       		.uleb128 0x8
ARM GAS  C:\Users\YBOURA~1\AppData\Local\Temp\ccU0kJCa.s 			page 30


 1092 013a 3A       		.uleb128 0x3a
 1093 013b 0B       		.uleb128 0xb
 1094 013c 3B       		.uleb128 0x3b
 1095 013d 05       		.uleb128 0x5
 1096 013e 49       		.uleb128 0x49
 1097 013f 13       		.uleb128 0x13
 1098 0140 02       		.uleb128 0x2
 1099 0141 18       		.uleb128 0x18
 1100 0142 00       		.byte	0
 1101 0143 00       		.byte	0
 1102 0144 17       		.uleb128 0x17
 1103 0145 2E       		.uleb128 0x2e
 1104 0146 00       		.byte	0
 1105 0147 3F       		.uleb128 0x3f
 1106 0148 19       		.uleb128 0x19
 1107 0149 03       		.uleb128 0x3
 1108 014a 0E       		.uleb128 0xe
 1109 014b 3A       		.uleb128 0x3a
 1110 014c 0B       		.uleb128 0xb
 1111 014d 3B       		.uleb128 0x3b
 1112 014e 05       		.uleb128 0x5
 1113 014f 27       		.uleb128 0x27
 1114 0150 19       		.uleb128 0x19
 1115 0151 11       		.uleb128 0x11
 1116 0152 01       		.uleb128 0x1
 1117 0153 12       		.uleb128 0x12
 1118 0154 06       		.uleb128 0x6
 1119 0155 40       		.uleb128 0x40
 1120 0156 18       		.uleb128 0x18
 1121 0157 9642     		.uleb128 0x2116
 1122 0159 19       		.uleb128 0x19
 1123 015a 00       		.byte	0
 1124 015b 00       		.byte	0
 1125 015c 18       		.uleb128 0x18
 1126 015d 34       		.uleb128 0x34
 1127 015e 00       		.byte	0
 1128 015f 03       		.uleb128 0x3
 1129 0160 0E       		.uleb128 0xe
 1130 0161 3A       		.uleb128 0x3a
 1131 0162 0B       		.uleb128 0xb
 1132 0163 3B       		.uleb128 0x3b
 1133 0164 0B       		.uleb128 0xb
 1134 0165 49       		.uleb128 0x49
 1135 0166 13       		.uleb128 0x13
 1136 0167 02       		.uleb128 0x2
 1137 0168 18       		.uleb128 0x18
 1138 0169 00       		.byte	0
 1139 016a 00       		.byte	0
 1140 016b 19       		.uleb128 0x19
 1141 016c 01       		.uleb128 0x1
 1142 016d 01       		.byte	0x1
 1143 016e 49       		.uleb128 0x49
 1144 016f 13       		.uleb128 0x13
 1145 0170 01       		.uleb128 0x1
 1146 0171 13       		.uleb128 0x13
 1147 0172 00       		.byte	0
 1148 0173 00       		.byte	0
ARM GAS  C:\Users\YBOURA~1\AppData\Local\Temp\ccU0kJCa.s 			page 31


 1149 0174 1A       		.uleb128 0x1a
 1150 0175 21       		.uleb128 0x21
 1151 0176 00       		.byte	0
 1152 0177 00       		.byte	0
 1153 0178 00       		.byte	0
 1154 0179 1B       		.uleb128 0x1b
 1155 017a 34       		.uleb128 0x34
 1156 017b 00       		.byte	0
 1157 017c 03       		.uleb128 0x3
 1158 017d 0E       		.uleb128 0xe
 1159 017e 3A       		.uleb128 0x3a
 1160 017f 0B       		.uleb128 0xb
 1161 0180 3B       		.uleb128 0x3b
 1162 0181 0B       		.uleb128 0xb
 1163 0182 49       		.uleb128 0x49
 1164 0183 13       		.uleb128 0x13
 1165 0184 3F       		.uleb128 0x3f
 1166 0185 19       		.uleb128 0x19
 1167 0186 3C       		.uleb128 0x3c
 1168 0187 19       		.uleb128 0x19
 1169 0188 00       		.byte	0
 1170 0189 00       		.byte	0
 1171 018a 1C       		.uleb128 0x1c
 1172 018b 21       		.uleb128 0x21
 1173 018c 00       		.byte	0
 1174 018d 49       		.uleb128 0x49
 1175 018e 13       		.uleb128 0x13
 1176 018f 2F       		.uleb128 0x2f
 1177 0190 0B       		.uleb128 0xb
 1178 0191 00       		.byte	0
 1179 0192 00       		.byte	0
 1180 0193 1D       		.uleb128 0x1d
 1181 0194 34       		.uleb128 0x34
 1182 0195 00       		.byte	0
 1183 0196 03       		.uleb128 0x3
 1184 0197 0E       		.uleb128 0xe
 1185 0198 3A       		.uleb128 0x3a
 1186 0199 0B       		.uleb128 0xb
 1187 019a 3B       		.uleb128 0x3b
 1188 019b 05       		.uleb128 0x5
 1189 019c 49       		.uleb128 0x49
 1190 019d 13       		.uleb128 0x13
 1191 019e 3F       		.uleb128 0x3f
 1192 019f 19       		.uleb128 0x19
 1193 01a0 02       		.uleb128 0x2
 1194 01a1 18       		.uleb128 0x18
 1195 01a2 00       		.byte	0
 1196 01a3 00       		.byte	0
 1197 01a4 00       		.byte	0
 1198              		.section	.debug_aranges,"",%progbits
 1199 0000 44000000 		.4byte	0x44
 1200 0004 0200     		.2byte	0x2
 1201 0006 00000000 		.4byte	.Ldebug_info0
 1202 000a 04       		.byte	0x4
 1203 000b 00       		.byte	0
 1204 000c 0000     		.2byte	0
 1205 000e 0000     		.2byte	0
ARM GAS  C:\Users\YBOURA~1\AppData\Local\Temp\ccU0kJCa.s 			page 32


 1206 0010 00000000 		.4byte	.LFB2
 1207 0014 06000000 		.4byte	.LFE2-.LFB2
 1208 0018 00000000 		.4byte	.LFB3
 1209 001c 14000000 		.4byte	.LFE3-.LFB3
 1210 0020 00000000 		.4byte	.LFB4
 1211 0024 54000000 		.4byte	.LFE4-.LFB4
 1212 0028 00000000 		.4byte	.LFB5
 1213 002c 98000000 		.4byte	.LFE5-.LFB5
 1214 0030 00000000 		.4byte	.LFB6
 1215 0034 08000000 		.4byte	.LFE6-.LFB6
 1216 0038 00000000 		.4byte	.LFB7
 1217 003c 70000000 		.4byte	.LFE7-.LFB7
 1218 0040 00000000 		.4byte	0
 1219 0044 00000000 		.4byte	0
 1220              		.section	.debug_ranges,"",%progbits
 1221              	.Ldebug_ranges0:
 1222 0000 00000000 		.4byte	.LFB2
 1223 0004 06000000 		.4byte	.LFE2
 1224 0008 00000000 		.4byte	.LFB3
 1225 000c 14000000 		.4byte	.LFE3
 1226 0010 00000000 		.4byte	.LFB4
 1227 0014 54000000 		.4byte	.LFE4
 1228 0018 00000000 		.4byte	.LFB5
 1229 001c 98000000 		.4byte	.LFE5
 1230 0020 00000000 		.4byte	.LFB6
 1231 0024 08000000 		.4byte	.LFE6
 1232 0028 00000000 		.4byte	.LFB7
 1233 002c 70000000 		.4byte	.LFE7
 1234 0030 00000000 		.4byte	0
 1235 0034 00000000 		.4byte	0
 1236              		.section	.debug_line,"",%progbits
 1237              	.Ldebug_line0:
 1238 0000 C6010000 		.section	.debug_str,"MS",%progbits,1
 1238      0200C900 
 1238      00000201 
 1238      FB0E0D00 
 1238      01010101 
 1239              	.LASF14:
 1240 0000 72656733 		.ascii	"reg32\000"
 1240      3200
 1241              	.LASF42:
 1242 0006 474E5520 		.ascii	"GNU C 4.9.3 20150303 (release) [ARM/embedded-4_9-br"
 1242      4320342E 
 1242      392E3320 
 1242      32303135 
 1242      30333033 
 1243 0039 616E6368 		.ascii	"anch revision 221220] -mcpu=cortex-m0 -mthumb -g -O"
 1243      20726576 
 1243      6973696F 
 1243      6E203232 
 1243      31323230 
 1244 006c 30202D66 		.ascii	"0 -ffunction-sections -ffat-lto-objects\000"
 1244      66756E63 
 1244      74696F6E 
 1244      2D736563 
 1244      74696F6E 
 1245              	.LASF16:
ARM GAS  C:\Users\YBOURA~1\AppData\Local\Temp\ccU0kJCa.s 			page 33


 1246 0094 73697A65 		.ascii	"size_t\000"
 1246      5F7400
 1247              	.LASF40:
 1248 009b 43795261 		.ascii	"CyRamVectors\000"
 1248      6D566563 
 1248      746F7273 
 1248      00
 1249              	.LASF28:
 1250 00a8 53746172 		.ascii	"Start_c\000"
 1250      745F6300 
 1251              	.LASF32:
 1252 00b0 636F756E 		.ascii	"count\000"
 1252      7400
 1253              	.LASF26:
 1254 00b6 68656170 		.ascii	"heapPointer\000"
 1254      506F696E 
 1254      74657200 
 1255              	.LASF3:
 1256 00c2 73686F72 		.ascii	"short unsigned int\000"
 1256      7420756E 
 1256      7369676E 
 1256      65642069 
 1256      6E7400
 1257              	.LASF39:
 1258 00d5 5F5F6379 		.ascii	"__cy_region_num\000"
 1258      5F726567 
 1258      696F6E5F 
 1258      6E756D00 
 1259              	.LASF19:
 1260 00e5 696E6974 		.ascii	"init\000"
 1260      00
 1261              	.LASF23:
 1262 00ea 73746174 		.ascii	"status\000"
 1262      757300
 1263              	.LASF22:
 1264 00f1 7A65726F 		.ascii	"zero_size\000"
 1264      5F73697A 
 1264      6500
 1265              	.LASF30:
 1266 00fb 72707472 		.ascii	"rptr\000"
 1266      00
 1267              	.LASF11:
 1268 0100 666C6F61 		.ascii	"float\000"
 1268      7400
 1269              	.LASF20:
 1270 0106 64617461 		.ascii	"data\000"
 1270      00
 1271              	.LASF1:
 1272 010b 756E7369 		.ascii	"unsigned char\000"
 1272      676E6564 
 1272      20636861 
 1272      7200
 1273              	.LASF25:
 1274 0119 72657475 		.ascii	"returnValue\000"
 1274      726E5661 
 1274      6C756500 
 1275              	.LASF41:
ARM GAS  C:\Users\YBOURA~1\AppData\Local\Temp\ccU0kJCa.s 			page 34


 1276 0125 526F6D56 		.ascii	"RomVectors\000"
 1276      6563746F 
 1276      727300
 1277              	.LASF5:
 1278 0130 6C6F6E67 		.ascii	"long unsigned int\000"
 1278      20756E73 
 1278      69676E65 
 1278      6420696E 
 1278      7400
 1279              	.LASF37:
 1280 0142 63795379 		.ascii	"cySysNoInitDataValid\000"
 1280      734E6F49 
 1280      6E697444 
 1280      61746156 
 1280      616C6964 
 1281              	.LASF9:
 1282 0157 75696E74 		.ascii	"uint8\000"
 1282      3800
 1283              	.LASF34:
 1284 015d 52657365 		.ascii	"Reset\000"
 1284      7400
 1285              	.LASF27:
 1286 0163 5F657869 		.ascii	"_exit\000"
 1286      7400
 1287              	.LASF33:
 1288 0169 496E7444 		.ascii	"IntDefaultHandler\000"
 1288      65666175 
 1288      6C744861 
 1288      6E646C65 
 1288      7200
 1289              	.LASF46:
 1290 017b 5F736272 		.ascii	"_sbrk\000"
 1290      6B00
 1291              	.LASF12:
 1292 0181 646F7562 		.ascii	"double\000"
 1292      6C6500
 1293              	.LASF35:
 1294 0188 696E6974 		.ascii	"initialize_psoc\000"
 1294      69616C69 
 1294      7A655F70 
 1294      736F6300 
 1295              	.LASF10:
 1296 0198 75696E74 		.ascii	"uint32\000"
 1296      333200
 1297              	.LASF36:
 1298 019f 696E6465 		.ascii	"indexInit\000"
 1298      78496E69 
 1298      7400
 1299              	.LASF8:
 1300 01a9 756E7369 		.ascii	"unsigned int\000"
 1300      676E6564 
 1300      20696E74 
 1300      00
 1301              	.LASF7:
 1302 01b6 6C6F6E67 		.ascii	"long long unsigned int\000"
 1302      206C6F6E 
 1302      6720756E 
ARM GAS  C:\Users\YBOURA~1\AppData\Local\Temp\ccU0kJCa.s 			page 35


 1302      7369676E 
 1302      65642069 
 1303              	.LASF31:
 1304 01cd 6C696D69 		.ascii	"limit\000"
 1304      7400
 1305              	.LASF15:
 1306 01d3 63796973 		.ascii	"cyisraddress\000"
 1306      72616464 
 1306      72657373 
 1306      00
 1307              	.LASF21:
 1308 01e0 696E6974 		.ascii	"init_size\000"
 1308      5F73697A 
 1308      6500
 1309              	.LASF18:
 1310 01ea 5F5F6379 		.ascii	"__cy_byte_align8\000"
 1310      5F627974 
 1310      655F616C 
 1310      69676E38 
 1310      00
 1311              	.LASF17:
 1312 01fb 73697A65 		.ascii	"sizetype\000"
 1312      74797065 
 1312      00
 1313              	.LASF6:
 1314 0204 6C6F6E67 		.ascii	"long long int\000"
 1314      206C6F6E 
 1314      6720696E 
 1314      7400
 1315              	.LASF13:
 1316 0212 63686172 		.ascii	"char\000"
 1316      00
 1317              	.LASF43:
 1318 0217 2E5C4765 		.ascii	".\\Generated_Source\\PSoC4\\Cm0Start.c\000"
 1318      6E657261 
 1318      7465645F 
 1318      536F7572 
 1318      63655C50 
 1319              	.LASF2:
 1320 023b 73686F72 		.ascii	"short int\000"
 1320      7420696E 
 1320      7400
 1321              	.LASF44:
 1322 0245 433A5C55 		.ascii	"C:\\Users\\ybourassa\\Documents\\GitHub\\PROC-OBSER"
 1322      73657273 
 1322      5C79626F 
 1322      75726173 
 1322      73615C44 
 1323 0273 5645522D 		.ascii	"VER-BLE\\YAB Observer PSoC.cydsn\000"
 1323      424C455C 
 1323      59414220 
 1323      4F627365 
 1323      72766572 
 1324              	.LASF4:
 1325 0293 6C6F6E67 		.ascii	"long int\000"
 1325      20696E74 
 1325      00
ARM GAS  C:\Users\YBOURA~1\AppData\Local\Temp\ccU0kJCa.s 			page 36


 1326              	.LASF0:
 1327 029c 7369676E 		.ascii	"signed char\000"
 1327      65642063 
 1327      68617200 
 1328              	.LASF38:
 1329 02a8 5F5F6379 		.ascii	"__cy_regions\000"
 1329      5F726567 
 1329      696F6E73 
 1329      00
 1330              	.LASF29:
 1331 02b5 72656769 		.ascii	"regions\000"
 1331      6F6E7300 
 1332              	.LASF24:
 1333 02bd 6E627974 		.ascii	"nbytes\000"
 1333      657300
 1334              	.LASF45:
 1335 02c4 5F5F6379 		.ascii	"__cy_region\000"
 1335      5F726567 
 1335      696F6E00 
 1336              		.ident	"GCC: (GNU Tools for ARM Embedded Processors) 4.9.3 20150303 (release) [ARM/embedded-4_9-br
