ARM GAS  C:\Users\YBOURA~1\AppData\Local\Temp\ccGZLw5A.s 			page 1


   1              		.cpu cortex-m0
   2              		.fpu softvfp
   3              		.eabi_attribute 20, 1
   4              		.eabi_attribute 21, 1
   5              		.eabi_attribute 23, 3
   6              		.eabi_attribute 24, 1
   7              		.eabi_attribute 25, 1
   8              		.eabi_attribute 26, 1
   9              		.eabi_attribute 30, 6
  10              		.eabi_attribute 34, 0
  11              		.eabi_attribute 18, 4
  12              		.code	16
  13              		.file	"cyfitter_cfg.c"
  14              		.text
  15              	.Ltext0:
  16              		.cfi_sections	.debug_frame
  17              		.section	.text.CYMEMZERO,"ax",%progbits
  18              		.align	2
  19              		.code	16
  20              		.thumb_func
  21              		.type	CYMEMZERO, %function
  22              	CYMEMZERO:
  23              	.LFB2:
  24              		.file 1 ".\\Generated_Source\\PSoC4\\cyfitter_cfg.c"
   1:.\Generated_Source\PSoC4/cyfitter_cfg.c **** /*******************************************************************************
   2:.\Generated_Source\PSoC4/cyfitter_cfg.c **** * File Name: cyfitter_cfg.c
   3:.\Generated_Source\PSoC4/cyfitter_cfg.c **** * 
   4:.\Generated_Source\PSoC4/cyfitter_cfg.c **** * PSoC Creator  3.3 CP1
   5:.\Generated_Source\PSoC4/cyfitter_cfg.c **** *
   6:.\Generated_Source\PSoC4/cyfitter_cfg.c **** * Description:
   7:.\Generated_Source\PSoC4/cyfitter_cfg.c **** * This file contains device initialization code.
   8:.\Generated_Source\PSoC4/cyfitter_cfg.c **** * Except for the user defined sections in CyClockStartupError(), this file should not be modified.
   9:.\Generated_Source\PSoC4/cyfitter_cfg.c **** * This file is automatically generated by PSoC Creator.
  10:.\Generated_Source\PSoC4/cyfitter_cfg.c **** *
  11:.\Generated_Source\PSoC4/cyfitter_cfg.c **** ********************************************************************************
  12:.\Generated_Source\PSoC4/cyfitter_cfg.c **** * Copyright (c) 2007-2015 Cypress Semiconductor.  All rights reserved.
  13:.\Generated_Source\PSoC4/cyfitter_cfg.c **** * You may use this file only in accordance with the license, terms, conditions, 
  14:.\Generated_Source\PSoC4/cyfitter_cfg.c **** * disclaimers, and limitations in the end user license agreement accompanying 
  15:.\Generated_Source\PSoC4/cyfitter_cfg.c **** * the software package with which this file was provided.
  16:.\Generated_Source\PSoC4/cyfitter_cfg.c **** ********************************************************************************/
  17:.\Generated_Source\PSoC4/cyfitter_cfg.c **** 
  18:.\Generated_Source\PSoC4/cyfitter_cfg.c **** #include <string.h>
  19:.\Generated_Source\PSoC4/cyfitter_cfg.c **** #include "cytypes.h"
  20:.\Generated_Source\PSoC4/cyfitter_cfg.c **** #include "cydevice_trm.h"
  21:.\Generated_Source\PSoC4/cyfitter_cfg.c **** #include "cyfitter.h"
  22:.\Generated_Source\PSoC4/cyfitter_cfg.c **** #include "CyLib.h"
  23:.\Generated_Source\PSoC4/cyfitter_cfg.c **** #include "cyfitter_cfg.h"
  24:.\Generated_Source\PSoC4/cyfitter_cfg.c **** 
  25:.\Generated_Source\PSoC4/cyfitter_cfg.c **** 
  26:.\Generated_Source\PSoC4/cyfitter_cfg.c **** #if defined(__GNUC__) || defined(__ARMCC_VERSION)
  27:.\Generated_Source\PSoC4/cyfitter_cfg.c ****     #define CYPACKED 
  28:.\Generated_Source\PSoC4/cyfitter_cfg.c ****     #define CYPACKED_ATTR __attribute__ ((packed))
  29:.\Generated_Source\PSoC4/cyfitter_cfg.c ****     #define CYALIGNED __attribute__ ((aligned))
  30:.\Generated_Source\PSoC4/cyfitter_cfg.c ****     #define CY_CFG_UNUSED __attribute__ ((unused))
  31:.\Generated_Source\PSoC4/cyfitter_cfg.c ****     #define CY_CFG_SECTION __attribute__ ((section(".psocinit")))
  32:.\Generated_Source\PSoC4/cyfitter_cfg.c ****     
  33:.\Generated_Source\PSoC4/cyfitter_cfg.c ****     #if defined(__ARMCC_VERSION)
ARM GAS  C:\Users\YBOURA~1\AppData\Local\Temp\ccGZLw5A.s 			page 2


  34:.\Generated_Source\PSoC4/cyfitter_cfg.c ****         #define CY_CFG_MEMORY_BARRIER() __memory_changed()
  35:.\Generated_Source\PSoC4/cyfitter_cfg.c ****     #else
  36:.\Generated_Source\PSoC4/cyfitter_cfg.c ****         #define CY_CFG_MEMORY_BARRIER() __sync_synchronize()
  37:.\Generated_Source\PSoC4/cyfitter_cfg.c ****     #endif
  38:.\Generated_Source\PSoC4/cyfitter_cfg.c ****     
  39:.\Generated_Source\PSoC4/cyfitter_cfg.c **** #elif defined(__ICCARM__)
  40:.\Generated_Source\PSoC4/cyfitter_cfg.c ****     #include <intrinsics.h>
  41:.\Generated_Source\PSoC4/cyfitter_cfg.c **** 
  42:.\Generated_Source\PSoC4/cyfitter_cfg.c ****     #define CYPACKED __packed
  43:.\Generated_Source\PSoC4/cyfitter_cfg.c ****     #define CYPACKED_ATTR 
  44:.\Generated_Source\PSoC4/cyfitter_cfg.c ****     #define CYALIGNED _Pragma("data_alignment=4")
  45:.\Generated_Source\PSoC4/cyfitter_cfg.c ****     #define CY_CFG_UNUSED _Pragma("diag_suppress=Pe177")
  46:.\Generated_Source\PSoC4/cyfitter_cfg.c ****     #define CY_CFG_SECTION _Pragma("location=\".psocinit\"")
  47:.\Generated_Source\PSoC4/cyfitter_cfg.c ****     
  48:.\Generated_Source\PSoC4/cyfitter_cfg.c ****     #define CY_CFG_MEMORY_BARRIER() __DMB()
  49:.\Generated_Source\PSoC4/cyfitter_cfg.c ****     
  50:.\Generated_Source\PSoC4/cyfitter_cfg.c **** #else
  51:.\Generated_Source\PSoC4/cyfitter_cfg.c ****     #error Unsupported toolchain
  52:.\Generated_Source\PSoC4/cyfitter_cfg.c **** #endif
  53:.\Generated_Source\PSoC4/cyfitter_cfg.c **** 
  54:.\Generated_Source\PSoC4/cyfitter_cfg.c **** 
  55:.\Generated_Source\PSoC4/cyfitter_cfg.c **** CY_CFG_UNUSED
  56:.\Generated_Source\PSoC4/cyfitter_cfg.c **** static void CYMEMZERO(void *s, size_t n);
  57:.\Generated_Source\PSoC4/cyfitter_cfg.c **** CY_CFG_UNUSED
  58:.\Generated_Source\PSoC4/cyfitter_cfg.c **** static void CYMEMZERO(void *s, size_t n)
  59:.\Generated_Source\PSoC4/cyfitter_cfg.c **** {
  25              		.loc 1 59 0
  26              		.cfi_startproc
  27 0000 80B5     		push	{r7, lr}
  28              		.cfi_def_cfa_offset 8
  29              		.cfi_offset 7, -8
  30              		.cfi_offset 14, -4
  31 0002 82B0     		sub	sp, sp, #8
  32              		.cfi_def_cfa_offset 16
  33 0004 00AF     		add	r7, sp, #0
  34              		.cfi_def_cfa_register 7
  35 0006 7860     		str	r0, [r7, #4]
  36 0008 3960     		str	r1, [r7]
  60:.\Generated_Source\PSoC4/cyfitter_cfg.c **** 	(void)memset(s, 0, n);
  37              		.loc 1 60 0
  38 000a 7A68     		ldr	r2, [r7, #4]
  39 000c 3B68     		ldr	r3, [r7]
  40 000e 101C     		mov	r0, r2
  41 0010 0021     		mov	r1, #0
  42 0012 1A1C     		mov	r2, r3
  43 0014 FFF7FEFF 		bl	memset
  61:.\Generated_Source\PSoC4/cyfitter_cfg.c **** }
  44              		.loc 1 61 0
  45 0018 BD46     		mov	sp, r7
  46 001a 02B0     		add	sp, sp, #8
  47              		@ sp needed
  48 001c 80BD     		pop	{r7, pc}
  49              		.cfi_endproc
  50              	.LFE2:
  51              		.size	CYMEMZERO, .-CYMEMZERO
  52 001e C046     		.section	.text.CYCONFIGCPY,"ax",%progbits
  53              		.align	2
ARM GAS  C:\Users\YBOURA~1\AppData\Local\Temp\ccGZLw5A.s 			page 3


  54              		.code	16
  55              		.thumb_func
  56              		.type	CYCONFIGCPY, %function
  57              	CYCONFIGCPY:
  58              	.LFB3:
  62:.\Generated_Source\PSoC4/cyfitter_cfg.c **** CY_CFG_UNUSED
  63:.\Generated_Source\PSoC4/cyfitter_cfg.c **** static void CYCONFIGCPY(void *dest, const void *src, size_t n);
  64:.\Generated_Source\PSoC4/cyfitter_cfg.c **** CY_CFG_UNUSED
  65:.\Generated_Source\PSoC4/cyfitter_cfg.c **** static void CYCONFIGCPY(void *dest, const void *src, size_t n)
  66:.\Generated_Source\PSoC4/cyfitter_cfg.c **** {
  59              		.loc 1 66 0
  60              		.cfi_startproc
  61 0000 80B5     		push	{r7, lr}
  62              		.cfi_def_cfa_offset 8
  63              		.cfi_offset 7, -8
  64              		.cfi_offset 14, -4
  65 0002 84B0     		sub	sp, sp, #16
  66              		.cfi_def_cfa_offset 24
  67 0004 00AF     		add	r7, sp, #0
  68              		.cfi_def_cfa_register 7
  69 0006 F860     		str	r0, [r7, #12]
  70 0008 B960     		str	r1, [r7, #8]
  71 000a 7A60     		str	r2, [r7, #4]
  67:.\Generated_Source\PSoC4/cyfitter_cfg.c **** 	(void)memcpy(dest, src, n);
  72              		.loc 1 67 0
  73 000c F968     		ldr	r1, [r7, #12]
  74 000e BA68     		ldr	r2, [r7, #8]
  75 0010 7B68     		ldr	r3, [r7, #4]
  76 0012 081C     		mov	r0, r1
  77 0014 111C     		mov	r1, r2
  78 0016 1A1C     		mov	r2, r3
  79 0018 FFF7FEFF 		bl	memcpy
  68:.\Generated_Source\PSoC4/cyfitter_cfg.c **** }
  80              		.loc 1 68 0
  81 001c BD46     		mov	sp, r7
  82 001e 04B0     		add	sp, sp, #16
  83              		@ sp needed
  84 0020 80BD     		pop	{r7, pc}
  85              		.cfi_endproc
  86              	.LFE3:
  87              		.size	CYCONFIGCPY, .-CYCONFIGCPY
  88 0022 C046     		.section	.text.CYCONFIGCPYCODE,"ax",%progbits
  89              		.align	2
  90              		.code	16
  91              		.thumb_func
  92              		.type	CYCONFIGCPYCODE, %function
  93              	CYCONFIGCPYCODE:
  94              	.LFB4:
  69:.\Generated_Source\PSoC4/cyfitter_cfg.c **** CY_CFG_UNUSED
  70:.\Generated_Source\PSoC4/cyfitter_cfg.c **** static void CYCONFIGCPYCODE(void *dest, const void *src, size_t n);
  71:.\Generated_Source\PSoC4/cyfitter_cfg.c **** CY_CFG_UNUSED
  72:.\Generated_Source\PSoC4/cyfitter_cfg.c **** static void CYCONFIGCPYCODE(void *dest, const void *src, size_t n)
  73:.\Generated_Source\PSoC4/cyfitter_cfg.c **** {
  95              		.loc 1 73 0
  96              		.cfi_startproc
  97 0000 80B5     		push	{r7, lr}
  98              		.cfi_def_cfa_offset 8
ARM GAS  C:\Users\YBOURA~1\AppData\Local\Temp\ccGZLw5A.s 			page 4


  99              		.cfi_offset 7, -8
 100              		.cfi_offset 14, -4
 101 0002 84B0     		sub	sp, sp, #16
 102              		.cfi_def_cfa_offset 24
 103 0004 00AF     		add	r7, sp, #0
 104              		.cfi_def_cfa_register 7
 105 0006 F860     		str	r0, [r7, #12]
 106 0008 B960     		str	r1, [r7, #8]
 107 000a 7A60     		str	r2, [r7, #4]
  74:.\Generated_Source\PSoC4/cyfitter_cfg.c **** 	(void)memcpy(dest, src, n);
 108              		.loc 1 74 0
 109 000c F968     		ldr	r1, [r7, #12]
 110 000e BA68     		ldr	r2, [r7, #8]
 111 0010 7B68     		ldr	r3, [r7, #4]
 112 0012 081C     		mov	r0, r1
 113 0014 111C     		mov	r1, r2
 114 0016 1A1C     		mov	r2, r3
 115 0018 FFF7FEFF 		bl	memcpy
  75:.\Generated_Source\PSoC4/cyfitter_cfg.c **** }
 116              		.loc 1 75 0
 117 001c BD46     		mov	sp, r7
 118 001e 04B0     		add	sp, sp, #16
 119              		@ sp needed
 120 0020 80BD     		pop	{r7, pc}
 121              		.cfi_endproc
 122              	.LFE4:
 123              		.size	CYCONFIGCPYCODE, .-CYCONFIGCPYCODE
 124 0022 C046     		.section	.psocinit,"ax",%progbits
 125              		.align	2
 126              		.code	16
 127              		.thumb_func
 128              		.type	ClockSetup, %function
 129              	ClockSetup:
 130              	.LFB5:
  76:.\Generated_Source\PSoC4/cyfitter_cfg.c **** 
  77:.\Generated_Source\PSoC4/cyfitter_cfg.c **** 
  78:.\Generated_Source\PSoC4/cyfitter_cfg.c **** 
  79:.\Generated_Source\PSoC4/cyfitter_cfg.c **** /* Clock startup error codes                                                   */
  80:.\Generated_Source\PSoC4/cyfitter_cfg.c **** #define CYCLOCKSTART_NO_ERROR    0u
  81:.\Generated_Source\PSoC4/cyfitter_cfg.c **** #define CYCLOCKSTART_XTAL_ERROR  1u
  82:.\Generated_Source\PSoC4/cyfitter_cfg.c **** #define CYCLOCKSTART_32KHZ_ERROR 2u
  83:.\Generated_Source\PSoC4/cyfitter_cfg.c **** #define CYCLOCKSTART_PLL_ERROR   3u
  84:.\Generated_Source\PSoC4/cyfitter_cfg.c **** 
  85:.\Generated_Source\PSoC4/cyfitter_cfg.c **** #ifdef CY_NEED_CYCLOCKSTARTUPERROR
  86:.\Generated_Source\PSoC4/cyfitter_cfg.c **** /*******************************************************************************
  87:.\Generated_Source\PSoC4/cyfitter_cfg.c **** * Function Name: CyClockStartupError
  88:.\Generated_Source\PSoC4/cyfitter_cfg.c **** ********************************************************************************
  89:.\Generated_Source\PSoC4/cyfitter_cfg.c **** * Summary:
  90:.\Generated_Source\PSoC4/cyfitter_cfg.c **** *  If an error is encountered during clock configuration (crystal startup error,
  91:.\Generated_Source\PSoC4/cyfitter_cfg.c **** *  PLL lock error, etc.), the system will end up here.  Unless reimplemented by
  92:.\Generated_Source\PSoC4/cyfitter_cfg.c **** *  the customer, this function will stop in an infinite loop.
  93:.\Generated_Source\PSoC4/cyfitter_cfg.c **** *
  94:.\Generated_Source\PSoC4/cyfitter_cfg.c **** * Parameters:
  95:.\Generated_Source\PSoC4/cyfitter_cfg.c **** *   void
  96:.\Generated_Source\PSoC4/cyfitter_cfg.c **** *
  97:.\Generated_Source\PSoC4/cyfitter_cfg.c **** * Return:
  98:.\Generated_Source\PSoC4/cyfitter_cfg.c **** *   void
ARM GAS  C:\Users\YBOURA~1\AppData\Local\Temp\ccGZLw5A.s 			page 5


  99:.\Generated_Source\PSoC4/cyfitter_cfg.c **** *
 100:.\Generated_Source\PSoC4/cyfitter_cfg.c **** *******************************************************************************/
 101:.\Generated_Source\PSoC4/cyfitter_cfg.c **** CY_CFG_UNUSED
 102:.\Generated_Source\PSoC4/cyfitter_cfg.c **** static void CyClockStartupError(uint8 errorCode);
 103:.\Generated_Source\PSoC4/cyfitter_cfg.c **** CY_CFG_UNUSED
 104:.\Generated_Source\PSoC4/cyfitter_cfg.c **** static void CyClockStartupError(uint8 errorCode)
 105:.\Generated_Source\PSoC4/cyfitter_cfg.c **** {
 106:.\Generated_Source\PSoC4/cyfitter_cfg.c ****     /* To remove the compiler warning if errorCode not used.                */
 107:.\Generated_Source\PSoC4/cyfitter_cfg.c ****     errorCode = errorCode;
 108:.\Generated_Source\PSoC4/cyfitter_cfg.c **** 
 109:.\Generated_Source\PSoC4/cyfitter_cfg.c ****     /* `#START CyClockStartupError` */
 110:.\Generated_Source\PSoC4/cyfitter_cfg.c **** 
 111:.\Generated_Source\PSoC4/cyfitter_cfg.c ****     /* If we have a clock startup error (bad MHz crystal, PLL lock, etc.),  */
 112:.\Generated_Source\PSoC4/cyfitter_cfg.c ****     /* we will end up here to allow the customer to implement something to  */
 113:.\Generated_Source\PSoC4/cyfitter_cfg.c ****     /* deal with the clock condition.                                       */
 114:.\Generated_Source\PSoC4/cyfitter_cfg.c **** 
 115:.\Generated_Source\PSoC4/cyfitter_cfg.c ****     /* `#END` */
 116:.\Generated_Source\PSoC4/cyfitter_cfg.c **** 
 117:.\Generated_Source\PSoC4/cyfitter_cfg.c ****     /* If nothing else, stop here since the clocks have not started         */
 118:.\Generated_Source\PSoC4/cyfitter_cfg.c ****     /* correctly.                                                           */
 119:.\Generated_Source\PSoC4/cyfitter_cfg.c ****     while(1) {}
 120:.\Generated_Source\PSoC4/cyfitter_cfg.c **** }
 121:.\Generated_Source\PSoC4/cyfitter_cfg.c **** #endif
 122:.\Generated_Source\PSoC4/cyfitter_cfg.c **** 
 123:.\Generated_Source\PSoC4/cyfitter_cfg.c **** 
 124:.\Generated_Source\PSoC4/cyfitter_cfg.c **** 
 125:.\Generated_Source\PSoC4/cyfitter_cfg.c **** /*******************************************************************************
 126:.\Generated_Source\PSoC4/cyfitter_cfg.c **** * Function Name: ClockSetup
 127:.\Generated_Source\PSoC4/cyfitter_cfg.c **** ********************************************************************************
 128:.\Generated_Source\PSoC4/cyfitter_cfg.c **** *
 129:.\Generated_Source\PSoC4/cyfitter_cfg.c **** * Summary:
 130:.\Generated_Source\PSoC4/cyfitter_cfg.c **** *   Performs the initialization of all of the clocks in the device based on the
 131:.\Generated_Source\PSoC4/cyfitter_cfg.c **** *   settings in the Clock tab of the DWR.  This includes enabling the requested
 132:.\Generated_Source\PSoC4/cyfitter_cfg.c **** *   clocks and setting the necessary dividers to produce the desired frequency. 
 133:.\Generated_Source\PSoC4/cyfitter_cfg.c **** *
 134:.\Generated_Source\PSoC4/cyfitter_cfg.c **** * Parameters:
 135:.\Generated_Source\PSoC4/cyfitter_cfg.c **** *   void
 136:.\Generated_Source\PSoC4/cyfitter_cfg.c **** *
 137:.\Generated_Source\PSoC4/cyfitter_cfg.c **** * Return:
 138:.\Generated_Source\PSoC4/cyfitter_cfg.c **** *   void
 139:.\Generated_Source\PSoC4/cyfitter_cfg.c **** *
 140:.\Generated_Source\PSoC4/cyfitter_cfg.c **** *******************************************************************************/
 141:.\Generated_Source\PSoC4/cyfitter_cfg.c **** static void ClockSetup(void);
 142:.\Generated_Source\PSoC4/cyfitter_cfg.c **** CY_CFG_SECTION
 143:.\Generated_Source\PSoC4/cyfitter_cfg.c **** static void ClockSetup(void)
 144:.\Generated_Source\PSoC4/cyfitter_cfg.c **** {
 131              		.loc 1 144 0
 132              		.cfi_startproc
 133 0000 80B5     		push	{r7, lr}
 134              		.cfi_def_cfa_offset 8
 135              		.cfi_offset 7, -8
 136              		.cfi_offset 14, -4
 137 0002 00AF     		add	r7, sp, #0
 138              		.cfi_def_cfa_register 7
 145:.\Generated_Source\PSoC4/cyfitter_cfg.c **** 
 146:.\Generated_Source\PSoC4/cyfitter_cfg.c **** 	/* Set Flash Cycles based on max possible frequency in case a glitch occurs during ClockSetup(). *
 147:.\Generated_Source\PSoC4/cyfitter_cfg.c **** 	CY_SET_REG32((void CYXDATA *)(CYREG_CPUSS_FLASH_CTL), (0x0012u));
ARM GAS  C:\Users\YBOURA~1\AppData\Local\Temp\ccGZLw5A.s 			page 6


 139              		.loc 1 147 0
 140 0004 224B     		ldr	r3, .L5
 141 0006 1222     		mov	r2, #18
 142 0008 1A60     		str	r2, [r3]
 148:.\Generated_Source\PSoC4/cyfitter_cfg.c **** 
 149:.\Generated_Source\PSoC4/cyfitter_cfg.c **** 	/* Start the WCO */
 150:.\Generated_Source\PSoC4/cyfitter_cfg.c **** 	CySysClkWcoStart();
 143              		.loc 1 150 0
 144 000a FFF7FEFF 		bl	CySysClkWcoStart
 151:.\Generated_Source\PSoC4/cyfitter_cfg.c **** 	CyDelayCycles(12000000u); /* WCO may take up to 500ms to start */
 145              		.loc 1 151 0
 146 000e 214B     		ldr	r3, .L5+4
 147 0010 181C     		mov	r0, r3
 148 0012 FFF7FEFF 		bl	CyDelayCycles
 152:.\Generated_Source\PSoC4/cyfitter_cfg.c **** 	(void)CySysClkWcoSetPowerMode(CY_SYS_CLK_WCO_LPM);    /* Switch to the low power mode */
 149              		.loc 1 152 0
 150 0016 0120     		mov	r0, #1
 151 0018 FFF7FEFF 		bl	CySysClkWcoSetPowerMode
 153:.\Generated_Source\PSoC4/cyfitter_cfg.c **** 
 154:.\Generated_Source\PSoC4/cyfitter_cfg.c **** 	/* Setup and trim IMO based on desired frequency. */
 155:.\Generated_Source\PSoC4/cyfitter_cfg.c **** 	CySysClkWriteImoFreq(48u);
 152              		.loc 1 155 0
 153 001c 3020     		mov	r0, #48
 154 001e FFF7FEFF 		bl	CySysClkWriteImoFreq
 156:.\Generated_Source\PSoC4/cyfitter_cfg.c **** 	/* CYDEV_CLK_ILO_CONFIG Starting address: CYDEV_CLK_ILO_CONFIG */
 157:.\Generated_Source\PSoC4/cyfitter_cfg.c **** 	CY_SET_XTND_REG32((void CYFAR *)(CYREG_CLK_ILO_CONFIG), 0x80000006u);
 155              		.loc 1 157 0
 156 0022 1D4B     		ldr	r3, .L5+8
 157 0024 1D4A     		ldr	r2, .L5+12
 158 0026 1A60     		str	r2, [r3]
 158:.\Generated_Source\PSoC4/cyfitter_cfg.c **** 
 159:.\Generated_Source\PSoC4/cyfitter_cfg.c **** 	/* CYDEV_WDT_CONFIG Starting address: CYDEV_WDT_CONFIG */
 160:.\Generated_Source\PSoC4/cyfitter_cfg.c **** 	CY_SET_XTND_REG32((void CYFAR *)(CYREG_WDT_CONFIG), 0x40000000u);
 159              		.loc 1 160 0
 160 0028 1D4B     		ldr	r3, .L5+16
 161 002a 8022     		mov	r2, #128
 162 002c D205     		lsl	r2, r2, #23
 163 002e 1A60     		str	r2, [r3]
 161:.\Generated_Source\PSoC4/cyfitter_cfg.c **** 
 162:.\Generated_Source\PSoC4/cyfitter_cfg.c **** 
 163:.\Generated_Source\PSoC4/cyfitter_cfg.c **** 	/* Enable fast start mode for XO */
 164:.\Generated_Source\PSoC4/cyfitter_cfg.c **** 	CY_SET_REG32((void*)CYREG_BLE_BLERD_BB_XO, CY_GET_REG32((void*)CYREG_BLE_BLERD_BB_XO) | (uint32)0x
 164              		.loc 1 164 0
 165 0030 1C4B     		ldr	r3, .L5+20
 166 0032 1C4A     		ldr	r2, .L5+20
 167 0034 1268     		ldr	r2, [r2]
 168 0036 0221     		mov	r1, #2
 169 0038 0A43     		orr	r2, r1
 170 003a 1A60     		str	r2, [r3]
 165:.\Generated_Source\PSoC4/cyfitter_cfg.c **** 	CY_SET_XTND_REG32((void CYFAR *)(CYREG_BLE_BLERD_BB_XO_CAPTRIM), 0x00002D6Au);
 171              		.loc 1 165 0
 172 003c 1A4B     		ldr	r3, .L5+24
 173 003e 1B4A     		ldr	r2, .L5+28
 174 0040 1A60     		str	r2, [r3]
 166:.\Generated_Source\PSoC4/cyfitter_cfg.c **** 	/* Disable Crystal Stable Interrupt before enabling ECO */
 167:.\Generated_Source\PSoC4/cyfitter_cfg.c **** 	CY_SET_REG32((void*)CYREG_BLE_BLESS_LL_DSM_CTRL, CY_GET_REG32((void*)CYREG_BLE_BLESS_LL_DSM_CTRL) 
 175              		.loc 1 167 0
ARM GAS  C:\Users\YBOURA~1\AppData\Local\Temp\ccGZLw5A.s 			page 7


 176 0042 1B4B     		ldr	r3, .L5+32
 177 0044 1A4A     		ldr	r2, .L5+32
 178 0046 1268     		ldr	r2, [r2]
 179 0048 0821     		mov	r1, #8
 180 004a 8A43     		bic	r2, r1
 181 004c 1A60     		str	r2, [r3]
 168:.\Generated_Source\PSoC4/cyfitter_cfg.c **** 	/* Start the ECO and do not check status since it is not needed for HFCLK */
 169:.\Generated_Source\PSoC4/cyfitter_cfg.c **** 	(void)CySysClkEcoStart(2000u);
 182              		.loc 1 169 0
 183 004e FA23     		mov	r3, #250
 184 0050 DB00     		lsl	r3, r3, #3
 185 0052 181C     		mov	r0, r3
 186 0054 FFF7FEFF 		bl	CySysClkEcoStart
 170:.\Generated_Source\PSoC4/cyfitter_cfg.c **** 	CyDelayUs(1500u); /* Wait to stabalize */
 187              		.loc 1 170 0
 188 0058 164B     		ldr	r3, .L5+36
 189 005a 181C     		mov	r0, r3
 190 005c FFF7FEFF 		bl	CyDelayUs
 171:.\Generated_Source\PSoC4/cyfitter_cfg.c **** 
 172:.\Generated_Source\PSoC4/cyfitter_cfg.c **** 	/* Setup phase aligned clocks */
 173:.\Generated_Source\PSoC4/cyfitter_cfg.c **** 	CY_SET_REG32((void *)CYREG_PERI_DIV_16_CTL0, 0x00001F00u);
 191              		.loc 1 173 0
 192 0060 154B     		ldr	r3, .L5+40
 193 0062 F822     		mov	r2, #248
 194 0064 5201     		lsl	r2, r2, #5
 195 0066 1A60     		str	r2, [r3]
 174:.\Generated_Source\PSoC4/cyfitter_cfg.c **** 	CY_SET_REG32((void *)CYREG_PERI_DIV_CMD, 0x8000FF40u);
 196              		.loc 1 174 0
 197 0068 144B     		ldr	r3, .L5+44
 198 006a 154A     		ldr	r2, .L5+48
 199 006c 1A60     		str	r2, [r3]
 175:.\Generated_Source\PSoC4/cyfitter_cfg.c **** 
 176:.\Generated_Source\PSoC4/cyfitter_cfg.c **** 	/* CYDEV_CLK_IMO_CONFIG Starting address: CYDEV_CLK_IMO_CONFIG */
 177:.\Generated_Source\PSoC4/cyfitter_cfg.c **** 	CY_SET_XTND_REG32((void CYFAR *)(CYREG_CLK_IMO_CONFIG), 0x80000000u);
 200              		.loc 1 177 0
 201 006e 154B     		ldr	r3, .L5+52
 202 0070 8022     		mov	r2, #128
 203 0072 1206     		lsl	r2, r2, #24
 204 0074 1A60     		str	r2, [r3]
 178:.\Generated_Source\PSoC4/cyfitter_cfg.c **** 
 179:.\Generated_Source\PSoC4/cyfitter_cfg.c **** 	/* CYDEV_CLK_SELECT Starting address: CYDEV_CLK_SELECT */
 180:.\Generated_Source\PSoC4/cyfitter_cfg.c **** 	CY_SET_XTND_REG32((void CYFAR *)(CYREG_CLK_SELECT), 0x00040000u);
 205              		.loc 1 180 0
 206 0076 144B     		ldr	r3, .L5+56
 207 0078 8022     		mov	r2, #128
 208 007a D202     		lsl	r2, r2, #11
 209 007c 1A60     		str	r2, [r3]
 181:.\Generated_Source\PSoC4/cyfitter_cfg.c **** 
 182:.\Generated_Source\PSoC4/cyfitter_cfg.c **** 	/* CYDEV_PERI_PCLK_CTL1 Starting address: CYDEV_PERI_PCLK_CTL1 */
 183:.\Generated_Source\PSoC4/cyfitter_cfg.c **** 	CY_SET_XTND_REG32((void CYFAR *)(CYREG_PERI_PCLK_CTL1), 0x00000040u);
 210              		.loc 1 183 0
 211 007e 134B     		ldr	r3, .L5+60
 212 0080 4022     		mov	r2, #64
 213 0082 1A60     		str	r2, [r3]
 184:.\Generated_Source\PSoC4/cyfitter_cfg.c **** 
 185:.\Generated_Source\PSoC4/cyfitter_cfg.c **** 	CY_SET_XTND_REG32((void CYFAR *)(CYREG_WDT_CONFIG), 0x40000000u);
 214              		.loc 1 185 0
ARM GAS  C:\Users\YBOURA~1\AppData\Local\Temp\ccGZLw5A.s 			page 8


 215 0084 064B     		ldr	r3, .L5+16
 216 0086 8022     		mov	r2, #128
 217 0088 D205     		lsl	r2, r2, #23
 218 008a 1A60     		str	r2, [r3]
 186:.\Generated_Source\PSoC4/cyfitter_cfg.c **** }
 219              		.loc 1 186 0
 220 008c BD46     		mov	sp, r7
 221              		@ sp needed
 222 008e 80BD     		pop	{r7, pc}
 223              	.L6:
 224              		.align	2
 225              	.L5:
 226 0090 30001040 		.word	1074790448
 227 0094 001BB700 		.word	12000000
 228 0098 04010B40 		.word	1074462980
 229 009c 06000080 		.word	-2147483642
 230 00a0 0C020B40 		.word	1074463244
 231 00a4 78002E40 		.word	1076756600
 232 00a8 7C002E40 		.word	1076756604
 233 00ac 6A2D0000 		.word	11626
 234 00b0 6CF02E40 		.word	1076818028
 235 00b4 DC050000 		.word	1500
 236 00b8 00030140 		.word	1073808128
 237 00bc 00000140 		.word	1073807360
 238 00c0 40FF0080 		.word	-2147418304
 239 00c4 08010B40 		.word	1074462984
 240 00c8 00010B40 		.word	1074462976
 241 00cc 04010140 		.word	1073807620
 242              		.cfi_endproc
 243              	.LFE5:
 244              		.size	ClockSetup, .-ClockSetup
 245              		.section	.text.AnalogSetDefault,"ax",%progbits
 246              		.align	2
 247              		.code	16
 248              		.thumb_func
 249              		.type	AnalogSetDefault, %function
 250              	AnalogSetDefault:
 251              	.LFB6:
 187:.\Generated_Source\PSoC4/cyfitter_cfg.c **** 
 188:.\Generated_Source\PSoC4/cyfitter_cfg.c **** 
 189:.\Generated_Source\PSoC4/cyfitter_cfg.c **** /* Analog API Functions */
 190:.\Generated_Source\PSoC4/cyfitter_cfg.c **** 
 191:.\Generated_Source\PSoC4/cyfitter_cfg.c **** 
 192:.\Generated_Source\PSoC4/cyfitter_cfg.c **** /*******************************************************************************
 193:.\Generated_Source\PSoC4/cyfitter_cfg.c **** * Function Name: AnalogSetDefault
 194:.\Generated_Source\PSoC4/cyfitter_cfg.c **** ********************************************************************************
 195:.\Generated_Source\PSoC4/cyfitter_cfg.c **** *
 196:.\Generated_Source\PSoC4/cyfitter_cfg.c **** * Summary:
 197:.\Generated_Source\PSoC4/cyfitter_cfg.c **** *  Sets up the analog portions of the chip to default values based on chip
 198:.\Generated_Source\PSoC4/cyfitter_cfg.c **** *  configuration options from the project.
 199:.\Generated_Source\PSoC4/cyfitter_cfg.c **** *
 200:.\Generated_Source\PSoC4/cyfitter_cfg.c **** * Parameters:
 201:.\Generated_Source\PSoC4/cyfitter_cfg.c **** *  void
 202:.\Generated_Source\PSoC4/cyfitter_cfg.c **** *
 203:.\Generated_Source\PSoC4/cyfitter_cfg.c **** * Return:
 204:.\Generated_Source\PSoC4/cyfitter_cfg.c **** *  void
 205:.\Generated_Source\PSoC4/cyfitter_cfg.c **** *
ARM GAS  C:\Users\YBOURA~1\AppData\Local\Temp\ccGZLw5A.s 			page 9


 206:.\Generated_Source\PSoC4/cyfitter_cfg.c **** *******************************************************************************/
 207:.\Generated_Source\PSoC4/cyfitter_cfg.c **** static void AnalogSetDefault(void);
 208:.\Generated_Source\PSoC4/cyfitter_cfg.c **** static void AnalogSetDefault(void)
 209:.\Generated_Source\PSoC4/cyfitter_cfg.c **** {
 252              		.loc 1 209 0
 253              		.cfi_startproc
 254 0000 80B5     		push	{r7, lr}
 255              		.cfi_def_cfa_offset 8
 256              		.cfi_offset 7, -8
 257              		.cfi_offset 14, -4
 258 0002 00AF     		add	r7, sp, #0
 259              		.cfi_def_cfa_register 7
 210:.\Generated_Source\PSoC4/cyfitter_cfg.c **** 	CY_SET_XTND_REG32((void CYFAR *)CYREG_CTBM0_DFT_CTRL, 0x00000003u);
 260              		.loc 1 210 0
 261 0004 054B     		ldr	r3, .L8
 262 0006 0322     		mov	r2, #3
 263 0008 1A60     		str	r2, [r3]
 211:.\Generated_Source\PSoC4/cyfitter_cfg.c **** 	CY_SET_XTND_REG32((void CYFAR *)CYREG_CTBM1_DFT_CTRL, 0x00000003u);
 264              		.loc 1 211 0
 265 000a 054B     		ldr	r3, .L8+4
 266 000c 0322     		mov	r2, #3
 267 000e 1A60     		str	r2, [r3]
 212:.\Generated_Source\PSoC4/cyfitter_cfg.c **** 	CY_SET_XTND_REG32((void CYFAR *)CYREG_PASS_DSAB_DSAB_CTRL, 0x00000000u);
 268              		.loc 1 212 0
 269 0010 044B     		ldr	r3, .L8+8
 270 0012 0022     		mov	r2, #0
 271 0014 1A60     		str	r2, [r3]
 213:.\Generated_Source\PSoC4/cyfitter_cfg.c **** }
 272              		.loc 1 213 0
 273 0016 BD46     		mov	sp, r7
 274              		@ sp needed
 275 0018 80BD     		pop	{r7, pc}
 276              	.L9:
 277 001a C046     		.align	2
 278              	.L8:
 279 001c 30003040 		.word	1076887600
 280 0020 30003140 		.word	1076953136
 281 0024 000E3F40 		.word	1077874176
 282              		.cfi_endproc
 283              	.LFE6:
 284              		.size	AnalogSetDefault, .-AnalogSetDefault
 285              		.section	.psocinit
 286              		.align	2
 287              		.global	cyfitter_cfg
 288              		.code	16
 289              		.thumb_func
 290              		.type	cyfitter_cfg, %function
 291              	cyfitter_cfg:
 292              	.LFB7:
 214:.\Generated_Source\PSoC4/cyfitter_cfg.c **** 
 215:.\Generated_Source\PSoC4/cyfitter_cfg.c **** #define CY_AMUX_UNUSED CYREG_CM0_ROM_DWT
 216:.\Generated_Source\PSoC4/cyfitter_cfg.c **** 
 217:.\Generated_Source\PSoC4/cyfitter_cfg.c **** 
 218:.\Generated_Source\PSoC4/cyfitter_cfg.c **** /*******************************************************************************
 219:.\Generated_Source\PSoC4/cyfitter_cfg.c **** * Function Name: cyfitter_cfg
 220:.\Generated_Source\PSoC4/cyfitter_cfg.c **** ********************************************************************************
 221:.\Generated_Source\PSoC4/cyfitter_cfg.c **** * Summary:
ARM GAS  C:\Users\YBOURA~1\AppData\Local\Temp\ccGZLw5A.s 			page 10


 222:.\Generated_Source\PSoC4/cyfitter_cfg.c **** *  This function is called by the start-up code for the selected device. It
 223:.\Generated_Source\PSoC4/cyfitter_cfg.c **** *  performs all of the necessary device configuration based on the design
 224:.\Generated_Source\PSoC4/cyfitter_cfg.c **** *  settings.  This includes settings from the Design Wide Resources (DWR) such
 225:.\Generated_Source\PSoC4/cyfitter_cfg.c **** *  as Clocks and Pins as well as any component configuration that is necessary.
 226:.\Generated_Source\PSoC4/cyfitter_cfg.c **** *
 227:.\Generated_Source\PSoC4/cyfitter_cfg.c **** * Parameters:  
 228:.\Generated_Source\PSoC4/cyfitter_cfg.c **** *   void
 229:.\Generated_Source\PSoC4/cyfitter_cfg.c **** *
 230:.\Generated_Source\PSoC4/cyfitter_cfg.c **** * Return:
 231:.\Generated_Source\PSoC4/cyfitter_cfg.c **** *   void
 232:.\Generated_Source\PSoC4/cyfitter_cfg.c **** *
 233:.\Generated_Source\PSoC4/cyfitter_cfg.c **** *******************************************************************************/
 234:.\Generated_Source\PSoC4/cyfitter_cfg.c **** CY_CFG_SECTION
 235:.\Generated_Source\PSoC4/cyfitter_cfg.c **** void cyfitter_cfg(void)
 236:.\Generated_Source\PSoC4/cyfitter_cfg.c **** {
 293              		.loc 1 236 0
 294              		.cfi_startproc
 295 00d0 80B5     		push	{r7, lr}
 296              		.cfi_def_cfa_offset 8
 297              		.cfi_offset 7, -8
 298              		.cfi_offset 14, -4
 299 00d2 82B0     		sub	sp, sp, #8
 300              		.cfi_def_cfa_offset 16
 301 00d4 00AF     		add	r7, sp, #0
 302              		.cfi_def_cfa_register 7
 237:.\Generated_Source\PSoC4/cyfitter_cfg.c **** 	/* Disable interrupts by default. Let user enable if/when they want. */
 238:.\Generated_Source\PSoC4/cyfitter_cfg.c **** 	CyGlobalIntDisable;
 303              		.loc 1 238 0
 304              	@ 238 ".\Generated_Source\PSoC4\cyfitter_cfg.c" 1
 305 00d6 72B6     		CPSID   i
 306              	@ 0 "" 2
 239:.\Generated_Source\PSoC4/cyfitter_cfg.c **** 
 240:.\Generated_Source\PSoC4/cyfitter_cfg.c **** 	CY_SET_XTND_REG32((void CYFAR *)(CYREG_BLE_BLESS_LL_DSM_CTRL), 0x00000000u);
 307              		.loc 1 240 0
 308              		.code	16
 309 00d8 374B     		ldr	r3, .L13
 310 00da 0022     		mov	r2, #0
 311 00dc 1A60     		str	r2, [r3]
 312              	.LBB2:
 241:.\Generated_Source\PSoC4/cyfitter_cfg.c **** 
 242:.\Generated_Source\PSoC4/cyfitter_cfg.c **** 	{
 243:.\Generated_Source\PSoC4/cyfitter_cfg.c **** 
 244:.\Generated_Source\PSoC4/cyfitter_cfg.c **** 		CYPACKED typedef struct {
 245:.\Generated_Source\PSoC4/cyfitter_cfg.c **** 			void CYFAR *address;
 246:.\Generated_Source\PSoC4/cyfitter_cfg.c **** 			uint16 size;
 247:.\Generated_Source\PSoC4/cyfitter_cfg.c **** 		} CYPACKED_ATTR cfg_memset_t;
 248:.\Generated_Source\PSoC4/cyfitter_cfg.c **** 
 249:.\Generated_Source\PSoC4/cyfitter_cfg.c **** 		static const cfg_memset_t CYCODE cfg_memset_list [] = {
 250:.\Generated_Source\PSoC4/cyfitter_cfg.c **** 			/* address, size */
 251:.\Generated_Source\PSoC4/cyfitter_cfg.c **** 			{(void CYFAR *)(CYDEV_UDB_P0_U0_BASE), 1024u},
 252:.\Generated_Source\PSoC4/cyfitter_cfg.c **** 			{(void CYFAR *)(CYDEV_UDB_DSI0_BASE), 1024u},
 253:.\Generated_Source\PSoC4/cyfitter_cfg.c **** 		};
 254:.\Generated_Source\PSoC4/cyfitter_cfg.c **** 
 255:.\Generated_Source\PSoC4/cyfitter_cfg.c **** 		uint8 CYDATA i;
 256:.\Generated_Source\PSoC4/cyfitter_cfg.c **** 
 257:.\Generated_Source\PSoC4/cyfitter_cfg.c **** 		/* Zero out critical memory blocks before beginning configuration */
 258:.\Generated_Source\PSoC4/cyfitter_cfg.c **** 		for (i = 0u; i < (sizeof(cfg_memset_list)/sizeof(cfg_memset_list[0])); i++)
ARM GAS  C:\Users\YBOURA~1\AppData\Local\Temp\ccGZLw5A.s 			page 11


 313              		.loc 1 258 0
 314 00de FB1D     		add	r3, r7, #7
 315 00e0 0022     		mov	r2, #0
 316 00e2 1A70     		strb	r2, [r3]
 317 00e4 23E0     		b	.L11
 318              	.L12:
 319              	.LBB3:
 259:.\Generated_Source\PSoC4/cyfitter_cfg.c **** 		{
 260:.\Generated_Source\PSoC4/cyfitter_cfg.c **** 			const cfg_memset_t CYCODE * CYDATA ms = &cfg_memset_list[i];
 320              		.loc 1 260 0 discriminator 3
 321 00e6 FB1D     		add	r3, r7, #7
 322 00e8 1A78     		ldrb	r2, [r3]
 323 00ea 131C     		mov	r3, r2
 324 00ec 5B00     		lsl	r3, r3, #1
 325 00ee 9B18     		add	r3, r3, r2
 326 00f0 5B00     		lsl	r3, r3, #1
 327 00f2 324A     		ldr	r2, .L13+4
 328 00f4 9B18     		add	r3, r3, r2
 329 00f6 3B60     		str	r3, [r7]
 261:.\Generated_Source\PSoC4/cyfitter_cfg.c **** 			CYMEMZERO(ms->address, (size_t)(uint32)(ms->size));
 330              		.loc 1 261 0 discriminator 3
 331 00f8 3B68     		ldr	r3, [r7]
 332 00fa 1A78     		ldrb	r2, [r3]
 333 00fc 5978     		ldrb	r1, [r3, #1]
 334 00fe 0902     		lsl	r1, r1, #8
 335 0100 0A43     		orr	r2, r1
 336 0102 9978     		ldrb	r1, [r3, #2]
 337 0104 0904     		lsl	r1, r1, #16
 338 0106 0A43     		orr	r2, r1
 339 0108 DB78     		ldrb	r3, [r3, #3]
 340 010a 1B06     		lsl	r3, r3, #24
 341 010c 1343     		orr	r3, r2
 342 010e 191C     		mov	r1, r3
 343 0110 3B68     		ldr	r3, [r7]
 344 0112 1A79     		ldrb	r2, [r3, #4]
 345 0114 5B79     		ldrb	r3, [r3, #5]
 346 0116 1B02     		lsl	r3, r3, #8
 347 0118 1343     		orr	r3, r2
 348 011a 9BB2     		uxth	r3, r3
 349 011c 081C     		mov	r0, r1
 350 011e 191C     		mov	r1, r3
 351 0120 FFF7FEFF 		bl	CYMEMZERO
 352              	.LBE3:
 258:.\Generated_Source\PSoC4/cyfitter_cfg.c **** 		{
 353              		.loc 1 258 0 discriminator 3
 354 0124 FB1D     		add	r3, r7, #7
 355 0126 1A78     		ldrb	r2, [r3]
 356 0128 FB1D     		add	r3, r7, #7
 357 012a 0132     		add	r2, r2, #1
 358 012c 1A70     		strb	r2, [r3]
 359              	.L11:
 258:.\Generated_Source\PSoC4/cyfitter_cfg.c **** 		{
 360              		.loc 1 258 0 is_stmt 0 discriminator 1
 361 012e FB1D     		add	r3, r7, #7
 362 0130 1B78     		ldrb	r3, [r3]
 363 0132 012B     		cmp	r3, #1
 364 0134 D7D9     		bls	.L12
ARM GAS  C:\Users\YBOURA~1\AppData\Local\Temp\ccGZLw5A.s 			page 12


 262:.\Generated_Source\PSoC4/cyfitter_cfg.c **** 		}
 263:.\Generated_Source\PSoC4/cyfitter_cfg.c **** 
 264:.\Generated_Source\PSoC4/cyfitter_cfg.c **** 		/* HSIOM Starting address: CYDEV_HSIOM_BASE */
 265:.\Generated_Source\PSoC4/cyfitter_cfg.c **** 		CY_SET_XTND_REG32((void CYFAR *)(CYDEV_HSIOM_BASE), 0xEE000000u);
 365              		.loc 1 265 0 is_stmt 1
 366 0136 224B     		ldr	r3, .L13+8
 367 0138 EE22     		mov	r2, #238
 368 013a 1206     		lsl	r2, r2, #24
 369 013c 1A60     		str	r2, [r3]
 266:.\Generated_Source\PSoC4/cyfitter_cfg.c **** 		CY_SET_XTND_REG32((void CYFAR *)(CYREG_HSIOM_PORT_SEL1), 0x00990000u);
 370              		.loc 1 266 0
 371 013e 214B     		ldr	r3, .L13+12
 372 0140 9922     		mov	r2, #153
 373 0142 1204     		lsl	r2, r2, #16
 374 0144 1A60     		str	r2, [r3]
 267:.\Generated_Source\PSoC4/cyfitter_cfg.c **** 
 268:.\Generated_Source\PSoC4/cyfitter_cfg.c **** 		/* UDB_PA_0 Starting address: CYDEV_UDB_PA0_BASE */
 269:.\Generated_Source\PSoC4/cyfitter_cfg.c **** 		CY_SET_XTND_REG32((void CYFAR *)(CYDEV_UDB_PA0_BASE), 0x00990000u);
 375              		.loc 1 269 0
 376 0146 204B     		ldr	r3, .L13+16
 377 0148 9922     		mov	r2, #153
 378 014a 1204     		lsl	r2, r2, #16
 379 014c 1A60     		str	r2, [r3]
 270:.\Generated_Source\PSoC4/cyfitter_cfg.c **** 
 271:.\Generated_Source\PSoC4/cyfitter_cfg.c **** 		/* UDB_PA_1 Starting address: CYDEV_UDB_PA1_BASE */
 272:.\Generated_Source\PSoC4/cyfitter_cfg.c **** 		CY_SET_XTND_REG32((void CYFAR *)(CYDEV_UDB_PA1_BASE), 0x00990000u);
 380              		.loc 1 272 0
 381 014e 1F4B     		ldr	r3, .L13+20
 382 0150 9922     		mov	r2, #153
 383 0152 1204     		lsl	r2, r2, #16
 384 0154 1A60     		str	r2, [r3]
 273:.\Generated_Source\PSoC4/cyfitter_cfg.c **** 
 274:.\Generated_Source\PSoC4/cyfitter_cfg.c **** 		/* Enable digital routing */
 275:.\Generated_Source\PSoC4/cyfitter_cfg.c **** 		CY_SET_XTND_REG8((void *)CYREG_UDB_UDBIF_BANK_CTL, CY_GET_XTND_REG8((void *)CYREG_UDB_UDBIF_BANK_
 385              		.loc 1 275 0
 386 0156 1E4A     		ldr	r2, .L13+24
 387 0158 1D4B     		ldr	r3, .L13+24
 388 015a 1B78     		ldrb	r3, [r3]
 389 015c DBB2     		uxtb	r3, r3
 390 015e 0221     		mov	r1, #2
 391 0160 0B43     		orr	r3, r1
 392 0162 DBB2     		uxtb	r3, r3
 393 0164 1370     		strb	r3, [r2]
 276:.\Generated_Source\PSoC4/cyfitter_cfg.c **** 
 277:.\Generated_Source\PSoC4/cyfitter_cfg.c **** 		/* Enable UDB array */
 278:.\Generated_Source\PSoC4/cyfitter_cfg.c **** 		CY_SET_XTND_REG8((void *)CYREG_UDB_UDBIF_WAIT_CFG, (uint8)((CY_GET_XTND_REG8((void *)CYREG_UDB_UD
 394              		.loc 1 278 0
 395 0166 1B4A     		ldr	r2, .L13+28
 396 0168 1A4B     		ldr	r3, .L13+28
 397 016a 1B78     		ldrb	r3, [r3]
 398 016c DBB2     		uxtb	r3, r3
 399 016e 3C21     		mov	r1, #60
 400 0170 8B43     		bic	r3, r1
 401 0172 DBB2     		uxtb	r3, r3
 402 0174 1421     		mov	r1, #20
 403 0176 0B43     		orr	r3, r1
 404 0178 DBB2     		uxtb	r3, r3
ARM GAS  C:\Users\YBOURA~1\AppData\Local\Temp\ccGZLw5A.s 			page 13


 405 017a 1370     		strb	r3, [r2]
 279:.\Generated_Source\PSoC4/cyfitter_cfg.c **** 		CY_SET_XTND_REG8((void *)CYREG_UDB_UDBIF_BANK_CTL, (uint8)(CY_GET_XTND_REG8((void *)CYREG_UDB_UDB
 406              		.loc 1 279 0
 407 017c 144A     		ldr	r2, .L13+24
 408 017e 144B     		ldr	r3, .L13+24
 409 0180 1B78     		ldrb	r3, [r3]
 410 0182 DBB2     		uxtb	r3, r3
 411 0184 1621     		mov	r1, #22
 412 0186 0B43     		orr	r3, r1
 413 0188 DBB2     		uxtb	r3, r3
 414 018a 1370     		strb	r3, [r2]
 415              	.LBE2:
 280:.\Generated_Source\PSoC4/cyfitter_cfg.c **** 	}
 281:.\Generated_Source\PSoC4/cyfitter_cfg.c **** 
 282:.\Generated_Source\PSoC4/cyfitter_cfg.c **** 	/* Perform second pass device configuration. These items must be configured in specific order afte
 283:.\Generated_Source\PSoC4/cyfitter_cfg.c **** 	/* IOPINS0_0 Starting address: CYDEV_GPIO_PRT0_BASE */
 284:.\Generated_Source\PSoC4/cyfitter_cfg.c **** 	CY_SET_XTND_REG32((void CYFAR *)(CYREG_GPIO_PRT0_PC), 0x00D80000u);
 416              		.loc 1 284 0
 417 018c 124B     		ldr	r3, .L13+32
 418 018e D822     		mov	r2, #216
 419 0190 1204     		lsl	r2, r2, #16
 420 0192 1A60     		str	r2, [r3]
 285:.\Generated_Source\PSoC4/cyfitter_cfg.c **** 
 286:.\Generated_Source\PSoC4/cyfitter_cfg.c **** 	/* IOPINS0_1 Starting address: CYDEV_GPIO_PRT1_BASE */
 287:.\Generated_Source\PSoC4/cyfitter_cfg.c **** 	CY_SET_XTND_REG32((void CYFAR *)(CYDEV_GPIO_PRT1_BASE), 0x00000020u);
 421              		.loc 1 287 0
 422 0194 114B     		ldr	r3, .L13+36
 423 0196 2022     		mov	r2, #32
 424 0198 1A60     		str	r2, [r3]
 288:.\Generated_Source\PSoC4/cyfitter_cfg.c **** 	CY_SET_XTND_REG32((void CYFAR *)(CYREG_GPIO_PRT1_PC), 0x00031000u);
 425              		.loc 1 288 0
 426 019a 114B     		ldr	r3, .L13+40
 427 019c C422     		mov	r2, #196
 428 019e 9202     		lsl	r2, r2, #10
 429 01a0 1A60     		str	r2, [r3]
 289:.\Generated_Source\PSoC4/cyfitter_cfg.c **** 	CY_SET_XTND_REG32((void CYFAR *)(CYREG_GPIO_PRT1_PC2), 0x00000020u);
 430              		.loc 1 289 0
 431 01a2 104B     		ldr	r3, .L13+44
 432 01a4 2022     		mov	r2, #32
 433 01a6 1A60     		str	r2, [r3]
 290:.\Generated_Source\PSoC4/cyfitter_cfg.c **** 
 291:.\Generated_Source\PSoC4/cyfitter_cfg.c **** 	/* Setup clocks based on selections from Clock DWR */
 292:.\Generated_Source\PSoC4/cyfitter_cfg.c **** 	ClockSetup();
 434              		.loc 1 292 0
 435 01a8 FFF72AFF 		bl	ClockSetup
 293:.\Generated_Source\PSoC4/cyfitter_cfg.c **** 
 294:.\Generated_Source\PSoC4/cyfitter_cfg.c **** 	/* Perform basic analog initialization to defaults */
 295:.\Generated_Source\PSoC4/cyfitter_cfg.c **** 	AnalogSetDefault();
 436              		.loc 1 295 0
 437 01ac FFF7FEFF 		bl	AnalogSetDefault
 296:.\Generated_Source\PSoC4/cyfitter_cfg.c **** 
 297:.\Generated_Source\PSoC4/cyfitter_cfg.c **** }
 438              		.loc 1 297 0
 439 01b0 BD46     		mov	sp, r7
 440 01b2 02B0     		add	sp, sp, #8
 441              		@ sp needed
 442 01b4 80BD     		pop	{r7, pc}
ARM GAS  C:\Users\YBOURA~1\AppData\Local\Temp\ccGZLw5A.s 			page 14


 443              	.L14:
 444 01b6 C046     		.align	2
 445              	.L13:
 446 01b8 6CF02E40 		.word	1076818028
 447 01bc 00000000 		.word	cfg_memset_list.4742
 448 01c0 00000240 		.word	1073872896
 449 01c4 00010240 		.word	1073873152
 450 01c8 00500F40 		.word	1074745344
 451 01cc 10500F40 		.word	1074745360
 452 01d0 00700F40 		.word	1074753536
 453 01d4 01700F40 		.word	1074753537
 454 01d8 08000440 		.word	1074003976
 455 01dc 00010440 		.word	1074004224
 456 01e0 08010440 		.word	1074004232
 457 01e4 18010440 		.word	1074004248
 458              		.cfi_endproc
 459              	.LFE7:
 460              		.size	cyfitter_cfg, .-cyfitter_cfg
 461              		.section	.rodata
 462              		.align	2
 463              		.type	cfg_memset_list.4742, %object
 464              		.size	cfg_memset_list.4742, 12
 465              	cfg_memset_list.4742:
 466 0000 00300F40 		.word	1074737152
 467 0004 0004     		.short	1024
 468 0006 00400F40 		.4byte	1074741248
 469 000a 0004     		.short	1024
 470              		.text
 471              	.Letext0:
 472              		.file 2 "c:\\program files (x86)\\cypress\\psoc creator\\3.3\\psoc creator\\import\\gnu\\arm\\4.9.
 473              		.file 3 ".\\Generated_Source\\PSoC4\\cytypes.h"
 474              		.section	.debug_info,"",%progbits
 475              	.Ldebug_info0:
 476 0000 44020000 		.4byte	0x244
 477 0004 0400     		.2byte	0x4
 478 0006 00000000 		.4byte	.Ldebug_abbrev0
 479 000a 04       		.byte	0x4
 480 000b 01       		.uleb128 0x1
 481 000c F3000000 		.4byte	.LASF29
 482 0010 01       		.byte	0x1
 483 0011 C8010000 		.4byte	.LASF30
 484 0015 98000000 		.4byte	.LASF31
 485 0019 00000000 		.4byte	.Ldebug_ranges0+0
 486 001d 00000000 		.4byte	0
 487 0021 00000000 		.4byte	.Ldebug_line0
 488 0025 02       		.uleb128 0x2
 489 0026 04       		.byte	0x4
 490 0027 05       		.byte	0x5
 491 0028 696E7400 		.ascii	"int\000"
 492 002c 03       		.uleb128 0x3
 493 002d 06000000 		.4byte	.LASF11
 494 0031 02       		.byte	0x2
 495 0032 D4       		.byte	0xd4
 496 0033 37000000 		.4byte	0x37
 497 0037 04       		.uleb128 0x4
 498 0038 04       		.byte	0x4
 499 0039 07       		.byte	0x7
ARM GAS  C:\Users\YBOURA~1\AppData\Local\Temp\ccGZLw5A.s 			page 15


 500 003a 8F010000 		.4byte	.LASF0
 501 003e 04       		.uleb128 0x4
 502 003f 01       		.byte	0x1
 503 0040 06       		.byte	0x6
 504 0041 1F020000 		.4byte	.LASF1
 505 0045 04       		.uleb128 0x4
 506 0046 01       		.byte	0x1
 507 0047 08       		.byte	0x8
 508 0048 83000000 		.4byte	.LASF2
 509 004c 04       		.uleb128 0x4
 510 004d 02       		.byte	0x2
 511 004e 05       		.byte	0x5
 512 004f 0C020000 		.4byte	.LASF3
 513 0053 04       		.uleb128 0x4
 514 0054 02       		.byte	0x2
 515 0055 07       		.byte	0x7
 516 0056 39000000 		.4byte	.LASF4
 517 005a 04       		.uleb128 0x4
 518 005b 04       		.byte	0x4
 519 005c 05       		.byte	0x5
 520 005d 16020000 		.4byte	.LASF5
 521 0061 04       		.uleb128 0x4
 522 0062 04       		.byte	0x4
 523 0063 07       		.byte	0x7
 524 0064 61000000 		.4byte	.LASF6
 525 0068 04       		.uleb128 0x4
 526 0069 08       		.byte	0x8
 527 006a 05       		.byte	0x5
 528 006b F9010000 		.4byte	.LASF7
 529 006f 04       		.uleb128 0x4
 530 0070 08       		.byte	0x8
 531 0071 07       		.byte	0x7
 532 0072 A4010000 		.4byte	.LASF8
 533 0076 04       		.uleb128 0x4
 534 0077 04       		.byte	0x4
 535 0078 07       		.byte	0x7
 536 0079 F0010000 		.4byte	.LASF9
 537 007d 05       		.uleb128 0x5
 538 007e 04       		.byte	0x4
 539 007f 04       		.uleb128 0x4
 540 0080 01       		.byte	0x1
 541 0081 08       		.byte	0x8
 542 0082 07020000 		.4byte	.LASF10
 543 0086 03       		.uleb128 0x3
 544 0087 73000000 		.4byte	.LASF12
 545 008b 03       		.byte	0x3
 546 008c C2       		.byte	0xc2
 547 008d 45000000 		.4byte	0x45
 548 0091 03       		.uleb128 0x3
 549 0092 81010000 		.4byte	.LASF13
 550 0096 03       		.byte	0x3
 551 0097 C3       		.byte	0xc3
 552 0098 53000000 		.4byte	0x53
 553 009c 03       		.uleb128 0x3
 554 009d 88010000 		.4byte	.LASF14
 555 00a1 03       		.byte	0x3
 556 00a2 C4       		.byte	0xc4
ARM GAS  C:\Users\YBOURA~1\AppData\Local\Temp\ccGZLw5A.s 			page 16


 557 00a3 61000000 		.4byte	0x61
 558 00a7 04       		.uleb128 0x4
 559 00a8 04       		.byte	0x4
 560 00a9 04       		.byte	0x4
 561 00aa 4C000000 		.4byte	.LASF15
 562 00ae 04       		.uleb128 0x4
 563 00af 08       		.byte	0x8
 564 00b0 04       		.byte	0x4
 565 00b1 91000000 		.4byte	.LASF16
 566 00b5 06       		.uleb128 0x6
 567 00b6 5C000000 		.4byte	.LASF17
 568 00ba 03       		.byte	0x3
 569 00bb 6C01     		.2byte	0x16c
 570 00bd C1000000 		.4byte	0xc1
 571 00c1 07       		.uleb128 0x7
 572 00c2 86000000 		.4byte	0x86
 573 00c6 06       		.uleb128 0x6
 574 00c7 00000000 		.4byte	.LASF18
 575 00cb 03       		.byte	0x3
 576 00cc 6E01     		.2byte	0x16e
 577 00ce D2000000 		.4byte	0xd2
 578 00d2 07       		.uleb128 0x7
 579 00d3 9C000000 		.4byte	0x9c
 580 00d7 08       		.uleb128 0x8
 581 00d8 79000000 		.4byte	.LASF19
 582 00dc 01       		.byte	0x1
 583 00dd 3A       		.byte	0x3a
 584 00de 00000000 		.4byte	.LFB2
 585 00e2 1E000000 		.4byte	.LFE2-.LFB2
 586 00e6 01       		.uleb128 0x1
 587 00e7 9C       		.byte	0x9c
 588 00e8 05010000 		.4byte	0x105
 589 00ec 09       		.uleb128 0x9
 590 00ed 7300     		.ascii	"s\000"
 591 00ef 01       		.byte	0x1
 592 00f0 3A       		.byte	0x3a
 593 00f1 7D000000 		.4byte	0x7d
 594 00f5 02       		.uleb128 0x2
 595 00f6 91       		.byte	0x91
 596 00f7 74       		.sleb128 -12
 597 00f8 09       		.uleb128 0x9
 598 00f9 6E00     		.ascii	"n\000"
 599 00fb 01       		.byte	0x1
 600 00fc 3A       		.byte	0x3a
 601 00fd 2C000000 		.4byte	0x2c
 602 0101 02       		.uleb128 0x2
 603 0102 91       		.byte	0x91
 604 0103 70       		.sleb128 -16
 605 0104 00       		.byte	0
 606 0105 08       		.uleb128 0x8
 607 0106 3B020000 		.4byte	.LASF20
 608 010a 01       		.byte	0x1
 609 010b 41       		.byte	0x41
 610 010c 00000000 		.4byte	.LFB3
 611 0110 22000000 		.4byte	.LFE3-.LFB3
 612 0114 01       		.uleb128 0x1
 613 0115 9C       		.byte	0x9c
ARM GAS  C:\Users\YBOURA~1\AppData\Local\Temp\ccGZLw5A.s 			page 17


 614 0116 43010000 		.4byte	0x143
 615 011a 0A       		.uleb128 0xa
 616 011b 52000000 		.4byte	.LASF21
 617 011f 01       		.byte	0x1
 618 0120 41       		.byte	0x41
 619 0121 7D000000 		.4byte	0x7d
 620 0125 02       		.uleb128 0x2
 621 0126 91       		.byte	0x91
 622 0127 74       		.sleb128 -12
 623 0128 09       		.uleb128 0x9
 624 0129 73726300 		.ascii	"src\000"
 625 012d 01       		.byte	0x1
 626 012e 41       		.byte	0x41
 627 012f 43010000 		.4byte	0x143
 628 0133 02       		.uleb128 0x2
 629 0134 91       		.byte	0x91
 630 0135 70       		.sleb128 -16
 631 0136 09       		.uleb128 0x9
 632 0137 6E00     		.ascii	"n\000"
 633 0139 01       		.byte	0x1
 634 013a 41       		.byte	0x41
 635 013b 2C000000 		.4byte	0x2c
 636 013f 02       		.uleb128 0x2
 637 0140 91       		.byte	0x91
 638 0141 6C       		.sleb128 -20
 639 0142 00       		.byte	0
 640 0143 0B       		.uleb128 0xb
 641 0144 04       		.byte	0x4
 642 0145 49010000 		.4byte	0x149
 643 0149 0C       		.uleb128 0xc
 644 014a 08       		.uleb128 0x8
 645 014b 2B020000 		.4byte	.LASF22
 646 014f 01       		.byte	0x1
 647 0150 48       		.byte	0x48
 648 0151 00000000 		.4byte	.LFB4
 649 0155 22000000 		.4byte	.LFE4-.LFB4
 650 0159 01       		.uleb128 0x1
 651 015a 9C       		.byte	0x9c
 652 015b 88010000 		.4byte	0x188
 653 015f 0A       		.uleb128 0xa
 654 0160 52000000 		.4byte	.LASF21
 655 0164 01       		.byte	0x1
 656 0165 48       		.byte	0x48
 657 0166 7D000000 		.4byte	0x7d
 658 016a 02       		.uleb128 0x2
 659 016b 91       		.byte	0x91
 660 016c 74       		.sleb128 -12
 661 016d 09       		.uleb128 0x9
 662 016e 73726300 		.ascii	"src\000"
 663 0172 01       		.byte	0x1
 664 0173 48       		.byte	0x48
 665 0174 43010000 		.4byte	0x143
 666 0178 02       		.uleb128 0x2
 667 0179 91       		.byte	0x91
 668 017a 70       		.sleb128 -16
 669 017b 09       		.uleb128 0x9
 670 017c 6E00     		.ascii	"n\000"
ARM GAS  C:\Users\YBOURA~1\AppData\Local\Temp\ccGZLw5A.s 			page 18


 671 017e 01       		.byte	0x1
 672 017f 48       		.byte	0x48
 673 0180 2C000000 		.4byte	0x2c
 674 0184 02       		.uleb128 0x2
 675 0185 91       		.byte	0x91
 676 0186 6C       		.sleb128 -20
 677 0187 00       		.byte	0
 678 0188 0D       		.uleb128 0xd
 679 0189 2E000000 		.4byte	.LASF23
 680 018d 01       		.byte	0x1
 681 018e 8F       		.byte	0x8f
 682 018f 00000000 		.4byte	.LFB5
 683 0193 D0000000 		.4byte	.LFE5-.LFB5
 684 0197 01       		.uleb128 0x1
 685 0198 9C       		.byte	0x9c
 686 0199 0E       		.uleb128 0xe
 687 019a 0D000000 		.4byte	.LASF24
 688 019e 01       		.byte	0x1
 689 019f D0       		.byte	0xd0
 690 01a0 00000000 		.4byte	.LFB6
 691 01a4 28000000 		.4byte	.LFE6-.LFB6
 692 01a8 01       		.uleb128 0x1
 693 01a9 9C       		.byte	0x9c
 694 01aa 0F       		.uleb128 0xf
 695 01ab E6000000 		.4byte	.LASF32
 696 01af 01       		.byte	0x1
 697 01b0 EB       		.byte	0xeb
 698 01b1 D0000000 		.4byte	.LFB7
 699 01b5 18010000 		.4byte	.LFE7-.LFB7
 700 01b9 01       		.uleb128 0x1
 701 01ba 9C       		.byte	0x9c
 702 01bb 10       		.uleb128 0x10
 703 01bc DE000000 		.4byte	.LBB2
 704 01c0 AE000000 		.4byte	.LBE2-.LBB2
 705 01c4 11       		.uleb128 0x11
 706 01c5 06       		.byte	0x6
 707 01c6 01       		.byte	0x1
 708 01c7 F4       		.byte	0xf4
 709 01c8 E5010000 		.4byte	0x1e5
 710 01cc 12       		.uleb128 0x12
 711 01cd 9C010000 		.4byte	.LASF25
 712 01d1 01       		.byte	0x1
 713 01d2 F5       		.byte	0xf5
 714 01d3 7D000000 		.4byte	0x7d
 715 01d7 00       		.byte	0
 716 01d8 12       		.uleb128 0x12
 717 01d9 57000000 		.4byte	.LASF26
 718 01dd 01       		.byte	0x1
 719 01de F6       		.byte	0xf6
 720 01df 91000000 		.4byte	0x91
 721 01e3 04       		.byte	0x4
 722 01e4 00       		.byte	0
 723 01e5 03       		.uleb128 0x3
 724 01e6 BB010000 		.4byte	.LASF27
 725 01ea 01       		.byte	0x1
 726 01eb F7       		.byte	0xf7
 727 01ec C4010000 		.4byte	0x1c4
ARM GAS  C:\Users\YBOURA~1\AppData\Local\Temp\ccGZLw5A.s 			page 19


 728 01f0 13       		.uleb128 0x13
 729 01f1 E5010000 		.4byte	0x1e5
 730 01f5 00020000 		.4byte	0x200
 731 01f9 14       		.uleb128 0x14
 732 01fa 76000000 		.4byte	0x76
 733 01fe 01       		.byte	0x1
 734 01ff 00       		.byte	0
 735 0200 15       		.uleb128 0x15
 736 0201 1E000000 		.4byte	.LASF28
 737 0205 01       		.byte	0x1
 738 0206 F9       		.byte	0xf9
 739 0207 11020000 		.4byte	0x211
 740 020b 05       		.uleb128 0x5
 741 020c 03       		.byte	0x3
 742 020d 00000000 		.4byte	cfg_memset_list.4742
 743 0211 16       		.uleb128 0x16
 744 0212 F0010000 		.4byte	0x1f0
 745 0216 17       		.uleb128 0x17
 746 0217 6900     		.ascii	"i\000"
 747 0219 01       		.byte	0x1
 748 021a FF       		.byte	0xff
 749 021b 86000000 		.4byte	0x86
 750 021f 02       		.uleb128 0x2
 751 0220 91       		.byte	0x91
 752 0221 77       		.sleb128 -9
 753 0222 10       		.uleb128 0x10
 754 0223 E6000000 		.4byte	.LBB3
 755 0227 3E000000 		.4byte	.LBE3-.LBB3
 756 022b 18       		.uleb128 0x18
 757 022c 6D7300   		.ascii	"ms\000"
 758 022f 01       		.byte	0x1
 759 0230 0401     		.2byte	0x104
 760 0232 39020000 		.4byte	0x239
 761 0236 02       		.uleb128 0x2
 762 0237 91       		.byte	0x91
 763 0238 70       		.sleb128 -16
 764 0239 0B       		.uleb128 0xb
 765 023a 04       		.byte	0x4
 766 023b 3F020000 		.4byte	0x23f
 767 023f 16       		.uleb128 0x16
 768 0240 E5010000 		.4byte	0x1e5
 769 0244 00       		.byte	0
 770 0245 00       		.byte	0
 771 0246 00       		.byte	0
 772 0247 00       		.byte	0
 773              		.section	.debug_abbrev,"",%progbits
 774              	.Ldebug_abbrev0:
 775 0000 01       		.uleb128 0x1
 776 0001 11       		.uleb128 0x11
 777 0002 01       		.byte	0x1
 778 0003 25       		.uleb128 0x25
 779 0004 0E       		.uleb128 0xe
 780 0005 13       		.uleb128 0x13
 781 0006 0B       		.uleb128 0xb
 782 0007 03       		.uleb128 0x3
 783 0008 0E       		.uleb128 0xe
 784 0009 1B       		.uleb128 0x1b
ARM GAS  C:\Users\YBOURA~1\AppData\Local\Temp\ccGZLw5A.s 			page 20


 785 000a 0E       		.uleb128 0xe
 786 000b 55       		.uleb128 0x55
 787 000c 17       		.uleb128 0x17
 788 000d 11       		.uleb128 0x11
 789 000e 01       		.uleb128 0x1
 790 000f 10       		.uleb128 0x10
 791 0010 17       		.uleb128 0x17
 792 0011 00       		.byte	0
 793 0012 00       		.byte	0
 794 0013 02       		.uleb128 0x2
 795 0014 24       		.uleb128 0x24
 796 0015 00       		.byte	0
 797 0016 0B       		.uleb128 0xb
 798 0017 0B       		.uleb128 0xb
 799 0018 3E       		.uleb128 0x3e
 800 0019 0B       		.uleb128 0xb
 801 001a 03       		.uleb128 0x3
 802 001b 08       		.uleb128 0x8
 803 001c 00       		.byte	0
 804 001d 00       		.byte	0
 805 001e 03       		.uleb128 0x3
 806 001f 16       		.uleb128 0x16
 807 0020 00       		.byte	0
 808 0021 03       		.uleb128 0x3
 809 0022 0E       		.uleb128 0xe
 810 0023 3A       		.uleb128 0x3a
 811 0024 0B       		.uleb128 0xb
 812 0025 3B       		.uleb128 0x3b
 813 0026 0B       		.uleb128 0xb
 814 0027 49       		.uleb128 0x49
 815 0028 13       		.uleb128 0x13
 816 0029 00       		.byte	0
 817 002a 00       		.byte	0
 818 002b 04       		.uleb128 0x4
 819 002c 24       		.uleb128 0x24
 820 002d 00       		.byte	0
 821 002e 0B       		.uleb128 0xb
 822 002f 0B       		.uleb128 0xb
 823 0030 3E       		.uleb128 0x3e
 824 0031 0B       		.uleb128 0xb
 825 0032 03       		.uleb128 0x3
 826 0033 0E       		.uleb128 0xe
 827 0034 00       		.byte	0
 828 0035 00       		.byte	0
 829 0036 05       		.uleb128 0x5
 830 0037 0F       		.uleb128 0xf
 831 0038 00       		.byte	0
 832 0039 0B       		.uleb128 0xb
 833 003a 0B       		.uleb128 0xb
 834 003b 00       		.byte	0
 835 003c 00       		.byte	0
 836 003d 06       		.uleb128 0x6
 837 003e 16       		.uleb128 0x16
 838 003f 00       		.byte	0
 839 0040 03       		.uleb128 0x3
 840 0041 0E       		.uleb128 0xe
 841 0042 3A       		.uleb128 0x3a
ARM GAS  C:\Users\YBOURA~1\AppData\Local\Temp\ccGZLw5A.s 			page 21


 842 0043 0B       		.uleb128 0xb
 843 0044 3B       		.uleb128 0x3b
 844 0045 05       		.uleb128 0x5
 845 0046 49       		.uleb128 0x49
 846 0047 13       		.uleb128 0x13
 847 0048 00       		.byte	0
 848 0049 00       		.byte	0
 849 004a 07       		.uleb128 0x7
 850 004b 35       		.uleb128 0x35
 851 004c 00       		.byte	0
 852 004d 49       		.uleb128 0x49
 853 004e 13       		.uleb128 0x13
 854 004f 00       		.byte	0
 855 0050 00       		.byte	0
 856 0051 08       		.uleb128 0x8
 857 0052 2E       		.uleb128 0x2e
 858 0053 01       		.byte	0x1
 859 0054 03       		.uleb128 0x3
 860 0055 0E       		.uleb128 0xe
 861 0056 3A       		.uleb128 0x3a
 862 0057 0B       		.uleb128 0xb
 863 0058 3B       		.uleb128 0x3b
 864 0059 0B       		.uleb128 0xb
 865 005a 27       		.uleb128 0x27
 866 005b 19       		.uleb128 0x19
 867 005c 11       		.uleb128 0x11
 868 005d 01       		.uleb128 0x1
 869 005e 12       		.uleb128 0x12
 870 005f 06       		.uleb128 0x6
 871 0060 40       		.uleb128 0x40
 872 0061 18       		.uleb128 0x18
 873 0062 9642     		.uleb128 0x2116
 874 0064 19       		.uleb128 0x19
 875 0065 01       		.uleb128 0x1
 876 0066 13       		.uleb128 0x13
 877 0067 00       		.byte	0
 878 0068 00       		.byte	0
 879 0069 09       		.uleb128 0x9
 880 006a 05       		.uleb128 0x5
 881 006b 00       		.byte	0
 882 006c 03       		.uleb128 0x3
 883 006d 08       		.uleb128 0x8
 884 006e 3A       		.uleb128 0x3a
 885 006f 0B       		.uleb128 0xb
 886 0070 3B       		.uleb128 0x3b
 887 0071 0B       		.uleb128 0xb
 888 0072 49       		.uleb128 0x49
 889 0073 13       		.uleb128 0x13
 890 0074 02       		.uleb128 0x2
 891 0075 18       		.uleb128 0x18
 892 0076 00       		.byte	0
 893 0077 00       		.byte	0
 894 0078 0A       		.uleb128 0xa
 895 0079 05       		.uleb128 0x5
 896 007a 00       		.byte	0
 897 007b 03       		.uleb128 0x3
 898 007c 0E       		.uleb128 0xe
ARM GAS  C:\Users\YBOURA~1\AppData\Local\Temp\ccGZLw5A.s 			page 22


 899 007d 3A       		.uleb128 0x3a
 900 007e 0B       		.uleb128 0xb
 901 007f 3B       		.uleb128 0x3b
 902 0080 0B       		.uleb128 0xb
 903 0081 49       		.uleb128 0x49
 904 0082 13       		.uleb128 0x13
 905 0083 02       		.uleb128 0x2
 906 0084 18       		.uleb128 0x18
 907 0085 00       		.byte	0
 908 0086 00       		.byte	0
 909 0087 0B       		.uleb128 0xb
 910 0088 0F       		.uleb128 0xf
 911 0089 00       		.byte	0
 912 008a 0B       		.uleb128 0xb
 913 008b 0B       		.uleb128 0xb
 914 008c 49       		.uleb128 0x49
 915 008d 13       		.uleb128 0x13
 916 008e 00       		.byte	0
 917 008f 00       		.byte	0
 918 0090 0C       		.uleb128 0xc
 919 0091 26       		.uleb128 0x26
 920 0092 00       		.byte	0
 921 0093 00       		.byte	0
 922 0094 00       		.byte	0
 923 0095 0D       		.uleb128 0xd
 924 0096 2E       		.uleb128 0x2e
 925 0097 00       		.byte	0
 926 0098 03       		.uleb128 0x3
 927 0099 0E       		.uleb128 0xe
 928 009a 3A       		.uleb128 0x3a
 929 009b 0B       		.uleb128 0xb
 930 009c 3B       		.uleb128 0x3b
 931 009d 0B       		.uleb128 0xb
 932 009e 27       		.uleb128 0x27
 933 009f 19       		.uleb128 0x19
 934 00a0 11       		.uleb128 0x11
 935 00a1 01       		.uleb128 0x1
 936 00a2 12       		.uleb128 0x12
 937 00a3 06       		.uleb128 0x6
 938 00a4 40       		.uleb128 0x40
 939 00a5 18       		.uleb128 0x18
 940 00a6 9642     		.uleb128 0x2116
 941 00a8 19       		.uleb128 0x19
 942 00a9 00       		.byte	0
 943 00aa 00       		.byte	0
 944 00ab 0E       		.uleb128 0xe
 945 00ac 2E       		.uleb128 0x2e
 946 00ad 00       		.byte	0
 947 00ae 03       		.uleb128 0x3
 948 00af 0E       		.uleb128 0xe
 949 00b0 3A       		.uleb128 0x3a
 950 00b1 0B       		.uleb128 0xb
 951 00b2 3B       		.uleb128 0x3b
 952 00b3 0B       		.uleb128 0xb
 953 00b4 27       		.uleb128 0x27
 954 00b5 19       		.uleb128 0x19
 955 00b6 11       		.uleb128 0x11
ARM GAS  C:\Users\YBOURA~1\AppData\Local\Temp\ccGZLw5A.s 			page 23


 956 00b7 01       		.uleb128 0x1
 957 00b8 12       		.uleb128 0x12
 958 00b9 06       		.uleb128 0x6
 959 00ba 40       		.uleb128 0x40
 960 00bb 18       		.uleb128 0x18
 961 00bc 9742     		.uleb128 0x2117
 962 00be 19       		.uleb128 0x19
 963 00bf 00       		.byte	0
 964 00c0 00       		.byte	0
 965 00c1 0F       		.uleb128 0xf
 966 00c2 2E       		.uleb128 0x2e
 967 00c3 01       		.byte	0x1
 968 00c4 3F       		.uleb128 0x3f
 969 00c5 19       		.uleb128 0x19
 970 00c6 03       		.uleb128 0x3
 971 00c7 0E       		.uleb128 0xe
 972 00c8 3A       		.uleb128 0x3a
 973 00c9 0B       		.uleb128 0xb
 974 00ca 3B       		.uleb128 0x3b
 975 00cb 0B       		.uleb128 0xb
 976 00cc 27       		.uleb128 0x27
 977 00cd 19       		.uleb128 0x19
 978 00ce 11       		.uleb128 0x11
 979 00cf 01       		.uleb128 0x1
 980 00d0 12       		.uleb128 0x12
 981 00d1 06       		.uleb128 0x6
 982 00d2 40       		.uleb128 0x40
 983 00d3 18       		.uleb128 0x18
 984 00d4 9642     		.uleb128 0x2116
 985 00d6 19       		.uleb128 0x19
 986 00d7 00       		.byte	0
 987 00d8 00       		.byte	0
 988 00d9 10       		.uleb128 0x10
 989 00da 0B       		.uleb128 0xb
 990 00db 01       		.byte	0x1
 991 00dc 11       		.uleb128 0x11
 992 00dd 01       		.uleb128 0x1
 993 00de 12       		.uleb128 0x12
 994 00df 06       		.uleb128 0x6
 995 00e0 00       		.byte	0
 996 00e1 00       		.byte	0
 997 00e2 11       		.uleb128 0x11
 998 00e3 13       		.uleb128 0x13
 999 00e4 01       		.byte	0x1
 1000 00e5 0B       		.uleb128 0xb
 1001 00e6 0B       		.uleb128 0xb
 1002 00e7 3A       		.uleb128 0x3a
 1003 00e8 0B       		.uleb128 0xb
 1004 00e9 3B       		.uleb128 0x3b
 1005 00ea 0B       		.uleb128 0xb
 1006 00eb 01       		.uleb128 0x1
 1007 00ec 13       		.uleb128 0x13
 1008 00ed 00       		.byte	0
 1009 00ee 00       		.byte	0
 1010 00ef 12       		.uleb128 0x12
 1011 00f0 0D       		.uleb128 0xd
 1012 00f1 00       		.byte	0
ARM GAS  C:\Users\YBOURA~1\AppData\Local\Temp\ccGZLw5A.s 			page 24


 1013 00f2 03       		.uleb128 0x3
 1014 00f3 0E       		.uleb128 0xe
 1015 00f4 3A       		.uleb128 0x3a
 1016 00f5 0B       		.uleb128 0xb
 1017 00f6 3B       		.uleb128 0x3b
 1018 00f7 0B       		.uleb128 0xb
 1019 00f8 49       		.uleb128 0x49
 1020 00f9 13       		.uleb128 0x13
 1021 00fa 38       		.uleb128 0x38
 1022 00fb 0B       		.uleb128 0xb
 1023 00fc 00       		.byte	0
 1024 00fd 00       		.byte	0
 1025 00fe 13       		.uleb128 0x13
 1026 00ff 01       		.uleb128 0x1
 1027 0100 01       		.byte	0x1
 1028 0101 49       		.uleb128 0x49
 1029 0102 13       		.uleb128 0x13
 1030 0103 01       		.uleb128 0x1
 1031 0104 13       		.uleb128 0x13
 1032 0105 00       		.byte	0
 1033 0106 00       		.byte	0
 1034 0107 14       		.uleb128 0x14
 1035 0108 21       		.uleb128 0x21
 1036 0109 00       		.byte	0
 1037 010a 49       		.uleb128 0x49
 1038 010b 13       		.uleb128 0x13
 1039 010c 2F       		.uleb128 0x2f
 1040 010d 0B       		.uleb128 0xb
 1041 010e 00       		.byte	0
 1042 010f 00       		.byte	0
 1043 0110 15       		.uleb128 0x15
 1044 0111 34       		.uleb128 0x34
 1045 0112 00       		.byte	0
 1046 0113 03       		.uleb128 0x3
 1047 0114 0E       		.uleb128 0xe
 1048 0115 3A       		.uleb128 0x3a
 1049 0116 0B       		.uleb128 0xb
 1050 0117 3B       		.uleb128 0x3b
 1051 0118 0B       		.uleb128 0xb
 1052 0119 49       		.uleb128 0x49
 1053 011a 13       		.uleb128 0x13
 1054 011b 02       		.uleb128 0x2
 1055 011c 18       		.uleb128 0x18
 1056 011d 00       		.byte	0
 1057 011e 00       		.byte	0
 1058 011f 16       		.uleb128 0x16
 1059 0120 26       		.uleb128 0x26
 1060 0121 00       		.byte	0
 1061 0122 49       		.uleb128 0x49
 1062 0123 13       		.uleb128 0x13
 1063 0124 00       		.byte	0
 1064 0125 00       		.byte	0
 1065 0126 17       		.uleb128 0x17
 1066 0127 34       		.uleb128 0x34
 1067 0128 00       		.byte	0
 1068 0129 03       		.uleb128 0x3
 1069 012a 08       		.uleb128 0x8
ARM GAS  C:\Users\YBOURA~1\AppData\Local\Temp\ccGZLw5A.s 			page 25


 1070 012b 3A       		.uleb128 0x3a
 1071 012c 0B       		.uleb128 0xb
 1072 012d 3B       		.uleb128 0x3b
 1073 012e 0B       		.uleb128 0xb
 1074 012f 49       		.uleb128 0x49
 1075 0130 13       		.uleb128 0x13
 1076 0131 02       		.uleb128 0x2
 1077 0132 18       		.uleb128 0x18
 1078 0133 00       		.byte	0
 1079 0134 00       		.byte	0
 1080 0135 18       		.uleb128 0x18
 1081 0136 34       		.uleb128 0x34
 1082 0137 00       		.byte	0
 1083 0138 03       		.uleb128 0x3
 1084 0139 08       		.uleb128 0x8
 1085 013a 3A       		.uleb128 0x3a
 1086 013b 0B       		.uleb128 0xb
 1087 013c 3B       		.uleb128 0x3b
 1088 013d 05       		.uleb128 0x5
 1089 013e 49       		.uleb128 0x49
 1090 013f 13       		.uleb128 0x13
 1091 0140 02       		.uleb128 0x2
 1092 0141 18       		.uleb128 0x18
 1093 0142 00       		.byte	0
 1094 0143 00       		.byte	0
 1095 0144 00       		.byte	0
 1096              		.section	.debug_aranges,"",%progbits
 1097 0000 44000000 		.4byte	0x44
 1098 0004 0200     		.2byte	0x2
 1099 0006 00000000 		.4byte	.Ldebug_info0
 1100 000a 04       		.byte	0x4
 1101 000b 00       		.byte	0
 1102 000c 0000     		.2byte	0
 1103 000e 0000     		.2byte	0
 1104 0010 00000000 		.4byte	.LFB2
 1105 0014 1E000000 		.4byte	.LFE2-.LFB2
 1106 0018 00000000 		.4byte	.LFB3
 1107 001c 22000000 		.4byte	.LFE3-.LFB3
 1108 0020 00000000 		.4byte	.LFB4
 1109 0024 22000000 		.4byte	.LFE4-.LFB4
 1110 0028 00000000 		.4byte	.LFB5
 1111 002c D0000000 		.4byte	.LFE5-.LFB5
 1112 0030 00000000 		.4byte	.LFB6
 1113 0034 28000000 		.4byte	.LFE6-.LFB6
 1114 0038 D0000000 		.4byte	.LFB7
 1115 003c 18010000 		.4byte	.LFE7-.LFB7
 1116 0040 00000000 		.4byte	0
 1117 0044 00000000 		.4byte	0
 1118              		.section	.debug_ranges,"",%progbits
 1119              	.Ldebug_ranges0:
 1120 0000 00000000 		.4byte	.LFB2
 1121 0004 1E000000 		.4byte	.LFE2
 1122 0008 00000000 		.4byte	.LFB3
 1123 000c 22000000 		.4byte	.LFE3
 1124 0010 00000000 		.4byte	.LFB4
 1125 0014 22000000 		.4byte	.LFE4
 1126 0018 00000000 		.4byte	.LFB5
ARM GAS  C:\Users\YBOURA~1\AppData\Local\Temp\ccGZLw5A.s 			page 26


 1127 001c D0000000 		.4byte	.LFE5
 1128 0020 00000000 		.4byte	.LFB6
 1129 0024 28000000 		.4byte	.LFE6
 1130 0028 D0000000 		.4byte	.LFB7
 1131 002c E8010000 		.4byte	.LFE7
 1132 0030 00000000 		.4byte	0
 1133 0034 00000000 		.4byte	0
 1134              		.section	.debug_line,"",%progbits
 1135              	.Ldebug_line0:
 1136 0000 6E010000 		.section	.debug_str,"MS",%progbits,1
 1136      0200CD00 
 1136      00000201 
 1136      FB0E0D00 
 1136      01010101 
 1137              	.LASF18:
 1138 0000 72656733 		.ascii	"reg32\000"
 1138      3200
 1139              	.LASF11:
 1140 0006 73697A65 		.ascii	"size_t\000"
 1140      5F7400
 1141              	.LASF24:
 1142 000d 416E616C 		.ascii	"AnalogSetDefault\000"
 1142      6F675365 
 1142      74446566 
 1142      61756C74 
 1142      00
 1143              	.LASF28:
 1144 001e 6366675F 		.ascii	"cfg_memset_list\000"
 1144      6D656D73 
 1144      65745F6C 
 1144      69737400 
 1145              	.LASF23:
 1146 002e 436C6F63 		.ascii	"ClockSetup\000"
 1146      6B536574 
 1146      757000
 1147              	.LASF4:
 1148 0039 73686F72 		.ascii	"short unsigned int\000"
 1148      7420756E 
 1148      7369676E 
 1148      65642069 
 1148      6E7400
 1149              	.LASF15:
 1150 004c 666C6F61 		.ascii	"float\000"
 1150      7400
 1151              	.LASF21:
 1152 0052 64657374 		.ascii	"dest\000"
 1152      00
 1153              	.LASF26:
 1154 0057 73697A65 		.ascii	"size\000"
 1154      00
 1155              	.LASF17:
 1156 005c 72656738 		.ascii	"reg8\000"
 1156      00
 1157              	.LASF6:
 1158 0061 6C6F6E67 		.ascii	"long unsigned int\000"
 1158      20756E73 
 1158      69676E65 
ARM GAS  C:\Users\YBOURA~1\AppData\Local\Temp\ccGZLw5A.s 			page 27


 1158      6420696E 
 1158      7400
 1159              	.LASF12:
 1160 0073 75696E74 		.ascii	"uint8\000"
 1160      3800
 1161              	.LASF19:
 1162 0079 43594D45 		.ascii	"CYMEMZERO\000"
 1162      4D5A4552 
 1162      4F00
 1163              	.LASF2:
 1164 0083 756E7369 		.ascii	"unsigned char\000"
 1164      676E6564 
 1164      20636861 
 1164      7200
 1165              	.LASF16:
 1166 0091 646F7562 		.ascii	"double\000"
 1166      6C6500
 1167              	.LASF31:
 1168 0098 433A5C55 		.ascii	"C:\\Users\\ybourassa\\Documents\\GitHub\\PROC-OBSER"
 1168      73657273 
 1168      5C79626F 
 1168      75726173 
 1168      73615C44 
 1169 00c6 5645522D 		.ascii	"VER-BLE\\YAB Observer PRoC.cydsn\000"
 1169      424C455C 
 1169      59414220 
 1169      4F627365 
 1169      72766572 
 1170              	.LASF32:
 1171 00e6 63796669 		.ascii	"cyfitter_cfg\000"
 1171      74746572 
 1171      5F636667 
 1171      00
 1172              	.LASF29:
 1173 00f3 474E5520 		.ascii	"GNU C 4.9.3 20150303 (release) [ARM/embedded-4_9-br"
 1173      4320342E 
 1173      392E3320 
 1173      32303135 
 1173      30333033 
 1174 0126 616E6368 		.ascii	"anch revision 221220] -mcpu=cortex-m0 -mthumb -g -O"
 1174      20726576 
 1174      6973696F 
 1174      6E203232 
 1174      31323230 
 1175 0159 30202D66 		.ascii	"0 -ffunction-sections -ffat-lto-objects\000"
 1175      66756E63 
 1175      74696F6E 
 1175      2D736563 
 1175      74696F6E 
 1176              	.LASF13:
 1177 0181 75696E74 		.ascii	"uint16\000"
 1177      313600
 1178              	.LASF14:
 1179 0188 75696E74 		.ascii	"uint32\000"
 1179      333200
 1180              	.LASF0:
 1181 018f 756E7369 		.ascii	"unsigned int\000"
ARM GAS  C:\Users\YBOURA~1\AppData\Local\Temp\ccGZLw5A.s 			page 28


 1181      676E6564 
 1181      20696E74 
 1181      00
 1182              	.LASF25:
 1183 019c 61646472 		.ascii	"address\000"
 1183      65737300 
 1184              	.LASF8:
 1185 01a4 6C6F6E67 		.ascii	"long long unsigned int\000"
 1185      206C6F6E 
 1185      6720756E 
 1185      7369676E 
 1185      65642069 
 1186              	.LASF27:
 1187 01bb 6366675F 		.ascii	"cfg_memset_t\000"
 1187      6D656D73 
 1187      65745F74 
 1187      00
 1188              	.LASF30:
 1189 01c8 2E5C4765 		.ascii	".\\Generated_Source\\PSoC4\\cyfitter_cfg.c\000"
 1189      6E657261 
 1189      7465645F 
 1189      536F7572 
 1189      63655C50 
 1190              	.LASF9:
 1191 01f0 73697A65 		.ascii	"sizetype\000"
 1191      74797065 
 1191      00
 1192              	.LASF7:
 1193 01f9 6C6F6E67 		.ascii	"long long int\000"
 1193      206C6F6E 
 1193      6720696E 
 1193      7400
 1194              	.LASF10:
 1195 0207 63686172 		.ascii	"char\000"
 1195      00
 1196              	.LASF3:
 1197 020c 73686F72 		.ascii	"short int\000"
 1197      7420696E 
 1197      7400
 1198              	.LASF5:
 1199 0216 6C6F6E67 		.ascii	"long int\000"
 1199      20696E74 
 1199      00
 1200              	.LASF1:
 1201 021f 7369676E 		.ascii	"signed char\000"
 1201      65642063 
 1201      68617200 
 1202              	.LASF22:
 1203 022b 4359434F 		.ascii	"CYCONFIGCPYCODE\000"
 1203      4E464947 
 1203      43505943 
 1203      4F444500 
 1204              	.LASF20:
 1205 023b 4359434F 		.ascii	"CYCONFIGCPY\000"
 1205      4E464947 
 1205      43505900 
 1206              		.ident	"GCC: (GNU Tools for ARM Embedded Processors) 4.9.3 20150303 (release) [ARM/embedded-4_9-br
ARM GAS  C:\Users\YBOURA~1\AppData\Local\Temp\ccGZLw5A.s 			page 29


